/workspace/sam3/seniT/masked_frames_chessboard/frame_0000.jpg: RANSAC failed to find grid pattern (Time: 2.2632s)
/workspace/sam3/seniT/masked_frames_chessboard/frame_0001.jpg: Insufficient structured lines (A: 3, B: 1) (Time: 0.0095s)
/workspace/sam3/seniT/masked_frames_chessboard/frame_0002.jpg: Insufficient structured lines (A: 3, B: 0) (Time: 0.0060s)
/workspace/sam3/seniT/masked_frames_chessboard/frame_0003.jpg: RANSAC failed to find grid pattern (Time: 0.3847s)
/workspace/sam3/seniT/masked_frames_chessboard/frame_0008.jpg: RANSAC failed to find grid pattern (Time: 0.2324s)
/workspace/sam3/seniT/masked_frames_chessboard/frame_0009.jpg: RANSAC failed to find grid pattern (Time: 0.2637s)
/workspace/sam3/seniT/masked_frames_chessboard/frame_0010.jpg: RANSAC failed to find grid pattern (Time: 0.3288s)
/workspace/sam3/seniT/masked_frames_chessboard/frame_0011.jpg: RANSAC failed to find grid pattern (Time: 0.2567s)
/workspace/sam3/seniT/masked_frames_chessboard/frame_0012.jpg: RANSAC failed to find grid pattern (Time: 0.3433s)
/workspace/sam3/seniT/masked_frames_chessboard/frame_0013.jpg: RANSAC failed to find grid pattern (Time: 0.4344s)
/workspace/sam3/seniT/masked_frames_chessboard/frame_0014.jpg: RANSAC failed to find grid pattern (Time: 0.4102s)
/workspace/sam3/seniT/masked_frames_chessboard/frame_0015.jpg: RANSAC failed to find grid pattern (Time: 0.5083s)
/workspace/sam3/seniT/masked_frames_chessboard/frame_0016.jpg: RANSAC failed to find grid pattern (Time: 0.2874s)
/workspace/sam3/seniT/masked_frames_chessboard/frame_0017.jpg: RANSAC failed to find grid pattern (Time: 0.4503s)
/workspace/sam3/seniT/masked_frames_chessboard/frame_0018.jpg: RANSAC failed to find grid pattern (Time: 0.4383s)
/workspace/sam3/seniT/masked_frames_chessboard/frame_0019.jpg: RANSAC failed to find grid pattern (Time: 0.3697s)
/workspace/sam3/seniT/masked_frames_chessboard/frame_0020.jpg: Exception: 'NoneType' object has no attribute 'sum' (Time: 0.0026s)
/workspace/sam3/seniT/masked_frames_chessboard/frame_0021.jpg: Exception: 'NoneType' object has no attribute 'sum' (Time: 0.0022s)
/workspace/sam3/seniT/masked_frames_chessboard/frame_0022.jpg: Exception: 'NoneType' object has no attribute 'sum' (Time: 0.0023s)
/workspace/sam3/seniT/masked_frames_chessboard/frame_0023.jpg: Exception: 'NoneType' object has no attribute 'sum' (Time: 0.0026s)
/workspace/sam3/seniT/masked_frames_chessboard/frame_0024.jpg: Exception: 'NoneType' object has no attribute 'sum' (Time: 0.0017s)
/workspace/sam3/seniT/masked_frames_chessboard/frame_0025.jpg: Insufficient structured lines (A: 0, B: 2) (Time: 0.0010s)
/workspace/sam3/seniT/masked_frames_chessboard/frame_0026.jpg: Insufficient structured lines (A: 1, B: 5) (Time: 0.0013s)
/workspace/sam3/seniT/masked_frames_chessboard/frame_0027.jpg: Insufficient structured lines (A: 1, B: 3) (Time: 0.0014s)
/workspace/sam3/seniT/masked_frames_chessboard/frame_0028.jpg: Insufficient structured lines (A: 0, B: 1) (Time: 0.0009s)
/workspace/sam3/seniT/masked_frames_chessboard/frame_0029.jpg: Insufficient structured lines (A: 0, B: 1) (Time: 0.0009s)
/workspace/sam3/seniT/masked_frames_chessboard/frame_0030.jpg: Insufficient structured lines (A: 0, B: 0) (Time: 0.0007s)
/workspace/sam3/seniT/masked_frames_chessboard/frame_0031.jpg: Insufficient structured lines (A: 0, B: 0) (Time: 0.0007s)
/workspace/sam3/seniT/masked_frames_chessboard/frame_0032.jpg: Insufficient structured lines (A: 0, B: 0) (Time: 0.0007s)
/workspace/sam3/seniT/masked_frames_chessboard/frame_0033.jpg: Insufficient structured lines (A: 0, B: 0) (Time: 0.0007s)
/workspace/sam3/seniT/masked_frames_chessboard/frame_0034.jpg: Insufficient structured lines (A: 0, B: 0) (Time: 0.0015s)
/workspace/sam3/seniT/masked_frames_chessboard/frame_0035.jpg: Insufficient structured lines (A: 0, B: 0) (Time: 0.0008s)
/workspace/sam3/seniT/masked_frames_chessboard/frame_0036.jpg: Insufficient structured lines (A: 0, B: 0) (Time: 0.0007s)
/workspace/sam3/seniT/masked_frames_chessboard/frame_0037.jpg: Insufficient structured lines (A: 0, B: 0) (Time: 0.0007s)
/workspace/sam3/seniT/masked_frames_chessboard/frame_0038.jpg: Insufficient structured lines (A: 0, B: 0) (Time: 0.0120s)
/workspace/sam3/seniT/masked_frames_chessboard/frame_0039.jpg: Insufficient structured lines (A: 0, B: 0) (Time: 0.0206s)
/workspace/sam3/seniT/masked_frames_chessboard/frame_0040.jpg: Insufficient structured lines (A: 0, B: 0) (Time: 0.0103s)
/workspace/sam3/seniT/masked_frames_chessboard/frame_0041.jpg: Insufficient structured lines (A: 0, B: 0) (Time: 0.0097s)
/workspace/sam3/seniT/masked_frames_chessboard/frame_0042.jpg: Insufficient structured lines (A: 0, B: 0) (Time: 0.0117s)
/workspace/sam3/seniT/masked_frames_chessboard/frame_0043.jpg: Insufficient structured lines (A: 0, B: 0) (Time: 0.0101s)
/workspace/sam3/seniT/masked_frames_chessboard/frame_0044.jpg: Insufficient structured lines (A: 0, B: 0) (Time: 0.0100s)
/workspace/sam3/seniT/masked_frames_chessboard/frame_0045.jpg: Insufficient structured lines (A: 0, B: 0) (Time: 0.0098s)
/workspace/sam3/seniT/masked_frames_chessboard/frame_0046.jpg: Insufficient structured lines (A: 0, B: 0) (Time: 0.0102s)
/workspace/sam3/seniT/masked_frames_chessboard/frame_0047.jpg: Insufficient structured lines (A: 0, B: 0) (Time: 0.0097s)
/workspace/sam3/seniT/masked_frames_chessboard/frame_0048.jpg: Insufficient structured lines (A: 0, B: 0) (Time: 0.0105s)
/workspace/sam3/seniT/masked_frames_chessboard/frame_0049.jpg: Insufficient structured lines (A: 0, B: 0) (Time: 0.0104s)
/workspace/sam3/seniT/masked_frames_chessboard/frame_0050.jpg: Insufficient structured lines (A: 0, B: 0) (Time: 0.0098s)
/workspace/sam3/seniT/masked_frames_chessboard/frame_0051.jpg: Insufficient structured lines (A: 0, B: 0) (Time: 0.0104s)
/workspace/sam3/seniT/masked_frames_chessboard/frame_0052.jpg: Insufficient structured lines (A: 0, B: 0) (Time: 0.0104s)
/workspace/sam3/seniT/masked_frames_chessboard/frame_0053.jpg: Insufficient structured lines (A: 0, B: 0) (Time: 0.0101s)
/workspace/sam3/seniT/masked_frames_chessboard/frame_0054.jpg: Insufficient structured lines (A: 0, B: 0) (Time: 0.0099s)
/workspace/sam3/seniT/masked_frames_chessboard/frame_0055.jpg: Insufficient structured lines (A: 0, B: 0) (Time: 0.0097s)
/workspace/sam3/seniT/masked_frames_chessboard/frame_0056.jpg: Insufficient structured lines (A: 0, B: 0) (Time: 0.0102s)
/workspace/sam3/seniT/masked_frames_chessboard/frame_0057.jpg: Insufficient structured lines (A: 0, B: 0) (Time: 0.0100s)
/workspace/sam3/seniT/masked_frames_chessboard/frame_0058.jpg: Insufficient structured lines (A: 0, B: 0) (Time: 0.0096s)
/workspace/sam3/seniT/masked_frames_chessboard/frame_0059.jpg: Insufficient structured lines (A: 0, B: 0) (Time: 0.0101s)
/workspace/sam3/seniT/masked_frames_chessboard/frame_0060.jpg: Insufficient structured lines (A: 0, B: 0) (Time: 0.0106s)
/workspace/sam3/seniT/masked_frames_chessboard/frame_0061.jpg: Insufficient structured lines (A: 0, B: 0) (Time: 0.0097s)
/workspace/sam3/seniT/masked_frames_chessboard/frame_0062.jpg: Insufficient structured lines (A: 0, B: 0) (Time: 0.0104s)
/workspace/sam3/seniT/masked_frames_chessboard/frame_0063.jpg: Insufficient structured lines (A: 0, B: 0) (Time: 0.0104s)
/workspace/sam3/seniT/masked_frames_chessboard/frame_0064.jpg: Insufficient structured lines (A: 0, B: 0) (Time: 0.0107s)
/workspace/sam3/seniT/masked_frames_chessboard/frame_0065.jpg: Insufficient structured lines (A: 0, B: 0) (Time: 0.0099s)
/workspace/sam3/seniT/masked_frames_chessboard/frame_0066.jpg: Insufficient structured lines (A: 0, B: 0) (Time: 0.0104s)
/workspace/sam3/seniT/masked_frames_chessboard/frame_0067.jpg: Insufficient structured lines (A: 0, B: 0) (Time: 0.0102s)
/workspace/sam3/seniT/masked_frames_chessboard/frame_0068.jpg: Insufficient structured lines (A: 0, B: 0) (Time: 0.0103s)
/workspace/sam3/seniT/masked_frames_chessboard/frame_0069.jpg: Insufficient structured lines (A: 0, B: 0) (Time: 0.0100s)
/workspace/sam3/seniT/masked_frames_chessboard/frame_0070.jpg: Insufficient structured lines (A: 0, B: 0) (Time: 0.0105s)
/workspace/sam3/seniT/masked_frames_chessboard/frame_0071.jpg: Insufficient structured lines (A: 0, B: 0) (Time: 0.0103s)
/workspace/sam3/seniT/masked_frames_chessboard/frame_0072.jpg: Insufficient structured lines (A: 0, B: 0) (Time: 0.0100s)
/workspace/sam3/seniT/masked_frames_chessboard/frame_0073.jpg: Insufficient structured lines (A: 0, B: 0) (Time: 0.0102s)
/workspace/sam3/seniT/masked_frames_chessboard/frame_0074.jpg: Insufficient structured lines (A: 0, B: 0) (Time: 0.0100s)
/workspace/sam3/seniT/masked_frames_chessboard/frame_0075.jpg: Insufficient structured lines (A: 0, B: 0) (Time: 0.0095s)
/workspace/sam3/seniT/masked_frames_chessboard/frame_0076.jpg: Insufficient structured lines (A: 0, B: 0) (Time: 0.0097s)
/workspace/sam3/seniT/masked_frames_chessboard/frame_0077.jpg: Insufficient structured lines (A: 0, B: 0) (Time: 0.0092s)
/workspace/sam3/seniT/masked_frames_chessboard/frame_0078.jpg: Insufficient structured lines (A: 0, B: 0) (Time: 0.0100s)
/workspace/sam3/seniT/masked_frames_chessboard/frame_0079.jpg: Insufficient structured lines (A: 0, B: 0) (Time: 0.0106s)
/workspace/sam3/seniT/masked_frames_chessboard/frame_0080.jpg: Insufficient structured lines (A: 0, B: 0) (Time: 0.0103s)
/workspace/sam3/seniT/masked_frames_chessboard/frame_0081.jpg: Insufficient structured lines (A: 0, B: 0) (Time: 0.0095s)
/workspace/sam3/seniT/masked_frames_chessboard/frame_0082.jpg: Insufficient structured lines (A: 0, B: 0) (Time: 0.0103s)
/workspace/sam3/seniT/masked_frames_chessboard/frame_0083.jpg: Insufficient structured lines (A: 0, B: 0) (Time: 0.0009s)
/workspace/sam3/seniT/masked_frames_chessboard/frame_0084.jpg: Exception: 'NoneType' object has no attribute 'sum' (Time: 0.0015s)
/workspace/sam3/seniT/masked_frames_chessboard/frame_0085.jpg: Insufficient structured lines (A: 5, B: 0) (Time: 0.0019s)
/workspace/sam3/seniT/masked_frames_chessboard/frame_0086.jpg: Exception: 'NoneType' object has no attribute 'sum' (Time: 0.0021s)
/workspace/sam3/seniT/masked_frames_chessboard/frame_0087.jpg: Exception: index 1 is out of bounds for axis 0 with size 1 (Time: 0.0058s)
/workspace/sam3/seniT/masked_frames_chessboard/frame_0088.jpg: Insufficient structured lines (A: 1, B: 4) (Time: 0.0048s)
/workspace/sam3/seniT/masked_frames_chessboard/frame_0089.jpg: Insufficient structured lines (A: 1, B: 3) (Time: 0.0057s)
/workspace/sam3/seniT/masked_frames_chessboard/frame_0090.jpg: Insufficient structured lines (A: 6, B: 1) (Time: 0.0061s)
/workspace/sam3/seniT/masked_frames_chessboard/frame_0091.jpg: RANSAC failed to find grid pattern (Time: 0.6366s)
/workspace/sam3/seniT/masked_frames_chessboard/frame_0092.jpg: Exception: index 1 is out of bounds for axis 0 with size 1 (Time: 0.0110s)
/workspace/sam3/seniT/masked_frames_chessboard/frame_0093.jpg: Exception: index 1 is out of bounds for axis 0 with size 1 (Time: 0.0097s)
/workspace/sam3/seniT/masked_frames_chessboard/frame_0094.jpg: Insufficient structured lines (A: 2, B: 1) (Time: 0.0098s)
/workspace/sam3/seniT/masked_frames_chessboard/frame_0095.jpg: Insufficient structured lines (A: 1, B: 7) (Time: 0.0104s)
/workspace/sam3/seniT/masked_frames_chessboard/frame_0097.jpg: Insufficient structured lines (A: 1, B: 6) (Time: 0.0123s)
/workspace/sam3/seniT/masked_frames_chessboard/frame_0098.jpg: Insufficient structured lines (A: 9, B: 1) (Time: 0.0098s)
/workspace/sam3/seniT/masked_frames_chessboard/frame_0099.jpg: Insufficient structured lines (A: 9, B: 1) (Time: 0.0106s)
/workspace/sam3/seniT/masked_frames_chessboard/frame_0100.jpg: RANSAC failed to find grid pattern (Time: 0.5236s)
/workspace/sam3/seniT/masked_frames_chessboard/frame_0102.jpg: RANSAC failed to find grid pattern (Time: 0.1935s)
/workspace/sam3/seniT/masked_frames_chessboard/frame_0103.jpg: RANSAC failed to find grid pattern (Time: 0.3274s)
/workspace/sam3/seniT/masked_frames_chessboard/frame_0104.jpg: RANSAC failed to find grid pattern (Time: 0.2365s)
/workspace/sam3/seniT/masked_frames_chessboard/frame_0105.jpg: RANSAC failed to find grid pattern (Time: 0.3088s)
/workspace/sam3/seniT/masked_frames_chessboard/frame_0106.jpg: RANSAC failed to find grid pattern (Time: 0.2916s)
/workspace/sam3/seniT/masked_frames_chessboard/frame_0109.jpg: Insufficient structured lines (A: 10, B: 1) (Time: 0.0198s)
/workspace/sam3/seniT/masked_frames_chessboard/frame_0110.jpg: Insufficient structured lines (A: 1, B: 8) (Time: 0.0131s)
/workspace/sam3/seniT/masked_frames_chessboard/frame_0111.jpg: Insufficient structured lines (A: 9, B: 0) (Time: 0.0135s)
/workspace/sam3/seniT/masked_frames_chessboard/frame_0112.jpg: Insufficient structured lines (A: 8, B: 1) (Time: 0.0092s)
/workspace/sam3/seniT/masked_frames_chessboard/frame_0113.jpg: Insufficient structured lines (A: 10, B: 1) (Time: 0.0104s)
/workspace/sam3/seniT/masked_frames_chessboard/frame_0114.jpg: Insufficient structured lines (A: 8, B: 1) (Time: 0.0099s)
/workspace/sam3/seniT/masked_frames_chessboard/frame_0140.jpg: RANSAC failed to find grid pattern (Time: 0.2423s)
/workspace/sam3/seniT/masked_frames_chessboard/frame_0157.jpg: Insufficient structured lines (A: 10, B: 1) (Time: 0.0124s)
/workspace/sam3/seniT/masked_frames_chessboard/frame_0199.jpg: RANSAC failed to find grid pattern (Time: 0.3242s)
/workspace/sam3/seniT/masked_frames_chessboard/frame_0217.jpg: RANSAC failed to find grid pattern (Time: 0.3457s)
/workspace/sam3/seniT/masked_frames_chessboard/frame_0240.jpg: RANSAC failed to find grid pattern (Time: 0.2431s)
/workspace/sam3/seniT/masked_frames_chessboard/frame_0305.jpg: RANSAC failed to find grid pattern (Time: 0.3104s)
/workspace/sam3/seniT/masked_frames_chessboard/frame_0306.jpg: RANSAC failed to find grid pattern (Time: 0.2854s)
/workspace/sam3/seniT/masked_frames_chessboard/frame_0307.jpg: RANSAC failed to find grid pattern (Time: 0.2880s)
/workspace/sam3/seniT/masked_frames_chessboard/frame_0309.jpg: RANSAC failed to find grid pattern (Time: 0.3795s)
/workspace/sam3/seniT/masked_frames_chessboard/frame_0310.jpg: RANSAC failed to find grid pattern (Time: 0.3998s)
/workspace/sam3/seniT/masked_frames_chessboard/frame_0311.jpg: RANSAC failed to find grid pattern (Time: 0.3297s)
/workspace/sam3/seniT/masked_frames_chessboard/frame_0312.jpg: RANSAC failed to find grid pattern (Time: 0.3955s)
/workspace/sam3/seniT/masked_frames_chessboard/frame_0313.jpg: RANSAC failed to find grid pattern (Time: 0.7067s)
/workspace/sam3/seniT/masked_frames_chessboard/frame_0314.jpg: Insufficient structured lines (A: 2, B: 0) (Time: 0.0068s)
/workspace/sam3/seniT/masked_frames_chessboard/frame_0315.jpg: Insufficient structured lines (A: 0, B: 0) (Time: 0.0028s)
/workspace/sam3/seniT/masked_frames_chessboard/frame_0316.jpg: Insufficient structured lines (A: 0, B: 0) (Time: 0.0026s)
/workspace/sam3/seniT/masked_frames_chessboard/frame_0317.jpg: Insufficient structured lines (A: 0, B: 0) (Time: 0.0029s)
/workspace/sam3/seniT/masked_frames_chessboard/frame_0318.jpg: Insufficient structured lines (A: 1, B: 2) (Time: 0.0027s)
/workspace/sam3/seniT/masked_frames_chessboard/frame_0319.jpg: Exception: 'NoneType' object has no attribute 'sum' (Time: 0.0048s)
/workspace/sam3/seniT/masked_frames_chessboard/frame_0320.jpg: Exception: 'NoneType' object has no attribute 'sum' (Time: 0.0048s)
/workspace/sam3/seniT/masked_frames_chessboard/frame_0321.jpg: Exception: 'NoneType' object has no attribute 'sum' (Time: 0.0056s)
/workspace/sam3/seniT/masked_frames_chessboard/frame_0322.jpg: Exception: index 1 is out of bounds for axis 0 with size 1 (Time: 0.0075s)
/workspace/sam3/seniT/masked_frames_chessboard/frame_0323.jpg: Exception: index 1 is out of bounds for axis 0 with size 1 (Time: 0.0069s)
/workspace/sam3/seniT/masked_frames_chessboard/frame_0324.jpg: RANSAC failed to find grid pattern (Time: 0.3666s)
/workspace/sam3/seniT/masked_frames_chessboard/frame_0325.jpg: Insufficient structured lines (A: 11, B: 0) (Time: 0.0100s)
/workspace/sam3/seniT/masked_frames_chessboard/frame_0326.jpg: Exception: 'NoneType' object has no attribute 'sum' (Time: 0.0080s)
/workspace/sam3/seniT/masked_frames_chessboard/frame_0327.jpg: RANSAC failed to find grid pattern (Time: 0.3376s)
/workspace/sam3/seniT/masked_frames_chessboard/frame_0328.jpg: Exception: index 1 is out of bounds for axis 0 with size 1 (Time: 0.0108s)
/workspace/sam3/seniT/masked_frames_chessboard/frame_0329.jpg: Exception: index 1 is out of bounds for axis 0 with size 1 (Time: 0.0077s)
/workspace/sam3/seniT/masked_frames_chessboard/frame_0330.jpg: RANSAC failed to find grid pattern (Time: 0.8545s)
/workspace/sam3/seniT/masked_frames_chessboard/frame_0331.jpg: Exception: index 1 is out of bounds for axis 0 with size 1 (Time: 0.0108s)
/workspace/sam3/seniT/masked_frames_chessboard/frame_0332.jpg: Exception: index 1 is out of bounds for axis 0 with size 1 (Time: 0.0085s)
/workspace/sam3/seniT/masked_frames_chessboard/frame_0333.jpg: Insufficient structured lines (A: 1, B: 6) (Time: 0.0081s)
/workspace/sam3/seniT/masked_frames_chessboard/frame_0334.jpg: RANSAC failed to find grid pattern (Time: 0.2395s)
/workspace/sam3/seniT/masked_frames_chessboard/frame_0335.jpg: RANSAC failed to find grid pattern (Time: 0.3831s)
/workspace/sam3/seniT/masked_frames_chessboard/frame_0336.jpg: RANSAC failed to find grid pattern (Time: 0.2451s)
/workspace/sam3/seniT/masked_frames_chessboard/frame_0337.jpg: Exception: index 1 is out of bounds for axis 0 with size 1 (Time: 0.0112s)
/workspace/sam3/seniT/masked_frames_chessboard/frame_0338.jpg: Exception: index 1 is out of bounds for axis 0 with size 1 (Time: 0.0084s)
/workspace/sam3/seniT/masked_frames_chessboard/frame_0339.jpg: RANSAC failed to find grid pattern (Time: 0.2450s)
/workspace/sam3/seniT/masked_frames_chessboard/frame_0340.jpg: Exception: index 1 is out of bounds for axis 0 with size 1 (Time: 0.0092s)
/workspace/sam3/seniT/masked_frames_chessboard/frame_0341.jpg: Exception: 'NoneType' object has no attribute 'sum' (Time: 0.0042s)
/workspace/sam3/seniT/masked_frames_chessboard/frame_0342.jpg: Insufficient structured lines (A: 0, B: 14) (Time: 0.0052s)
/workspace/sam3/seniT/masked_frames_chessboard/frame_0344.jpg: RANSAC failed to find grid pattern (Time: 0.8495s)
/workspace/sam3/seniT/masked_frames_chessboard/frame_0345.jpg: Exception: index 1 is out of bounds for axis 0 with size 1 (Time: 0.0077s)
/workspace/sam3/seniT/masked_frames_chessboard/frame_0346.jpg: Exception: 'NoneType' object has no attribute 'sum' (Time: 0.0059s)
/workspace/sam3/seniT/masked_frames_chessboard/frame_0347.jpg: RANSAC failed to find grid pattern (Time: 0.2869s)
/workspace/sam3/seniT/masked_frames_chessboard/frame_0348.jpg: RANSAC failed to find grid pattern (Time: 0.2619s)
/workspace/sam3/seniT/masked_frames_chessboard/frame_0349.jpg: RANSAC failed to find grid pattern (Time: 0.3726s)
/workspace/sam3/seniT/masked_frames_chessboard/frame_0350.jpg: Exception: index 1 is out of bounds for axis 0 with size 1 (Time: 0.0090s)
/workspace/sam3/seniT/masked_frames_chessboard/frame_0351.jpg: RANSAC failed to find grid pattern (Time: 0.3100s)
/workspace/sam3/seniT/masked_frames_chessboard/frame_0352.jpg: RANSAC failed to find grid pattern (Time: 0.2678s)
/workspace/sam3/seniT/masked_frames_chessboard/frame_0353.jpg: RANSAC failed to find grid pattern (Time: 0.3651s)
/workspace/sam3/seniT/masked_frames_chessboard/frame_0354.jpg: RANSAC failed to find grid pattern (Time: 0.3640s)
/workspace/sam3/seniT/masked_frames_chessboard/frame_0355.jpg: RANSAC failed to find grid pattern (Time: 0.3588s)
/workspace/sam3/seniT/masked_frames_chessboard/frame_0356.jpg: Exception: index 1 is out of bounds for axis 0 with size 1 (Time: 0.0103s)
/workspace/sam3/seniT/masked_frames_chessboard/frame_0357.jpg: RANSAC failed to find grid pattern (Time: 0.2865s)
/workspace/sam3/seniT/masked_frames_chessboard/frame_0358.jpg: Exception: index 1 is out of bounds for axis 0 with size 1 (Time: 0.0086s)
/workspace/sam3/seniT/masked_frames_chessboard/frame_0359.jpg: Insufficient structured lines (A: 4, B: 1) (Time: 0.0066s)
/workspace/sam3/seniT/masked_frames_chessboard/frame_0360.jpg: Exception: index 1 is out of bounds for axis 0 with size 1 (Time: 0.0069s)
/workspace/sam3/seniT/masked_frames_chessboard/frame_0361.jpg: Exception: 'NoneType' object has no attribute 'sum' (Time: 0.0069s)
/workspace/sam3/seniT/masked_frames_chessboard/frame_0362.jpg: Exception: 'NoneType' object has no attribute 'sum' (Time: 0.0062s)
/workspace/sam3/seniT/masked_frames_chessboard/frame_0364.jpg: RANSAC failed to find grid pattern (Time: 6.6370s)
/workspace/sam3/seniT/masked_frames_chessboard/frame_0365.jpg: Insufficient structured lines (A: 0, B: 5) (Time: 0.0106s)
/workspace/sam3/seniT/masked_frames_chessboard/frame_0366.jpg: Exception: index 1 is out of bounds for axis 0 with size 1 (Time: 0.0090s)
/workspace/sam3/seniT/masked_frames_chessboard/frame_0368.jpg: Exception: index 1 is out of bounds for axis 0 with size 1 (Time: 0.0144s)
/workspace/sam3/seniT/masked_frames_chessboard/frame_0370.jpg: Exception: index 1 is out of bounds for axis 0 with size 1 (Time: 0.0171s)
/workspace/sam3/seniT/masked_frames_chessboard/frame_0372.jpg: RANSAC failed to find grid pattern (Time: 0.2240s)
/workspace/sam3/seniT/masked_frames_chessboard/frame_0374.jpg: RANSAC failed to find grid pattern (Time: 0.3100s)
/workspace/sam3/seniT/masked_frames_chessboard/frame_0375.jpg: RANSAC failed to find grid pattern (Time: 0.3811s)
/workspace/sam3/seniT/masked_frames_chessboard/frame_0376.jpg: RANSAC failed to find grid pattern (Time: 0.5062s)
/workspace/sam3/seniT/masked_frames_chessboard/frame_0399.jpg: RANSAC failed to find grid pattern (Time: 0.3318s)
/workspace/sam3/seniT/masked_frames_chessboard/frame_0400.jpg: RANSAC failed to find grid pattern (Time: 0.3441s)
/workspace/sam3/seniT/masked_frames_chessboard/frame_0401.jpg: RANSAC failed to find grid pattern (Time: 0.3865s)
/workspace/sam3/seniT/masked_frames_chessboard/frame_0402.jpg: RANSAC failed to find grid pattern (Time: 0.2849s)
/workspace/sam3/seniT/masked_frames_chessboard/frame_0403.jpg: RANSAC failed to find grid pattern (Time: 0.2832s)
/workspace/sam3/seniT/masked_frames_chessboard/frame_0404.jpg: RANSAC failed to find grid pattern (Time: 0.3611s)
/workspace/sam3/seniT/masked_frames_chessboard/frame_0405.jpg: RANSAC failed to find grid pattern (Time: 0.2930s)
/workspace/sam3/seniT/masked_frames_chessboard/frame_0407.jpg: RANSAC failed to find grid pattern (Time: 0.4464s)
/workspace/sam3/seniT/masked_frames_chessboard/frame_0408.jpg: RANSAC failed to find grid pattern (Time: 0.3794s)
/workspace/sam3/seniT/masked_frames_chessboard/frame_0410.jpg: RANSAC failed to find grid pattern (Time: 0.3566s)
/workspace/sam3/seniT/masked_frames_chessboard/frame_0411.jpg: RANSAC failed to find grid pattern (Time: 0.3782s)
/workspace/sam3/seniT/masked_frames_chessboard/frame_0412.jpg: RANSAC failed to find grid pattern (Time: 0.3984s)
/workspace/sam3/seniT/masked_frames_chessboard/frame_0413.jpg: RANSAC failed to find grid pattern (Time: 0.3547s)
/workspace/sam3/seniT/masked_frames_chessboard/frame_0414.jpg: RANSAC failed to find grid pattern (Time: 0.3223s)
/workspace/sam3/seniT/masked_frames_chessboard/frame_0434.jpg: RANSAC failed to find grid pattern (Time: 0.3106s)
/workspace/sam3/seniT/masked_frames_chessboard/frame_0580.jpg: Insufficient structured lines (A: 8, B: 0) (Time: 0.0161s)
/workspace/sam3/seniT/masked_frames_chessboard/frame_0932.jpg: RANSAC failed to find grid pattern (Time: 0.2371s)
/workspace/sam3/seniT/masked_frames_chessboard/frame_0996.jpg: RANSAC failed to find grid pattern (Time: 0.2788s)
/workspace/sam3/seniT/masked_frames_chessboard/frame_0997.jpg: RANSAC failed to find grid pattern (Time: 0.1825s)
/workspace/sam3/seniT/masked_frames_chessboard/frame_0998.jpg: RANSAC failed to find grid pattern (Time: 0.2345s)
/workspace/sam3/seniT/masked_frames_chessboard/frame_1020.jpg: RANSAC failed to find grid pattern (Time: 0.2895s)
/workspace/sam3/seniT/masked_frames_chessboard/frame_1025.jpg: RANSAC failed to find grid pattern (Time: 0.1860s)
/workspace/sam3/seniT/masked_frames_chessboard/frame_1026.jpg: RANSAC failed to find grid pattern (Time: 0.2212s)
/workspace/sam3/seniT/masked_frames_chessboard/frame_1027.jpg: RANSAC failed to find grid pattern (Time: 0.2666s)
/workspace/sam3/seniT/masked_frames_chessboard/frame_1029.jpg: RANSAC failed to find grid pattern (Time: 0.3357s)
/workspace/sam3/seniT/masked_frames_chessboard/frame_1030.jpg: RANSAC failed to find grid pattern (Time: 0.2388s)
/workspace/sam3/seniT/masked_frames_chessboard/frame_1033.jpg: RANSAC failed to find grid pattern (Time: 0.1670s)
/workspace/sam3/seniT/masked_frames_chessboard/frame_1036.jpg: RANSAC failed to find grid pattern (Time: 0.2877s)
/workspace/sam3/seniT/masked_frames_chessboard/frame_1045.jpg: RANSAC failed to find grid pattern (Time: 0.2668s)
/workspace/sam3/seniT/masked_frames_chessboard/frame_1046.jpg: RANSAC failed to find grid pattern (Time: 0.2144s)
/workspace/sam3/seniT/masked_frames_chessboard/frame_1047.jpg: RANSAC failed to find grid pattern (Time: 0.2024s)
/workspace/sam3/seniT/masked_frames_chessboard/frame_1049.jpg: RANSAC failed to find grid pattern (Time: 0.2603s)
/workspace/sam3/seniT/masked_frames_chessboard/frame_1050.jpg: RANSAC failed to find grid pattern (Time: 0.2130s)
/workspace/sam3/seniT/masked_frames_chessboard/frame_1051.jpg: RANSAC failed to find grid pattern (Time: 0.1841s)
/workspace/sam3/seniT/masked_frames_chessboard/frame_1052.jpg: RANSAC failed to find grid pattern (Time: 0.2298s)
/workspace/sam3/seniT/masked_frames_chessboard/frame_1053.jpg: RANSAC failed to find grid pattern (Time: 0.2179s)
/workspace/sam3/seniT/masked_frames_chessboard/frame_1054.jpg: RANSAC failed to find grid pattern (Time: 0.2627s)
/workspace/sam3/seniT/masked_frames_chessboard/frame_1055.jpg: RANSAC failed to find grid pattern (Time: 0.2165s)
/workspace/sam3/seniT/masked_frames_chessboard/frame_1056.jpg: RANSAC failed to find grid pattern (Time: 0.2729s)
/workspace/sam3/seniT/masked_frames_chessboard/frame_1057.jpg: RANSAC failed to find grid pattern (Time: 0.2183s)
/workspace/sam3/seniT/masked_frames_chessboard/frame_1058.jpg: RANSAC failed to find grid pattern (Time: 0.2815s)
/workspace/sam3/seniT/masked_frames_chessboard/frame_1059.jpg: RANSAC failed to find grid pattern (Time: 0.2514s)
/workspace/sam3/seniT/masked_frames_chessboard/frame_1060.jpg: RANSAC failed to find grid pattern (Time: 0.3353s)
/workspace/sam3/seniT/masked_frames_chessboard/frame_1061.jpg: RANSAC failed to find grid pattern (Time: 0.2342s)
/workspace/sam3/seniT/masked_frames_chessboard/frame_1062.jpg: RANSAC failed to find grid pattern (Time: 0.2568s)
/workspace/sam3/seniT/masked_frames_chessboard/frame_1063.jpg: RANSAC failed to find grid pattern (Time: 0.2246s)
/workspace/sam3/seniT/masked_frames_chessboard/frame_1159.jpg: RANSAC failed to find grid pattern (Time: 0.2830s)
/workspace/sam3/seniT/masked_frames_chessboard/frame_1160.jpg: RANSAC failed to find grid pattern (Time: 0.3103s)
/workspace/sam3/seniT/masked_frames_chessboard/frame_1161.jpg: RANSAC failed to find grid pattern (Time: 0.3827s)
/workspace/sam3/seniT/masked_frames_chessboard/frame_1162.jpg: RANSAC failed to find grid pattern (Time: 0.3444s)
/workspace/sam3/seniT/masked_frames_chessboard/frame_1163.jpg: RANSAC failed to find grid pattern (Time: 0.3205s)
/workspace/sam3/seniT/masked_frames_chessboard/frame_1164.jpg: RANSAC failed to find grid pattern (Time: 0.4014s)
/workspace/sam3/seniT/masked_frames_chessboard/frame_1165.jpg: RANSAC failed to find grid pattern (Time: 0.2994s)
/workspace/sam3/seniT/masked_frames_chessboard/frame_1166.jpg: RANSAC failed to find grid pattern (Time: 0.3779s)
/workspace/sam3/seniT/masked_frames_chessboard/frame_1167.jpg: RANSAC failed to find grid pattern (Time: 0.3776s)
/workspace/sam3/seniT/masked_frames_chessboard/frame_1168.jpg: RANSAC failed to find grid pattern (Time: 0.2756s)
/workspace/sam3/seniT/masked_frames_chessboard/frame_1169.jpg: RANSAC failed to find grid pattern (Time: 0.4281s)
/workspace/sam3/seniT/masked_frames_chessboard/frame_1170.jpg: RANSAC failed to find grid pattern (Time: 0.2831s)
/workspace/sam3/seniT/masked_frames_chessboard/frame_1171.jpg: RANSAC failed to find grid pattern (Time: 0.3216s)
/workspace/sam3/seniT/masked_frames_chessboard/frame_1172.jpg: RANSAC failed to find grid pattern (Time: 0.3480s)
/workspace/sam3/seniT/masked_frames_chessboard/frame_1174.jpg: RANSAC failed to find grid pattern (Time: 0.4144s)
/workspace/sam3/seniT/masked_frames_chessboard/frame_1176.jpg: RANSAC failed to find grid pattern (Time: 0.3985s)
/workspace/sam3/seniT/masked_frames_chessboard/frame_1177.jpg: RANSAC failed to find grid pattern (Time: 0.2997s)
/workspace/sam3/seniT/masked_frames_chessboard/frame_1180.jpg: RANSAC failed to find grid pattern (Time: 0.3209s)
/workspace/sam3/seniT/masked_frames_chessboard/frame_1183.jpg: RANSAC failed to find grid pattern (Time: 0.3301s)
/workspace/sam3/seniT/masked_frames_chessboard/frame_1184.jpg: RANSAC failed to find grid pattern (Time: 0.2803s)
/workspace/sam3/seniT/masked_frames_chessboard/frame_1185.jpg: RANSAC failed to find grid pattern (Time: 0.2919s)
/workspace/sam3/seniT/masked_frames_chessboard/frame_1186.jpg: RANSAC failed to find grid pattern (Time: 0.3181s)
/workspace/sam3/seniT/masked_frames_chessboard/frame_1187.jpg: RANSAC failed to find grid pattern (Time: 0.3640s)
/workspace/sam3/seniT/masked_frames_chessboard/frame_1188.jpg: RANSAC failed to find grid pattern (Time: 0.4254s)
/workspace/sam3/seniT/masked_frames_chessboard/frame_1189.jpg: RANSAC failed to find grid pattern (Time: 0.3066s)
/workspace/sam3/seniT/masked_frames_chessboard/frame_1190.jpg: RANSAC failed to find grid pattern (Time: 0.3256s)
/workspace/sam3/seniT/masked_frames_chessboard/frame_1191.jpg: RANSAC failed to find grid pattern (Time: 0.2977s)
/workspace/sam3/seniT/masked_frames_chessboard/frame_1192.jpg: RANSAC failed to find grid pattern (Time: 0.2678s)
/workspace/sam3/seniT/masked_frames_chessboard/frame_1193.jpg: RANSAC failed to find grid pattern (Time: 0.2596s)
/workspace/sam3/seniT/masked_frames_chessboard/frame_1194.jpg: RANSAC failed to find grid pattern (Time: 0.3993s)
/workspace/sam3/seniT/masked_frames_chessboard/frame_1195.jpg: RANSAC failed to find grid pattern (Time: 0.2864s)
/workspace/sam3/seniT/masked_frames_chessboard/frame_1196.jpg: RANSAC failed to find grid pattern (Time: 0.3168s)
/workspace/sam3/seniT/masked_frames_chessboard/frame_1197.jpg: RANSAC failed to find grid pattern (Time: 0.2607s)
/workspace/sam3/seniT/masked_frames_chessboard/frame_1198.jpg: RANSAC failed to find grid pattern (Time: 0.2600s)
/workspace/sam3/seniT/masked_frames_chessboard/frame_1199.jpg: RANSAC failed to find grid pattern (Time: 0.2323s)
/workspace/sam3/seniT/masked_frames_chessboard/frame_1200.jpg: RANSAC failed to find grid pattern (Time: 0.2706s)
/workspace/sam3/seniT/masked_frames_chessboard/frame_1206.jpg: RANSAC failed to find grid pattern (Time: 0.2229s)
/workspace/sam3/seniT/masked_frames_chessboard/frame_1207.jpg: RANSAC failed to find grid pattern (Time: 0.3630s)
/workspace/sam3/seniT/masked_frames_chessboard/frame_1310.jpg: RANSAC failed to find grid pattern (Time: 0.2095s)
/workspace/sam3/seniT/masked_frames_chessboard/frame_1311.jpg: RANSAC failed to find grid pattern (Time: 0.1896s)
/workspace/sam3/seniT/masked_frames_chessboard/frame_1312.jpg: RANSAC failed to find grid pattern (Time: 0.2128s)
/workspace/sam3/seniT/masked_frames_chessboard/frame_1313.jpg: RANSAC failed to find grid pattern (Time: 0.2354s)
/workspace/sam3/seniT/masked_frames_chessboard/frame_1314.jpg: RANSAC failed to find grid pattern (Time: 0.2131s)
/workspace/sam3/seniT/masked_frames_chessboard/frame_1315.jpg: RANSAC failed to find grid pattern (Time: 0.2534s)
/workspace/sam3/seniT/masked_frames_chessboard/frame_1316.jpg: RANSAC failed to find grid pattern (Time: 0.2321s)
/workspace/sam3/seniT/masked_frames_chessboard/frame_1317.jpg: RANSAC failed to find grid pattern (Time: 0.2079s)
/workspace/sam3/seniT/masked_frames_chessboard/frame_1318.jpg: RANSAC failed to find grid pattern (Time: 0.1959s)
/workspace/sam3/seniT/masked_frames_chessboard/frame_1319.jpg: RANSAC failed to find grid pattern (Time: 0.2012s)
/workspace/sam3/seniT/masked_frames_chessboard/frame_1320.jpg: RANSAC failed to find grid pattern (Time: 0.2398s)
/workspace/sam3/seniT/masked_frames_chessboard/frame_1321.jpg: RANSAC failed to find grid pattern (Time: 0.2268s)
/workspace/sam3/seniT/masked_frames_chessboard/frame_1322.jpg: RANSAC failed to find grid pattern (Time: 0.2297s)
/workspace/sam3/seniT/masked_frames_chessboard/frame_1323.jpg: RANSAC failed to find grid pattern (Time: 0.2993s)
/workspace/sam3/seniT/masked_frames_chessboard/frame_1324.jpg: RANSAC failed to find grid pattern (Time: 0.2224s)
/workspace/sam3/seniT/masked_frames_chessboard/frame_1325.jpg: RANSAC failed to find grid pattern (Time: 0.2754s)
/workspace/sam3/seniT/masked_frames_chessboard/frame_1326.jpg: RANSAC failed to find grid pattern (Time: 0.2399s)
/workspace/sam3/seniT/masked_frames_chessboard/frame_1328.jpg: RANSAC failed to find grid pattern (Time: 0.2099s)
/workspace/sam3/seniT/masked_frames_chessboard/frame_1329.jpg: RANSAC failed to find grid pattern (Time: 0.3104s)
/workspace/sam3/seniT/masked_frames_chessboard/frame_1330.jpg: RANSAC failed to find grid pattern (Time: 0.2887s)
/workspace/sam3/seniT/masked_frames_chessboard/frame_1331.jpg: RANSAC failed to find grid pattern (Time: 0.2234s)
/workspace/sam3/seniT/masked_frames_chessboard/frame_1334.jpg: RANSAC failed to find grid pattern (Time: 0.1983s)
/workspace/sam3/seniT/masked_frames_chessboard/frame_1335.jpg: RANSAC failed to find grid pattern (Time: 0.3013s)
/workspace/sam3/seniT/masked_frames_chessboard/frame_1336.jpg: RANSAC failed to find grid pattern (Time: 0.2264s)
/workspace/sam3/seniT/masked_frames_chessboard/frame_1337.jpg: RANSAC failed to find grid pattern (Time: 0.2912s)
/workspace/sam3/seniT/masked_frames_chessboard/frame_1338.jpg: RANSAC failed to find grid pattern (Time: 0.2306s)
/workspace/sam3/seniT/masked_frames_chessboard/frame_1339.jpg: RANSAC failed to find grid pattern (Time: 0.1700s)
/workspace/sam3/seniT/masked_frames_chessboard/frame_1340.jpg: RANSAC failed to find grid pattern (Time: 0.2759s)
/workspace/sam3/seniT/masked_frames_chessboard/frame_1341.jpg: RANSAC failed to find grid pattern (Time: 0.3569s)
/workspace/sam3/seniT/masked_frames_chessboard/frame_1342.jpg: RANSAC failed to find grid pattern (Time: 0.2243s)
/workspace/sam3/seniT/masked_frames_chessboard/frame_1343.jpg: RANSAC failed to find grid pattern (Time: 0.2135s)
/workspace/sam3/seniT/masked_frames_chessboard/frame_1344.jpg: RANSAC failed to find grid pattern (Time: 0.2566s)
/workspace/sam3/seniT/masked_frames_chessboard/frame_1346.jpg: RANSAC failed to find grid pattern (Time: 0.2637s)
/workspace/sam3/seniT/masked_frames_chessboard/frame_1442.jpg: RANSAC failed to find grid pattern (Time: 0.2470s)
/workspace/sam3/seniT/masked_frames_chessboard/frame_1443.jpg: RANSAC failed to find grid pattern (Time: 0.2642s)
/workspace/sam3/seniT/masked_frames_chessboard/frame_1444.jpg: RANSAC failed to find grid pattern (Time: 0.2875s)
/workspace/sam3/seniT/masked_frames_chessboard/frame_1445.jpg: RANSAC failed to find grid pattern (Time: 0.2989s)
/workspace/sam3/seniT/masked_frames_chessboard/frame_1446.jpg: RANSAC failed to find grid pattern (Time: 0.2437s)
/workspace/sam3/seniT/masked_frames_chessboard/frame_1447.jpg: RANSAC failed to find grid pattern (Time: 0.2328s)
/workspace/sam3/seniT/masked_frames_chessboard/frame_1448.jpg: RANSAC failed to find grid pattern (Time: 0.2051s)
/workspace/sam3/seniT/masked_frames_chessboard/frame_1449.jpg: RANSAC failed to find grid pattern (Time: 0.2034s)
/workspace/sam3/seniT/masked_frames_chessboard/frame_1450.jpg: RANSAC failed to find grid pattern (Time: 0.3076s)
/workspace/sam3/seniT/masked_frames_chessboard/frame_1584.jpg: Insufficient structured lines (A: 6, B: 1) (Time: 0.0103s)
/workspace/sam3/seniT/masked_frames_chessboard/frame_1585.jpg: Insufficient structured lines (A: 9, B: 1) (Time: 0.0113s)
/workspace/sam3/seniT/masked_frames_chessboard/frame_1707.jpg: Insufficient structured lines (A: 8, B: 1) (Time: 0.0082s)
/workspace/sam3/seniT/masked_frames_chessboard/frame_1708.jpg: Insufficient structured lines (A: 6, B: 1) (Time: 0.0057s)
/workspace/sam3/seniT/masked_frames_chessboard/frame_1709.jpg: Insufficient structured lines (A: 4, B: 0) (Time: 0.0053s)
/workspace/sam3/seniT/masked_frames_chessboard/frame_1710.jpg: Insufficient structured lines (A: 4, B: 0) (Time: 0.0056s)
/workspace/sam3/seniT/masked_frames_chessboard/frame_1711.jpg: Insufficient structured lines (A: 5, B: 1) (Time: 0.0067s)
/workspace/sam3/seniT/masked_frames_chessboard/frame_1712.jpg: Insufficient structured lines (A: 4, B: 0) (Time: 0.0043s)
/workspace/sam3/seniT/masked_frames_chessboard/frame_1713.jpg: Insufficient structured lines (A: 4, B: 0) (Time: 0.0023s)
/workspace/sam3/seniT/masked_frames_chessboard/frame_1714.jpg: Insufficient structured lines (A: 3, B: 0) (Time: 0.0023s)
/workspace/sam3/seniT/masked_frames_chessboard/frame_1715.jpg: Insufficient structured lines (A: 0, B: 0) (Time: 0.0009s)
/workspace/sam3/seniT/masked_frames_chessboard/frame_1716.jpg: Insufficient structured lines (A: 0, B: 0) (Time: 0.0099s)
/workspace/sam3/seniT/masked_frames_chessboard/frame_1717.jpg: Insufficient structured lines (A: 0, B: 0) (Time: 0.0097s)
/workspace/sam3/seniT/masked_frames_chessboard/frame_1718.jpg: Insufficient structured lines (A: 0, B: 0) (Time: 0.0113s)
/workspace/sam3/seniT/masked_frames_chessboard/frame_1719.jpg: Insufficient structured lines (A: 0, B: 0) (Time: 0.0095s)
/workspace/sam3/seniT/masked_frames_chessboard/frame_1720.jpg: Insufficient structured lines (A: 0, B: 0) (Time: 0.0098s)
/workspace/sam3/seniT/masked_frames_chessboard/frame_1721.jpg: Insufficient structured lines (A: 0, B: 0) (Time: 0.0099s)
/workspace/sam3/seniT/masked_frames_chessboard/frame_1722.jpg: Insufficient structured lines (A: 0, B: 0) (Time: 0.0104s)
/workspace/sam3/seniT/masked_frames_chessboard/frame_1723.jpg: Insufficient structured lines (A: 0, B: 0) (Time: 0.0105s)
/workspace/sam3/seniT/masked_frames_chessboard/frame_1724.jpg: Insufficient structured lines (A: 0, B: 0) (Time: 0.0099s)
/workspace/sam3/seniT/masked_frames_chessboard/frame_1725.jpg: Insufficient structured lines (A: 0, B: 0) (Time: 0.0099s)
/workspace/sam3/seniT/masked_frames_chessboard/frame_1726.jpg: Insufficient structured lines (A: 0, B: 0) (Time: 0.0095s)
/workspace/sam3/seniT/masked_frames_chessboard/frame_1727.jpg: Insufficient structured lines (A: 0, B: 0) (Time: 0.0095s)
/workspace/sam3/seniT/masked_frames_chessboard/frame_1728.jpg: Insufficient structured lines (A: 0, B: 0) (Time: 0.0095s)
/workspace/sam3/seniT/masked_frames_chessboard/frame_1729.jpg: Insufficient structured lines (A: 0, B: 0) (Time: 0.0110s)
/workspace/sam3/seniT/masked_frames_chessboard/frame_1730.jpg: Insufficient structured lines (A: 0, B: 0) (Time: 0.0104s)
/workspace/sam3/seniT/masked_frames_chessboard/frame_1731.jpg: Insufficient structured lines (A: 0, B: 0) (Time: 0.0098s)
/workspace/sam3/seniT/masked_frames_chessboard/frame_1732.jpg: Insufficient structured lines (A: 0, B: 0) (Time: 0.0101s)
/workspace/sam3/seniT/masked_frames_chessboard/frame_1733.jpg: Insufficient structured lines (A: 0, B: 0) (Time: 0.0105s)
/workspace/sam3/seniT/masked_frames_chessboard/frame_1734.jpg: Insufficient structured lines (A: 0, B: 0) (Time: 0.0104s)
/workspace/sam3/seniT/masked_frames_chessboard/frame_1735.jpg: Insufficient structured lines (A: 0, B: 0) (Time: 0.0096s)
/workspace/sam3/seniT/masked_frames_chessboard/frame_1736.jpg: Insufficient structured lines (A: 0, B: 0) (Time: 0.0099s)
/workspace/sam3/seniT/masked_frames_chessboard/frame_1737.jpg: Insufficient structured lines (A: 0, B: 0) (Time: 0.0099s)
/workspace/sam3/seniT/masked_frames_chessboard/frame_1738.jpg: Insufficient structured lines (A: 0, B: 0) (Time: 0.0101s)
/workspace/sam3/seniT/masked_frames_chessboard/frame_1739.jpg: Insufficient structured lines (A: 0, B: 0) (Time: 0.0106s)
/workspace/sam3/seniT/masked_frames_chessboard/frame_1740.jpg: Insufficient structured lines (A: 0, B: 0) (Time: 0.0102s)
/workspace/sam3/seniT/masked_frames_chessboard/frame_1741.jpg: Insufficient structured lines (A: 0, B: 0) (Time: 0.0100s)
/workspace/sam3/seniT/masked_frames_chessboard/frame_1742.jpg: Insufficient structured lines (A: 0, B: 0) (Time: 0.0098s)
/workspace/sam3/seniT/masked_frames_chessboard/frame_1743.jpg: Insufficient structured lines (A: 0, B: 0) (Time: 0.0100s)
/workspace/sam3/seniT/masked_frames_chessboard/frame_1744.jpg: Insufficient structured lines (A: 0, B: 0) (Time: 0.0093s)
/workspace/sam3/seniT/masked_frames_chessboard/frame_1745.jpg: Insufficient structured lines (A: 0, B: 0) (Time: 0.0104s)
/workspace/sam3/seniT/masked_frames_chessboard/frame_1746.jpg: Insufficient structured lines (A: 0, B: 0) (Time: 0.0096s)
/workspace/sam3/seniT/masked_frames_chessboard/frame_1747.jpg: Insufficient structured lines (A: 0, B: 0) (Time: 0.0099s)
/workspace/sam3/seniT/masked_frames_chessboard/frame_1748.jpg: Insufficient structured lines (A: 0, B: 0) (Time: 0.0095s)
/workspace/sam3/seniT/masked_frames_chessboard/frame_1749.jpg: Insufficient structured lines (A: 0, B: 0) (Time: 0.0103s)
/workspace/sam3/seniT/masked_frames_chessboard/frame_1750.jpg: Insufficient structured lines (A: 0, B: 0) (Time: 0.0108s)
/workspace/sam3/seniT/masked_frames_chessboard/frame_1751.jpg: Insufficient structured lines (A: 0, B: 0) (Time: 0.0096s)
/workspace/sam3/seniT/masked_frames_chessboard/frame_1752.jpg: Insufficient structured lines (A: 0, B: 0) (Time: 0.0102s)
/workspace/sam3/seniT/masked_frames_chessboard/frame_1753.jpg: Insufficient structured lines (A: 0, B: 0) (Time: 0.0109s)
/workspace/sam3/seniT/masked_frames_chessboard/frame_1754.jpg: Insufficient structured lines (A: 0, B: 0) (Time: 0.0099s)
/workspace/sam3/seniT/masked_frames_chessboard/frame_1755.jpg: Insufficient structured lines (A: 0, B: 0) (Time: 0.0098s)
/workspace/sam3/seniT/masked_frames_chessboard/frame_1756.jpg: Insufficient structured lines (A: 0, B: 0) (Time: 0.0099s)
/workspace/sam3/seniT/masked_frames_chessboard/frame_1757.jpg: Insufficient structured lines (A: 0, B: 0) (Time: 0.0019s)
/workspace/sam3/seniT/masked_frames_chessboard/frame_1758.jpg: Insufficient structured lines (A: 1, B: 1) (Time: 0.0025s)
/workspace/sam3/seniT/masked_frames_chessboard/frame_1759.jpg: Insufficient structured lines (A: 4, B: 1) (Time: 0.0031s)
/workspace/sam3/seniT/masked_frames_chessboard/frame_1760.jpg: RANSAC failed to find grid pattern (Time: 0.3894s)
/workspace/sam3/seniT/masked_frames_chessboard/frame_1761.jpg: RANSAC failed to find grid pattern (Time: 0.2934s)
/workspace/sam3/seniT/masked_frames_chessboard/frame_1762.jpg: RANSAC failed to find grid pattern (Time: 0.2470s)
/workspace/sam3/seniT/masked_frames_chessboard/frame_1763.jpg: RANSAC failed to find grid pattern (Time: 0.3696s)
/workspace/sam3/seniT/masked_frames_chessboard/frame_1764.jpg: Insufficient structured lines (A: 3, B: 0) (Time: 0.0038s)
/workspace/sam3/seniT/masked_frames_chessboard/frame_1765.jpg: Insufficient structured lines (A: 0, B: 10) (Time: 0.0059s)
/workspace/sam3/seniT/masked_frames_chessboard/frame_1766.jpg: Insufficient structured lines (A: 8, B: 0) (Time: 0.0055s)
/workspace/sam3/seniT/masked_frames_chessboard/frame_1767.jpg: Insufficient structured lines (A: 1, B: 7) (Time: 0.0075s)
/workspace/sam3/seniT/masked_frames_chessboard/frame_1768.jpg: Exception: index 1 is out of bounds for axis 0 with size 1 (Time: 0.0088s)
/workspace/sam3/seniT/masked_frames_chessboard/frame_1769.jpg: Insufficient structured lines (A: 4, B: 0) (Time: 0.0052s)
/workspace/sam3/seniT/masked_frames_chessboard/frame_1770.jpg: Exception: index 1 is out of bounds for axis 0 with size 1 (Time: 0.0079s)
/workspace/sam3/seniT/masked_frames_chessboard/frame_1771.jpg: Exception: index 1 is out of bounds for axis 0 with size 1 (Time: 0.0076s)
/workspace/sam3/seniT/masked_frames_chessboard/frame_1783.jpg: Insufficient structured lines (A: 11, B: 0) (Time: 0.0106s)
/workspace/sam3/seniT/masked_frames_chessboard/frame_1784.jpg: RANSAC failed to find grid pattern (Time: 0.2876s)
/workspace/sam3/seniT/masked_frames_chessboard/frame_1785.jpg: Insufficient structured lines (A: 1, B: 7) (Time: 0.0096s)
/workspace/sam3/seniT/masked_frames_chessboard/frame_1786.jpg: Insufficient structured lines (A: 5, B: 0) (Time: 0.0047s)
/workspace/sam3/seniT/masked_frames_chessboard/frame_1787.jpg: Insufficient structured lines (A: 6, B: 1) (Time: 0.0047s)
/workspace/sam3/seniT/masked_frames_chessboard/frame_1788.jpg: Exception: index 1 is out of bounds for axis 0 with size 1 (Time: 0.0037s)
/workspace/sam3/seniT/masked_frames_chessboard/frame_1789.jpg: Exception: 'NoneType' object has no attribute 'sum' (Time: 0.0035s)
/workspace/sam3/seniT/masked_frames_chessboard/frame_1790.jpg: Exception: 'NoneType' object has no attribute 'sum' (Time: 0.0023s)
/workspace/sam3/seniT/masked_frames_chessboard/frame_1791.jpg: RANSAC failed to find grid pattern (Time: 0.4397s)
/workspace/sam3/seniT/masked_frames_chessboard/frame_1792.jpg: RANSAC failed to find grid pattern (Time: 0.9586s)
/workspace/sam3/seniT/masked_frames_chessboard/frame_1793.jpg: Exception: 'NoneType' object has no attribute 'sum' (Time: 0.0015s)
/workspace/sam3/seniT/masked_frames_chessboard/frame_1794.jpg: Insufficient structured lines (A: 0, B: 0) (Time: 0.0012s)
/workspace/sam3/seniT/masked_frames_chessboard/frame_1795.jpg: Insufficient structured lines (A: 0, B: 0) (Time: 0.0009s)
/workspace/sam3/seniT/masked_frames_chessboard/frame_1796.jpg: Insufficient structured lines (A: 0, B: 0) (Time: 0.0116s)
/workspace/sam3/seniT/masked_frames_chessboard/frame_1797.jpg: Insufficient structured lines (A: 0, B: 0) (Time: 0.0104s)
/workspace/sam3/seniT/masked_frames_chessboard/frame_1798.jpg: Insufficient structured lines (A: 0, B: 0) (Time: 0.0104s)
/workspace/sam3/seniT/masked_frames_chessboard/frame_1799.jpg: Insufficient structured lines (A: 0, B: 0) (Time: 0.0104s)
/workspace/sam3/seniT/masked_frames_chessboard/frame_1800.jpg: Insufficient structured lines (A: 0, B: 0) (Time: 0.0106s)
/workspace/sam3/seniT/masked_frames_chessboard/frame_1801.jpg: Insufficient structured lines (A: 0, B: 0) (Time: 0.0099s)
/workspace/sam3/seniT/masked_frames_chessboard/frame_1802.jpg: Insufficient structured lines (A: 0, B: 0) (Time: 0.0120s)
/workspace/sam3/seniT/masked_frames_chessboard/frame_1803.jpg: Insufficient structured lines (A: 0, B: 0) (Time: 0.0102s)
/workspace/sam3/seniT/masked_frames_chessboard/frame_1804.jpg: Insufficient structured lines (A: 0, B: 0) (Time: 0.0104s)
/workspace/sam3/seniT/masked_frames_chessboard/frame_1805.jpg: Insufficient structured lines (A: 0, B: 0) (Time: 0.0103s)
/workspace/sam3/seniT/masked_frames_chessboard/frame_1806.jpg: Insufficient structured lines (A: 0, B: 0) (Time: 0.0100s)
/workspace/sam3/seniT/masked_frames_chessboard/frame_1807.jpg: Insufficient structured lines (A: 0, B: 0) (Time: 0.0098s)
/workspace/sam3/seniT/masked_frames_chessboard/frame_1808.jpg: Insufficient structured lines (A: 0, B: 0) (Time: 0.0098s)
/workspace/sam3/seniT/masked_frames_chessboard/frame_1809.jpg: Insufficient structured lines (A: 0, B: 0) (Time: 0.0104s)
/workspace/sam3/seniT/masked_frames_chessboard/frame_1810.jpg: Insufficient structured lines (A: 0, B: 0) (Time: 0.0098s)
/workspace/sam3/seniT/masked_frames_chessboard/frame_1811.jpg: Insufficient structured lines (A: 0, B: 0) (Time: 0.0098s)
/workspace/sam3/seniT/masked_frames_chessboard/frame_1812.jpg: Insufficient structured lines (A: 0, B: 0) (Time: 0.0104s)
/workspace/sam3/seniT/masked_frames_chessboard/frame_1813.jpg: Insufficient structured lines (A: 0, B: 0) (Time: 0.0096s)
/workspace/sam3/seniT/masked_frames_chessboard/frame_1814.jpg: Insufficient structured lines (A: 0, B: 0) (Time: 0.0101s)
/workspace/sam3/seniT/masked_frames_chessboard/frame_1815.jpg: Insufficient structured lines (A: 0, B: 0) (Time: 0.0103s)
/workspace/sam3/seniT/masked_frames_chessboard/frame_1816.jpg: Insufficient structured lines (A: 0, B: 0) (Time: 0.0097s)
/workspace/sam3/seniT/masked_frames_chessboard/frame_1817.jpg: Insufficient structured lines (A: 0, B: 0) (Time: 0.0093s)
/workspace/sam3/seniT/masked_frames_chessboard/frame_1818.jpg: Insufficient structured lines (A: 0, B: 0) (Time: 0.0098s)
/workspace/sam3/seniT/masked_frames_chessboard/frame_1819.jpg: Insufficient structured lines (A: 0, B: 0) (Time: 0.0100s)
/workspace/sam3/seniT/masked_frames_chessboard/frame_1820.jpg: Insufficient structured lines (A: 0, B: 0) (Time: 0.0094s)
/workspace/sam3/seniT/masked_frames_chessboard/frame_1821.jpg: Insufficient structured lines (A: 0, B: 0) (Time: 0.0100s)
/workspace/sam3/seniT/masked_frames_chessboard/frame_1822.jpg: Insufficient structured lines (A: 0, B: 0) (Time: 0.0097s)
/workspace/sam3/seniT/masked_frames_chessboard/frame_1823.jpg: Insufficient structured lines (A: 0, B: 0) (Time: 0.0104s)
/workspace/sam3/seniT/masked_frames_chessboard/frame_1824.jpg: Insufficient structured lines (A: 0, B: 0) (Time: 0.0096s)
/workspace/sam3/seniT/masked_frames_chessboard/frame_1825.jpg: Insufficient structured lines (A: 0, B: 0) (Time: 0.0099s)
/workspace/sam3/seniT/masked_frames_chessboard/frame_1826.jpg: Insufficient structured lines (A: 0, B: 0) (Time: 0.0098s)
/workspace/sam3/seniT/masked_frames_chessboard/frame_1827.jpg: Insufficient structured lines (A: 0, B: 0) (Time: 0.0096s)
/workspace/sam3/seniT/masked_frames_chessboard/frame_1828.jpg: Insufficient structured lines (A: 0, B: 0) (Time: 0.0102s)
/workspace/sam3/seniT/masked_frames_chessboard/frame_1829.jpg: Insufficient structured lines (A: 0, B: 0) (Time: 0.0101s)
/workspace/sam3/seniT/masked_frames_chessboard/frame_1830.jpg: Insufficient structured lines (A: 0, B: 0) (Time: 0.0102s)
/workspace/sam3/seniT/masked_frames_chessboard/frame_1831.jpg: Insufficient structured lines (A: 0, B: 0) (Time: 0.0097s)
/workspace/sam3/seniT/masked_frames_chessboard/frame_1832.jpg: Insufficient structured lines (A: 0, B: 0) (Time: 0.0098s)
/workspace/sam3/seniT/masked_frames_chessboard/frame_1833.jpg: Insufficient structured lines (A: 0, B: 0) (Time: 0.0097s)
/workspace/sam3/seniT/masked_frames_chessboard/frame_1834.jpg: Insufficient structured lines (A: 0, B: 0) (Time: 0.0100s)
/workspace/sam3/seniT/masked_frames_chessboard/frame_1835.jpg: Insufficient structured lines (A: 0, B: 0) (Time: 0.0107s)
/workspace/sam3/seniT/masked_frames_chessboard/frame_1836.jpg: Insufficient structured lines (A: 0, B: 0) (Time: 0.0100s)
/workspace/sam3/seniT/masked_frames_chessboard/frame_1837.jpg: Insufficient structured lines (A: 0, B: 0) (Time: 0.0094s)
/workspace/sam3/seniT/masked_frames_chessboard/frame_1838.jpg: Insufficient structured lines (A: 0, B: 0) (Time: 0.0103s)
/workspace/sam3/seniT/masked_frames_chessboard/frame_1839.jpg: Insufficient structured lines (A: 0, B: 0) (Time: 0.0103s)
/workspace/sam3/seniT/masked_frames_chessboard/frame_1840.jpg: Insufficient structured lines (A: 0, B: 0) (Time: 0.0100s)
/workspace/sam3/seniT/masked_frames_chessboard/frame_1841.jpg: Insufficient structured lines (A: 0, B: 0) (Time: 0.0100s)
/workspace/sam3/seniT/masked_frames_chessboard/frame_1842.jpg: Insufficient structured lines (A: 0, B: 0) (Time: 0.0097s)
/workspace/sam3/seniT/masked_frames_chessboard/frame_1843.jpg: Insufficient structured lines (A: 0, B: 0) (Time: 0.0097s)
/workspace/sam3/seniT/masked_frames_chessboard/frame_1844.jpg: Insufficient structured lines (A: 0, B: 0) (Time: 0.0095s)
/workspace/sam3/seniT/masked_frames_chessboard/frame_1845.jpg: Insufficient structured lines (A: 0, B: 0) (Time: 0.0097s)
/workspace/sam3/seniT/masked_frames_chessboard/frame_1846.jpg: Insufficient structured lines (A: 0, B: 0) (Time: 0.0093s)
/workspace/sam3/seniT/masked_frames_chessboard/frame_1847.jpg: Insufficient structured lines (A: 0, B: 0) (Time: 0.0106s)
/workspace/sam3/seniT/masked_frames_chessboard/frame_1848.jpg: Insufficient structured lines (A: 0, B: 0) (Time: 0.0104s)
/workspace/sam3/seniT/masked_frames_chessboard/frame_1849.jpg: Insufficient structured lines (A: 0, B: 0) (Time: 0.0095s)
/workspace/sam3/seniT/masked_frames_chessboard/frame_1850.jpg: Insufficient structured lines (A: 0, B: 0) (Time: 0.0095s)
/workspace/sam3/seniT/masked_frames_chessboard/frame_1851.jpg: Insufficient structured lines (A: 0, B: 0) (Time: 0.0099s)
/workspace/sam3/seniT/masked_frames_chessboard/frame_1852.jpg: Insufficient structured lines (A: 0, B: 0) (Time: 0.0100s)
/workspace/sam3/seniT/masked_frames_chessboard/frame_1853.jpg: Insufficient structured lines (A: 0, B: 0) (Time: 0.0093s)
/workspace/sam3/seniT/masked_frames_chessboard/frame_1854.jpg: Insufficient structured lines (A: 0, B: 0) (Time: 0.0097s)
/workspace/sam3/seniT/masked_frames_chessboard/frame_1855.jpg: Insufficient structured lines (A: 0, B: 0) (Time: 0.0093s)
/workspace/sam3/seniT/masked_frames_chessboard/frame_1856.jpg: Insufficient structured lines (A: 0, B: 0) (Time: 0.0093s)
/workspace/sam3/seniT/masked_frames_chessboard/frame_1857.jpg: Insufficient structured lines (A: 0, B: 0) (Time: 0.0096s)
/workspace/sam3/seniT/masked_frames_chessboard/frame_1858.jpg: Insufficient structured lines (A: 0, B: 0) (Time: 0.0101s)
/workspace/sam3/seniT/masked_frames_chessboard/frame_1859.jpg: Insufficient structured lines (A: 0, B: 0) (Time: 0.0118s)
/workspace/sam3/seniT/masked_frames_chessboard/frame_1860.jpg: Insufficient structured lines (A: 0, B: 0) (Time: 0.0099s)
/workspace/sam3/seniT/masked_frames_chessboard/frame_1861.jpg: Insufficient structured lines (A: 0, B: 0) (Time: 0.0110s)
/workspace/sam3/seniT/masked_frames_chessboard/frame_1862.jpg: Insufficient structured lines (A: 0, B: 0) (Time: 0.0102s)
/workspace/sam3/seniT/masked_frames_chessboard/frame_1863.jpg: Insufficient structured lines (A: 0, B: 0) (Time: 0.0104s)
/workspace/sam3/seniT/masked_frames_chessboard/frame_1864.jpg: Insufficient structured lines (A: 0, B: 0) (Time: 0.0094s)
/workspace/sam3/seniT/masked_frames_chessboard/frame_1865.jpg: Insufficient structured lines (A: 0, B: 0) (Time: 0.0095s)
/workspace/sam3/seniT/masked_frames_chessboard/frame_1866.jpg: Insufficient structured lines (A: 0, B: 0) (Time: 0.0101s)
/workspace/sam3/seniT/masked_frames_chessboard/frame_1867.jpg: Insufficient structured lines (A: 0, B: 0) (Time: 0.0096s)
/workspace/sam3/seniT/masked_frames_chessboard/frame_1868.jpg: Insufficient structured lines (A: 0, B: 0) (Time: 0.0095s)
/workspace/sam3/seniT/masked_frames_chessboard/frame_1869.jpg: Insufficient structured lines (A: 0, B: 0) (Time: 0.0100s)
/workspace/sam3/seniT/masked_frames_chessboard/frame_1870.jpg: Insufficient structured lines (A: 0, B: 0) (Time: 0.0101s)
/workspace/sam3/seniT/masked_frames_chessboard/frame_1871.jpg: Insufficient structured lines (A: 0, B: 0) (Time: 0.0096s)
/workspace/sam3/seniT/masked_frames_chessboard/frame_1872.jpg: Insufficient structured lines (A: 0, B: 0) (Time: 0.0101s)
/workspace/sam3/seniT/masked_frames_chessboard/frame_1873.jpg: Insufficient structured lines (A: 0, B: 0) (Time: 0.0090s)
/workspace/sam3/seniT/masked_frames_chessboard/frame_1874.jpg: Insufficient structured lines (A: 0, B: 0) (Time: 0.0118s)
/workspace/sam3/seniT/masked_frames_chessboard/frame_1875.jpg: Insufficient structured lines (A: 0, B: 0) (Time: 0.0099s)
/workspace/sam3/seniT/masked_frames_chessboard/frame_1876.jpg: Insufficient structured lines (A: 0, B: 0) (Time: 0.0009s)
/workspace/sam3/seniT/masked_frames_chessboard/frame_1877.jpg: Exception: 'NoneType' object has no attribute 'sum' (Time: 0.0018s)
/workspace/sam3/seniT/masked_frames_chessboard/frame_1878.jpg: Exception: 'NoneType' object has no attribute 'sum' (Time: 0.0025s)
/workspace/sam3/seniT/masked_frames_chessboard/frame_1879.jpg: RANSAC failed to find grid pattern (Time: 0.3591s)
/workspace/sam3/seniT/masked_frames_chessboard/frame_1880.jpg: RANSAC failed to find grid pattern (Time: 0.3054s)
/workspace/sam3/seniT/masked_frames_chessboard/frame_1881.jpg: RANSAC failed to find grid pattern (Time: 0.2044s)
/workspace/sam3/seniT/masked_frames_chessboard/frame_1882.jpg: RANSAC failed to find grid pattern (Time: 0.2612s)
/workspace/sam3/seniT/masked_frames_chessboard/frame_1883.jpg: RANSAC failed to find grid pattern (Time: 0.4352s)
/workspace/sam3/seniT/masked_frames_chessboard/frame_1890.jpg: Exception: index 1 is out of bounds for axis 0 with size 1 (Time: 0.0097s)
/workspace/sam3/seniT/masked_frames_chessboard/frame_1891.jpg: Insufficient structured lines (A: 0, B: 9) (Time: 0.0077s)
/workspace/sam3/seniT/masked_frames_chessboard/frame_1892.jpg: Exception: index 1 is out of bounds for axis 0 with size 1 (Time: 0.0084s)
/workspace/sam3/seniT/masked_frames_chessboard/frame_1893.jpg: Exception: index 1 is out of bounds for axis 0 with size 1 (Time: 0.0065s)
/workspace/sam3/seniT/masked_frames_chessboard/frame_1894.jpg: Insufficient structured lines (A: 2, B: 0) (Time: 0.0048s)
/workspace/sam3/seniT/masked_frames_chessboard/frame_1895.jpg: Insufficient structured lines (A: 0, B: 0) (Time: 0.0030s)
/workspace/sam3/seniT/masked_frames_chessboard/frame_1896.jpg: RANSAC failed to find grid pattern (Time: 0.3972s)
/workspace/sam3/seniT/masked_frames_chessboard/frame_1897.jpg: Insufficient structured lines (A: 0, B: 0) (Time: 0.0047s)
/workspace/sam3/seniT/masked_frames_chessboard/frame_1898.jpg: Exception: index 1 is out of bounds for axis 0 with size 1 (Time: 0.0041s)
/workspace/sam3/seniT/masked_frames_chessboard/frame_1899.jpg: Exception: index 1 is out of bounds for axis 0 with size 1 (Time: 0.0049s)
/workspace/sam3/seniT/masked_frames_chessboard/frame_1900.jpg: Exception: index 1 is out of bounds for axis 0 with size 1 (Time: 0.0064s)
/workspace/sam3/seniT/masked_frames_chessboard/frame_1902.jpg: RANSAC failed to find grid pattern (Time: 0.5090s)
/workspace/sam3/seniT/masked_frames_chessboard/frame_1903.jpg: Exception: index 1 is out of bounds for axis 0 with size 1 (Time: 0.0076s)
/workspace/sam3/seniT/masked_frames_chessboard/frame_1904.jpg: Insufficient structured lines (A: 6, B: 1) (Time: 0.0011s)
/workspace/sam3/seniT/masked_frames_chessboard/frame_1905.jpg: Insufficient structured lines (A: 0, B: 0) (Time: 0.0109s)
/workspace/sam3/seniT/masked_frames_chessboard/frame_1906.jpg: Insufficient structured lines (A: 0, B: 0) (Time: 0.0027s)
/workspace/sam3/seniT/masked_frames_chessboard/frame_1907.jpg: Insufficient structured lines (A: 0, B: 0) (Time: 0.0028s)
/workspace/sam3/seniT/masked_frames_chessboard/frame_1908.jpg: Insufficient structured lines (A: 0, B: 0) (Time: 0.0023s)
/workspace/sam3/seniT/masked_frames_chessboard/frame_1909.jpg: Insufficient structured lines (A: 0, B: 0) (Time: 0.0014s)
/workspace/sam3/seniT/masked_frames_chessboard/frame_1910.jpg: Exception: 'NoneType' object has no attribute 'sum' (Time: 0.0010s)
/workspace/sam3/seniT/masked_frames_chessboard/frame_1911.jpg: Insufficient structured lines (A: 7, B: 0) (Time: 0.0009s)
/workspace/sam3/seniT/masked_frames_chessboard/frame_1912.jpg: Insufficient structured lines (A: 0, B: 0) (Time: 0.0103s)
/workspace/sam3/seniT/masked_frames_chessboard/frame_1913.jpg: Insufficient structured lines (A: 0, B: 0) (Time: 0.0102s)
/workspace/sam3/seniT/masked_frames_chessboard/frame_1914.jpg: Insufficient structured lines (A: 0, B: 0) (Time: 0.0099s)
/workspace/sam3/seniT/masked_frames_chessboard/frame_1915.jpg: Insufficient structured lines (A: 0, B: 0) (Time: 0.0100s)
/workspace/sam3/seniT/masked_frames_chessboard/frame_1916.jpg: Insufficient structured lines (A: 0, B: 0) (Time: 0.0099s)
/workspace/sam3/seniT/masked_frames_chessboard/frame_1917.jpg: Insufficient structured lines (A: 0, B: 0) (Time: 0.0102s)
/workspace/sam3/seniT/masked_frames_chessboard/frame_1918.jpg: Insufficient structured lines (A: 0, B: 0) (Time: 0.0104s)
/workspace/sam3/seniT/masked_frames_chessboard/frame_1919.jpg: Insufficient structured lines (A: 0, B: 0) (Time: 0.0104s)
/workspace/sam3/seniT/masked_frames_chessboard/frame_1920.jpg: Insufficient structured lines (A: 0, B: 0) (Time: 0.0098s)
/workspace/sam3/seniT/masked_frames_chessboard/frame_1921.jpg: Insufficient structured lines (A: 0, B: 0) (Time: 0.0102s)
/workspace/sam3/seniT/masked_frames_chessboard/frame_1922.jpg: Insufficient structured lines (A: 0, B: 0) (Time: 0.0096s)
/workspace/sam3/seniT/masked_frames_chessboard/frame_1923.jpg: Insufficient structured lines (A: 0, B: 0) (Time: 0.0098s)
/workspace/sam3/seniT/masked_frames_chessboard/frame_1924.jpg: Insufficient structured lines (A: 0, B: 0) (Time: 0.0099s)
/workspace/sam3/seniT/masked_frames_chessboard/frame_1925.jpg: Insufficient structured lines (A: 0, B: 0) (Time: 0.0098s)
/workspace/sam3/seniT/masked_frames_chessboard/frame_1926.jpg: Insufficient structured lines (A: 0, B: 0) (Time: 0.0111s)
/workspace/sam3/seniT/masked_frames_chessboard/frame_1927.jpg: Insufficient structured lines (A: 0, B: 0) (Time: 0.0100s)
/workspace/sam3/seniT/masked_frames_chessboard/frame_1928.jpg: Insufficient structured lines (A: 0, B: 0) (Time: 0.0112s)
/workspace/sam3/seniT/masked_frames_chessboard/frame_1929.jpg: Insufficient structured lines (A: 0, B: 0) (Time: 0.0097s)
/workspace/sam3/seniT/masked_frames_chessboard/frame_1930.jpg: Insufficient structured lines (A: 0, B: 0) (Time: 0.0109s)
/workspace/sam3/seniT/masked_frames_chessboard/frame_1931.jpg: Insufficient structured lines (A: 0, B: 0) (Time: 0.0101s)
/workspace/sam3/seniT/masked_frames_chessboard/frame_1932.jpg: Insufficient structured lines (A: 0, B: 0) (Time: 0.0100s)
/workspace/sam3/seniT/masked_frames_chessboard/frame_1933.jpg: Insufficient structured lines (A: 0, B: 0) (Time: 0.0098s)
/workspace/sam3/seniT/masked_frames_chessboard/frame_1934.jpg: Insufficient structured lines (A: 0, B: 0) (Time: 0.0097s)
/workspace/sam3/seniT/masked_frames_chessboard/frame_1935.jpg: Insufficient structured lines (A: 0, B: 0) (Time: 0.0118s)
/workspace/sam3/seniT/masked_frames_chessboard/frame_1936.jpg: Insufficient structured lines (A: 0, B: 0) (Time: 0.0094s)
/workspace/sam3/seniT/masked_frames_chessboard/frame_1937.jpg: Insufficient structured lines (A: 0, B: 0) (Time: 0.0102s)
/workspace/sam3/seniT/masked_frames_chessboard/frame_1938.jpg: Insufficient structured lines (A: 0, B: 0) (Time: 0.0094s)
/workspace/sam3/seniT/masked_frames_chessboard/frame_1939.jpg: Insufficient structured lines (A: 0, B: 0) (Time: 0.0114s)
/workspace/sam3/seniT/masked_frames_chessboard/frame_1940.jpg: Insufficient structured lines (A: 0, B: 0) (Time: 0.0102s)
/workspace/sam3/seniT/masked_frames_chessboard/frame_1941.jpg: Insufficient structured lines (A: 0, B: 0) (Time: 0.0106s)
/workspace/sam3/seniT/masked_frames_chessboard/frame_1942.jpg: Insufficient structured lines (A: 0, B: 0) (Time: 0.0094s)
/workspace/sam3/seniT/masked_frames_chessboard/frame_1943.jpg: Insufficient structured lines (A: 0, B: 0) (Time: 0.0113s)
/workspace/sam3/seniT/masked_frames_chessboard/frame_1944.jpg: Insufficient structured lines (A: 0, B: 0) (Time: 0.0098s)
/workspace/sam3/seniT/masked_frames_chessboard/frame_1945.jpg: Insufficient structured lines (A: 0, B: 0) (Time: 0.0097s)
/workspace/sam3/seniT/masked_frames_chessboard/frame_1946.jpg: Insufficient structured lines (A: 0, B: 0) (Time: 0.0094s)
/workspace/sam3/seniT/masked_frames_chessboard/frame_1947.jpg: Insufficient structured lines (A: 0, B: 0) (Time: 0.0099s)
/workspace/sam3/seniT/masked_frames_chessboard/frame_1948.jpg: Insufficient structured lines (A: 0, B: 0) (Time: 0.0092s)
/workspace/sam3/seniT/masked_frames_chessboard/frame_1949.jpg: Insufficient structured lines (A: 0, B: 0) (Time: 0.0094s)
/workspace/sam3/seniT/masked_frames_chessboard/frame_1950.jpg: Insufficient structured lines (A: 0, B: 0) (Time: 0.0101s)
/workspace/sam3/seniT/masked_frames_chessboard/frame_1951.jpg: Insufficient structured lines (A: 0, B: 0) (Time: 0.0105s)
/workspace/sam3/seniT/masked_frames_chessboard/frame_1952.jpg: Insufficient structured lines (A: 0, B: 0) (Time: 0.0099s)
/workspace/sam3/seniT/masked_frames_chessboard/frame_1953.jpg: Insufficient structured lines (A: 0, B: 0) (Time: 0.0093s)
/workspace/sam3/seniT/masked_frames_chessboard/frame_1954.jpg: Insufficient structured lines (A: 0, B: 0) (Time: 0.0102s)
/workspace/sam3/seniT/masked_frames_chessboard/frame_1955.jpg: Insufficient structured lines (A: 0, B: 0) (Time: 0.0105s)
/workspace/sam3/seniT/masked_frames_chessboard/frame_1956.jpg: Insufficient structured lines (A: 0, B: 0) (Time: 0.0097s)
/workspace/sam3/seniT/masked_frames_chessboard/frame_1957.jpg: Insufficient structured lines (A: 0, B: 0) (Time: 0.0089s)
/workspace/sam3/seniT/masked_frames_chessboard/frame_1958.jpg: Insufficient structured lines (A: 0, B: 0) (Time: 0.0097s)
/workspace/sam3/seniT/masked_frames_chessboard/frame_1959.jpg: Insufficient structured lines (A: 0, B: 0) (Time: 0.0099s)
/workspace/sam3/seniT/masked_frames_chessboard/frame_1960.jpg: Insufficient structured lines (A: 0, B: 0) (Time: 0.0097s)
/workspace/sam3/seniT/masked_frames_chessboard/frame_1961.jpg: Insufficient structured lines (A: 0, B: 0) (Time: 0.0095s)
/workspace/sam3/seniT/masked_frames_chessboard/frame_1962.jpg: Insufficient structured lines (A: 0, B: 0) (Time: 0.0114s)
/workspace/sam3/seniT/masked_frames_chessboard/frame_1963.jpg: Insufficient structured lines (A: 0, B: 0) (Time: 0.0105s)
/workspace/sam3/seniT/masked_frames_chessboard/frame_1964.jpg: Insufficient structured lines (A: 0, B: 0) (Time: 0.0112s)
/workspace/sam3/seniT/masked_frames_chessboard/frame_1965.jpg: Insufficient structured lines (A: 0, B: 0) (Time: 0.0096s)
/workspace/sam3/seniT/masked_frames_chessboard/frame_1966.jpg: Insufficient structured lines (A: 0, B: 0) (Time: 0.0110s)
/workspace/sam3/seniT/masked_frames_chessboard/frame_1967.jpg: Insufficient structured lines (A: 0, B: 0) (Time: 0.0100s)
/workspace/sam3/seniT/masked_frames_chessboard/frame_1968.jpg: Insufficient structured lines (A: 0, B: 0) (Time: 0.0096s)
/workspace/sam3/seniT/masked_frames_chessboard/frame_1969.jpg: Insufficient structured lines (A: 0, B: 0) (Time: 0.0098s)
/workspace/sam3/seniT/masked_frames_chessboard/frame_1970.jpg: Insufficient structured lines (A: 0, B: 0) (Time: 0.0099s)
/workspace/sam3/seniT/masked_frames_chessboard/frame_1971.jpg: Insufficient structured lines (A: 0, B: 0) (Time: 0.0093s)
/workspace/sam3/seniT/masked_frames_chessboard/frame_1972.jpg: Insufficient structured lines (A: 0, B: 0) (Time: 0.0097s)
/workspace/sam3/seniT/masked_frames_chessboard/frame_1973.jpg: Insufficient structured lines (A: 0, B: 0) (Time: 0.0098s)
/workspace/sam3/seniT/masked_frames_chessboard/frame_1974.jpg: Insufficient structured lines (A: 0, B: 0) (Time: 0.0095s)
/workspace/sam3/seniT/masked_frames_chessboard/frame_1975.jpg: Insufficient structured lines (A: 0, B: 0) (Time: 0.0100s)
/workspace/sam3/seniT/masked_frames_chessboard/frame_1976.jpg: Insufficient structured lines (A: 0, B: 0) (Time: 0.0101s)
/workspace/sam3/seniT/masked_frames_chessboard/frame_1977.jpg: Insufficient structured lines (A: 0, B: 0) (Time: 0.0097s)
/workspace/sam3/seniT/masked_frames_chessboard/frame_1978.jpg: Insufficient structured lines (A: 0, B: 0) (Time: 0.0093s)
/workspace/sam3/seniT/masked_frames_chessboard/frame_1979.jpg: Insufficient structured lines (A: 0, B: 0) (Time: 0.0098s)
/workspace/sam3/seniT/masked_frames_chessboard/frame_1980.jpg: Insufficient structured lines (A: 0, B: 0) (Time: 0.0097s)
/workspace/sam3/seniT/masked_frames_chessboard/frame_1981.jpg: Insufficient structured lines (A: 0, B: 0) (Time: 0.0101s)
/workspace/sam3/seniT/masked_frames_chessboard/frame_1982.jpg: Insufficient structured lines (A: 0, B: 0) (Time: 0.0102s)
/workspace/sam3/seniT/masked_frames_chessboard/frame_1983.jpg: Insufficient structured lines (A: 0, B: 0) (Time: 0.0101s)
/workspace/sam3/seniT/masked_frames_chessboard/frame_1984.jpg: Insufficient structured lines (A: 0, B: 0) (Time: 0.0096s)
/workspace/sam3/seniT/masked_frames_chessboard/frame_1985.jpg: Insufficient structured lines (A: 0, B: 0) (Time: 0.0090s)
/workspace/sam3/seniT/masked_frames_chessboard/frame_1986.jpg: Insufficient structured lines (A: 0, B: 0) (Time: 0.0095s)
/workspace/sam3/seniT/masked_frames_chessboard/frame_1987.jpg: Insufficient structured lines (A: 0, B: 0) (Time: 0.0103s)
/workspace/sam3/seniT/masked_frames_chessboard/frame_1988.jpg: Insufficient structured lines (A: 0, B: 0) (Time: 0.0102s)
/workspace/sam3/seniT/masked_frames_chessboard/frame_1989.jpg: Insufficient structured lines (A: 0, B: 0) (Time: 0.0099s)
/workspace/sam3/seniT/masked_frames_chessboard/frame_1990.jpg: Insufficient structured lines (A: 0, B: 0) (Time: 0.0095s)
/workspace/sam3/seniT/masked_frames_chessboard/frame_1991.jpg: Insufficient structured lines (A: 0, B: 0) (Time: 0.0098s)
/workspace/sam3/seniT/masked_frames_chessboard/frame_1992.jpg: Insufficient structured lines (A: 0, B: 0) (Time: 0.0096s)
/workspace/sam3/seniT/masked_frames_chessboard/frame_1993.jpg: Insufficient structured lines (A: 0, B: 0) (Time: 0.0096s)
/workspace/sam3/seniT/masked_frames_chessboard/frame_1994.jpg: Insufficient structured lines (A: 0, B: 0) (Time: 0.0100s)
/workspace/sam3/seniT/masked_frames_chessboard/frame_1995.jpg: Insufficient structured lines (A: 0, B: 0) (Time: 0.0093s)
/workspace/sam3/seniT/masked_frames_chessboard/frame_1996.jpg: Insufficient structured lines (A: 0, B: 0) (Time: 0.0097s)
/workspace/sam3/seniT/masked_frames_chessboard/frame_1997.jpg: Insufficient structured lines (A: 0, B: 0) (Time: 0.0095s)
/workspace/sam3/seniT/masked_frames_chessboard/frame_1998.jpg: Insufficient structured lines (A: 0, B: 0) (Time: 0.0092s)
/workspace/sam3/seniT/masked_frames_chessboard/frame_1999.jpg: Insufficient structured lines (A: 0, B: 0) (Time: 0.0105s)
/workspace/sam3/seniT/masked_frames_chessboard/frame_2000.jpg: Insufficient structured lines (A: 0, B: 0) (Time: 0.0104s)
/workspace/sam3/seniT/masked_frames_chessboard/frame_2001.jpg: Insufficient structured lines (A: 0, B: 0) (Time: 0.0093s)
/workspace/sam3/seniT/masked_frames_chessboard/frame_2002.jpg: Insufficient structured lines (A: 0, B: 0) (Time: 0.0103s)
/workspace/sam3/seniT/masked_frames_chessboard/frame_2003.jpg: Insufficient structured lines (A: 0, B: 0) (Time: 0.0102s)
/workspace/sam3/seniT/masked_frames_chessboard/frame_2004.jpg: Insufficient structured lines (A: 0, B: 0) (Time: 0.0095s)
/workspace/sam3/seniT/masked_frames_chessboard/frame_2005.jpg: Insufficient structured lines (A: 0, B: 0) (Time: 0.0098s)
/workspace/sam3/seniT/masked_frames_chessboard/frame_2006.jpg: Insufficient structured lines (A: 0, B: 0) (Time: 0.0093s)
/workspace/sam3/seniT/masked_frames_chessboard/frame_2007.jpg: Insufficient structured lines (A: 0, B: 0) (Time: 0.0100s)
/workspace/sam3/seniT/masked_frames_chessboard/frame_2008.jpg: Insufficient structured lines (A: 0, B: 0) (Time: 0.0095s)
/workspace/sam3/seniT/masked_frames_chessboard/frame_2009.jpg: Insufficient structured lines (A: 0, B: 0) (Time: 0.0099s)
/workspace/sam3/seniT/masked_frames_chessboard/frame_2010.jpg: Insufficient structured lines (A: 0, B: 0) (Time: 0.0096s)
/workspace/sam3/seniT/masked_frames_chessboard/frame_2011.jpg: Insufficient structured lines (A: 0, B: 0) (Time: 0.0117s)
/workspace/sam3/seniT/masked_frames_chessboard/frame_2012.jpg: Insufficient structured lines (A: 0, B: 0) (Time: 0.0104s)
/workspace/sam3/seniT/masked_frames_chessboard/frame_2013.jpg: Insufficient structured lines (A: 0, B: 0) (Time: 0.0102s)
/workspace/sam3/seniT/masked_frames_chessboard/frame_2014.jpg: Insufficient structured lines (A: 0, B: 0) (Time: 0.0100s)
/workspace/sam3/seniT/masked_frames_chessboard/frame_2015.jpg: Insufficient structured lines (A: 0, B: 0) (Time: 0.0113s)
/workspace/sam3/seniT/masked_frames_chessboard/frame_2016.jpg: Insufficient structured lines (A: 0, B: 0) (Time: 0.0093s)
/workspace/sam3/seniT/masked_frames_chessboard/frame_2017.jpg: Insufficient structured lines (A: 0, B: 0) (Time: 0.0109s)
/workspace/sam3/seniT/masked_frames_chessboard/frame_2018.jpg: Insufficient structured lines (A: 0, B: 2) (Time: 0.0008s)
/workspace/sam3/seniT/masked_frames_chessboard/frame_2019.jpg: Insufficient structured lines (A: 1, B: 6) (Time: 0.0011s)
/workspace/sam3/seniT/masked_frames_chessboard/frame_2020.jpg: Exception: 'NoneType' object has no attribute 'sum' (Time: 0.0012s)
/workspace/sam3/seniT/masked_frames_chessboard/frame_2021.jpg: Insufficient structured lines (A: 0, B: 7) (Time: 0.0037s)
/workspace/sam3/seniT/masked_frames_chessboard/frame_2022.jpg: Exception: index 1 is out of bounds for axis 0 with size 1 (Time: 0.0032s)
/workspace/sam3/seniT/masked_frames_chessboard/frame_2023.jpg: Insufficient structured lines (A: 0, B: 2) (Time: 0.0025s)
/workspace/sam3/seniT/masked_frames_chessboard/frame_2024.jpg: Exception: index 1 is out of bounds for axis 0 with size 1 (Time: 0.0037s)
/workspace/sam3/seniT/masked_frames_chessboard/frame_2025.jpg: Exception: index 1 is out of bounds for axis 0 with size 1 (Time: 0.0055s)
/workspace/sam3/seniT/masked_frames_chessboard/frame_2026.jpg: Insufficient structured lines (A: 1, B: 8) (Time: 0.0061s)
/workspace/sam3/seniT/masked_frames_chessboard/frame_2027.jpg: RANSAC failed to find grid pattern (Time: 0.5901s)
/workspace/sam3/seniT/masked_frames_chessboard/frame_2028.jpg: RANSAC failed to find grid pattern (Time: 0.2560s)
/workspace/sam3/seniT/masked_frames_chessboard/frame_2029.jpg: RANSAC failed to find grid pattern (Time: 0.2764s)
/workspace/sam3/seniT/masked_frames_chessboard/frame_2030.jpg: RANSAC failed to find grid pattern (Time: 0.3015s)
/workspace/sam3/seniT/masked_frames_chessboard/frame_2031.jpg: RANSAC failed to find grid pattern (Time: 0.3160s)
/workspace/sam3/seniT/masked_frames_chessboard/frame_2032.jpg: RANSAC failed to find grid pattern (Time: 0.3231s)
/workspace/sam3/seniT/masked_frames_chessboard/frame_2033.jpg: RANSAC failed to find grid pattern (Time: 0.3604s)
/workspace/sam3/seniT/masked_frames_chessboard/frame_2034.jpg: RANSAC failed to find grid pattern (Time: 0.4794s)
/workspace/sam3/seniT/masked_frames_chessboard/frame_2035.jpg: RANSAC failed to find grid pattern (Time: 0.4567s)
/workspace/sam3/seniT/masked_frames_chessboard/frame_2036.jpg: RANSAC failed to find grid pattern (Time: 0.3414s)
/workspace/sam3/seniT/masked_frames_chessboard/frame_2037.jpg: RANSAC failed to find grid pattern (Time: 0.1867s)
/workspace/sam3/seniT/masked_frames_chessboard/frame_2038.jpg: RANSAC failed to find grid pattern (Time: 0.3397s)
/workspace/sam3/seniT/masked_frames_chessboard/frame_2039.jpg: RANSAC failed to find grid pattern (Time: 0.2104s)
/workspace/sam3/seniT/masked_frames_chessboard/frame_2040.jpg: RANSAC failed to find grid pattern (Time: 0.3194s)
/workspace/sam3/seniT/masked_frames_chessboard/frame_2041.jpg: RANSAC failed to find grid pattern (Time: 0.3048s)
/workspace/sam3/seniT/masked_frames_chessboard/frame_2042.jpg: RANSAC failed to find grid pattern (Time: 0.2852s)
/workspace/sam3/seniT/masked_frames_chessboard/frame_2043.jpg: RANSAC failed to find grid pattern (Time: 0.3620s)
/workspace/sam3/seniT/masked_frames_chessboard/frame_2044.jpg: Exception: index 1 is out of bounds for axis 0 with size 1 (Time: 0.0075s)
/workspace/sam3/seniT/masked_frames_chessboard/frame_2045.jpg: Exception: index 1 is out of bounds for axis 0 with size 1 (Time: 0.0059s)
/workspace/sam3/seniT/masked_frames_chessboard/frame_2046.jpg: Insufficient structured lines (A: 0, B: 4) (Time: 0.0056s)
/workspace/sam3/seniT/masked_frames_chessboard/frame_2047.jpg: Insufficient structured lines (A: 1, B: 0) (Time: 0.0068s)
/workspace/sam3/seniT/masked_frames_chessboard/frame_2048.jpg: Insufficient structured lines (A: 0, B: 4) (Time: 0.0068s)
/workspace/sam3/seniT/masked_frames_chessboard/frame_2049.jpg: Exception: index 1 is out of bounds for axis 0 with size 1 (Time: 0.0061s)
/workspace/sam3/seniT/masked_frames_chessboard/frame_2050.jpg: Exception: index 1 is out of bounds for axis 0 with size 1 (Time: 0.0059s)
/workspace/sam3/seniT/masked_frames_chessboard/frame_2100.jpg: RANSAC failed to find grid pattern (Time: 0.2757s)
/workspace/sam3/seniT/masked_frames_chessboard/frame_2101.jpg: RANSAC failed to find grid pattern (Time: 0.2528s)
/workspace/sam3/seniT/masked_frames_chessboard/frame_2103.jpg: RANSAC failed to find grid pattern (Time: 0.2608s)
/workspace/sam3/seniT/masked_frames_chessboard/frame_2133.jpg: RANSAC failed to find grid pattern (Time: 0.2530s)
/workspace/sam3/seniT/masked_frames_chessboard/frame_2227.jpg: RANSAC failed to find grid pattern (Time: 0.2547s)
/workspace/sam3/seniT/masked_frames_chessboard/frame_2239.jpg: RANSAC failed to find grid pattern (Time: 0.2693s)
/workspace/sam3/seniT/masked_frames_chessboard/frame_2240.jpg: RANSAC failed to find grid pattern (Time: 0.2224s)
/workspace/sam3/seniT/masked_frames_chessboard/frame_2241.jpg: RANSAC failed to find grid pattern (Time: 0.2330s)
/workspace/sam3/seniT/masked_frames_chessboard/frame_2242.jpg: RANSAC failed to find grid pattern (Time: 0.2644s)
/workspace/sam3/seniT/masked_frames_chessboard/frame_2243.jpg: RANSAC failed to find grid pattern (Time: 0.3276s)
/workspace/sam3/seniT/masked_frames_chessboard/frame_2244.jpg: RANSAC failed to find grid pattern (Time: 0.2650s)
/workspace/sam3/seniT/masked_frames_chessboard/frame_2245.jpg: RANSAC failed to find grid pattern (Time: 0.2153s)
/workspace/sam3/seniT/masked_frames_chessboard/frame_2246.jpg: RANSAC failed to find grid pattern (Time: 0.2301s)
/workspace/sam3/seniT/masked_frames_chessboard/frame_2247.jpg: RANSAC failed to find grid pattern (Time: 0.3109s)
/workspace/sam3/seniT/masked_frames_chessboard/frame_2248.jpg: RANSAC failed to find grid pattern (Time: 0.3210s)
/workspace/sam3/seniT/masked_frames_chessboard/frame_2249.jpg: RANSAC failed to find grid pattern (Time: 0.3035s)
/workspace/sam3/seniT/masked_frames_chessboard/frame_2250.jpg: RANSAC failed to find grid pattern (Time: 0.3280s)
/workspace/sam3/seniT/masked_frames_chessboard/frame_2251.jpg: RANSAC failed to find grid pattern (Time: 0.3409s)
/workspace/sam3/seniT/masked_frames_chessboard/frame_2252.jpg: RANSAC failed to find grid pattern (Time: 0.2470s)
/workspace/sam3/seniT/masked_frames_chessboard/frame_2253.jpg: RANSAC failed to find grid pattern (Time: 0.2146s)
/workspace/sam3/seniT/masked_frames_chessboard/frame_2254.jpg: RANSAC failed to find grid pattern (Time: 0.2587s)
/workspace/sam3/seniT/masked_frames_chessboard/frame_2255.jpg: RANSAC failed to find grid pattern (Time: 0.3256s)
/workspace/sam3/seniT/masked_frames_chessboard/frame_2256.jpg: RANSAC failed to find grid pattern (Time: 0.2152s)
/workspace/sam3/seniT/masked_frames_chessboard/frame_2257.jpg: RANSAC failed to find grid pattern (Time: 0.2843s)
/workspace/sam3/seniT/masked_frames_chessboard/frame_2258.jpg: RANSAC failed to find grid pattern (Time: 0.1969s)
/workspace/sam3/seniT/masked_frames_chessboard/frame_2259.jpg: RANSAC failed to find grid pattern (Time: 0.2018s)
/workspace/sam3/seniT/masked_frames_chessboard/frame_2260.jpg: RANSAC failed to find grid pattern (Time: 0.3108s)
/workspace/sam3/seniT/masked_frames_chessboard/frame_2261.jpg: RANSAC failed to find grid pattern (Time: 0.2048s)
/workspace/sam3/seniT/masked_frames_chessboard/frame_2262.jpg: RANSAC failed to find grid pattern (Time: 0.2968s)
/workspace/sam3/seniT/masked_frames_chessboard/frame_2263.jpg: RANSAC failed to find grid pattern (Time: 0.2482s)
/workspace/sam3/seniT/masked_frames_chessboard/frame_2264.jpg: RANSAC failed to find grid pattern (Time: 0.2855s)
/workspace/sam3/seniT/masked_frames_chessboard/frame_2265.jpg: RANSAC failed to find grid pattern (Time: 0.2757s)
/workspace/sam3/seniT/masked_frames_chessboard/frame_2266.jpg: RANSAC failed to find grid pattern (Time: 0.3708s)
/workspace/sam3/seniT/masked_frames_chessboard/frame_2267.jpg: RANSAC failed to find grid pattern (Time: 0.2874s)
/workspace/sam3/seniT/masked_frames_chessboard/frame_2268.jpg: RANSAC failed to find grid pattern (Time: 0.2941s)
/workspace/sam3/seniT/masked_frames_chessboard/frame_2269.jpg: RANSAC failed to find grid pattern (Time: 0.2523s)
/workspace/sam3/seniT/masked_frames_chessboard/frame_2270.jpg: RANSAC failed to find grid pattern (Time: 0.2487s)
/workspace/sam3/seniT/masked_frames_chessboard/frame_2271.jpg: RANSAC failed to find grid pattern (Time: 0.1867s)
/workspace/sam3/seniT/masked_frames_chessboard/frame_2272.jpg: RANSAC failed to find grid pattern (Time: 0.2553s)
/workspace/sam3/seniT/masked_frames_chessboard/frame_2273.jpg: RANSAC failed to find grid pattern (Time: 0.2369s)
/workspace/sam3/seniT/masked_frames_chessboard/frame_2275.jpg: RANSAC failed to find grid pattern (Time: 0.2117s)
/workspace/sam3/seniT/masked_frames_chessboard/frame_2276.jpg: RANSAC failed to find grid pattern (Time: 0.1783s)
/workspace/sam3/seniT/masked_frames_chessboard/frame_2277.jpg: RANSAC failed to find grid pattern (Time: 0.2350s)
/workspace/sam3/seniT/masked_frames_chessboard/frame_2278.jpg: RANSAC failed to find grid pattern (Time: 0.1844s)
/workspace/sam3/seniT/masked_frames_chessboard/frame_2279.jpg: RANSAC failed to find grid pattern (Time: 0.1767s)
/workspace/sam3/seniT/masked_frames_chessboard/frame_2280.jpg: RANSAC failed to find grid pattern (Time: 0.3169s)
/workspace/sam3/seniT/masked_frames_chessboard/frame_2281.jpg: RANSAC failed to find grid pattern (Time: 0.2435s)
/workspace/sam3/seniT/masked_frames_chessboard/frame_2282.jpg: RANSAC failed to find grid pattern (Time: 0.3636s)
/workspace/sam3/seniT/masked_frames_chessboard/frame_2283.jpg: RANSAC failed to find grid pattern (Time: 0.3348s)
/workspace/sam3/seniT/masked_frames_chessboard/frame_2284.jpg: RANSAC failed to find grid pattern (Time: 0.2061s)
/workspace/sam3/seniT/masked_frames_chessboard/frame_2285.jpg: RANSAC failed to find grid pattern (Time: 0.2883s)
/workspace/sam3/seniT/masked_frames_chessboard/frame_2286.jpg: RANSAC failed to find grid pattern (Time: 0.2342s)
/workspace/sam3/seniT/masked_frames_chessboard/frame_2287.jpg: RANSAC failed to find grid pattern (Time: 0.2708s)
/workspace/sam3/seniT/masked_frames_chessboard/frame_2288.jpg: RANSAC failed to find grid pattern (Time: 0.2313s)
/workspace/sam3/seniT/masked_frames_chessboard/frame_2289.jpg: RANSAC failed to find grid pattern (Time: 0.1994s)
/workspace/sam3/seniT/masked_frames_chessboard/frame_2290.jpg: RANSAC failed to find grid pattern (Time: 0.2131s)
/workspace/sam3/seniT/masked_frames_chessboard/frame_2291.jpg: RANSAC failed to find grid pattern (Time: 0.2282s)
/workspace/sam3/seniT/masked_frames_chessboard/frame_2292.jpg: RANSAC failed to find grid pattern (Time: 0.2422s)
/workspace/sam3/seniT/masked_frames_chessboard/frame_2293.jpg: RANSAC failed to find grid pattern (Time: 0.2513s)
/workspace/sam3/seniT/masked_frames_chessboard/frame_2294.jpg: RANSAC failed to find grid pattern (Time: 0.2126s)
/workspace/sam3/seniT/masked_frames_chessboard/frame_2295.jpg: RANSAC failed to find grid pattern (Time: 0.1887s)
/workspace/sam3/seniT/masked_frames_chessboard/frame_2296.jpg: RANSAC failed to find grid pattern (Time: 0.3676s)
/workspace/sam3/seniT/masked_frames_chessboard/frame_2297.jpg: RANSAC failed to find grid pattern (Time: 0.3818s)
/workspace/sam3/seniT/masked_frames_chessboard/frame_2298.jpg: RANSAC failed to find grid pattern (Time: 0.2409s)
/workspace/sam3/seniT/masked_frames_chessboard/frame_2299.jpg: RANSAC failed to find grid pattern (Time: 0.2807s)
/workspace/sam3/seniT/masked_frames_chessboard/frame_2300.jpg: RANSAC failed to find grid pattern (Time: 0.1927s)
/workspace/sam3/seniT/masked_frames_chessboard/frame_2301.jpg: RANSAC failed to find grid pattern (Time: 0.3006s)
/workspace/sam3/seniT/masked_frames_chessboard/frame_2302.jpg: RANSAC failed to find grid pattern (Time: 0.3097s)
/workspace/sam3/seniT/masked_frames_chessboard/frame_2303.jpg: RANSAC failed to find grid pattern (Time: 0.2211s)
/workspace/sam3/seniT/masked_frames_chessboard/frame_2304.jpg: RANSAC failed to find grid pattern (Time: 0.2652s)
/workspace/sam3/seniT/masked_frames_chessboard/frame_2305.jpg: RANSAC failed to find grid pattern (Time: 0.2569s)
/workspace/sam3/seniT/masked_frames_chessboard/frame_2306.jpg: RANSAC failed to find grid pattern (Time: 0.3604s)
/workspace/sam3/seniT/masked_frames_chessboard/frame_2307.jpg: RANSAC failed to find grid pattern (Time: 0.2906s)
/workspace/sam3/seniT/masked_frames_chessboard/frame_2308.jpg: RANSAC failed to find grid pattern (Time: 0.3301s)
/workspace/sam3/seniT/masked_frames_chessboard/frame_2309.jpg: RANSAC failed to find grid pattern (Time: 0.3140s)
/workspace/sam3/seniT/masked_frames_chessboard/frame_2310.jpg: RANSAC failed to find grid pattern (Time: 0.2607s)
/workspace/sam3/seniT/masked_frames_chessboard/frame_2311.jpg: RANSAC failed to find grid pattern (Time: 0.4319s)
/workspace/sam3/seniT/masked_frames_chessboard/frame_2312.jpg: RANSAC failed to find grid pattern (Time: 0.3833s)
/workspace/sam3/seniT/masked_frames_chessboard/frame_2313.jpg: RANSAC failed to find grid pattern (Time: 0.3124s)
/workspace/sam3/seniT/masked_frames_chessboard/frame_2314.jpg: RANSAC failed to find grid pattern (Time: 0.3145s)
/workspace/sam3/seniT/masked_frames_chessboard/frame_2315.jpg: RANSAC failed to find grid pattern (Time: 0.2482s)
/workspace/sam3/seniT/masked_frames_chessboard/frame_2316.jpg: RANSAC failed to find grid pattern (Time: 0.1925s)
/workspace/sam3/seniT/masked_frames_chessboard/frame_2317.jpg: RANSAC failed to find grid pattern (Time: 0.2237s)
/workspace/sam3/seniT/masked_frames_chessboard/frame_2318.jpg: RANSAC failed to find grid pattern (Time: 0.2527s)
/workspace/sam3/seniT/masked_frames_chessboard/frame_2319.jpg: RANSAC failed to find grid pattern (Time: 0.2957s)
/workspace/sam3/seniT/masked_frames_chessboard/frame_2325.jpg: RANSAC failed to find grid pattern (Time: 0.2943s)
/workspace/sam3/seniT/masked_frames_chessboard/frame_2326.jpg: RANSAC failed to find grid pattern (Time: 0.2976s)
