/workspace/sam3/seniT/chessboard_crops/crop_0095.png: RANSAC failed (Time: 0.5120s)
/workspace/sam3/seniT/chessboard_crops/crop_0150.png: Exception: OpenCV(4.12.0) /io/opencv/modules/imgproc/src/imgwarp.cpp:3565: error: (-215:Assertion failed) src.checkVector(2, CV_32F) == 4 && dst.checkVector(2, CV_32F) == 4 in function 'getPerspectiveTransform'
 (Time: 0.0096s)
/workspace/sam3/seniT/chessboard_crops/crop_0160.png: Exception: OpenCV(4.12.0) /io/opencv/modules/imgproc/src/imgwarp.cpp:3565: error: (-215:Assertion failed) src.checkVector(2, CV_32F) == 4 && dst.checkVector(2, CV_32F) == 4 in function 'getPerspectiveTransform'
 (Time: 0.0055s)
/workspace/sam3/seniT/chessboard_crops/crop_0185.png: Exception: OpenCV(4.12.0) /io/opencv/modules/imgproc/src/imgwarp.cpp:3565: error: (-215:Assertion failed) src.checkVector(2, CV_32F) == 4 && dst.checkVector(2, CV_32F) == 4 in function 'getPerspectiveTransform'
 (Time: 0.0045s)
/workspace/sam3/seniT/chessboard_crops/crop_0190.png: RANSAC failed (Time: 0.1461s)
/workspace/sam3/seniT/chessboard_crops/crop_0200.png: RANSAC failed (Time: 0.1200s)
/workspace/sam3/seniT/chessboard_crops/crop_0215.png: Exception: OpenCV(4.12.0) /io/opencv/modules/imgproc/src/imgwarp.cpp:3565: error: (-215:Assertion failed) src.checkVector(2, CV_32F) == 4 && dst.checkVector(2, CV_32F) == 4 in function 'getPerspectiveTransform'
 (Time: 0.0049s)
/workspace/sam3/seniT/chessboard_crops/crop_0220.png: RANSAC failed (Time: 0.0911s)
/workspace/sam3/seniT/chessboard_crops/crop_0235.png: Exception: OpenCV(4.12.0) /io/opencv/modules/imgproc/src/imgwarp.cpp:3565: error: (-215:Assertion failed) src.checkVector(2, CV_32F) == 4 && dst.checkVector(2, CV_32F) == 4 in function 'getPerspectiveTransform'
 (Time: 0.0037s)
/workspace/sam3/seniT/chessboard_crops/crop_0240.png: RANSAC failed (Time: 0.0770s)
/workspace/sam3/seniT/chessboard_crops/crop_0255.png: Exception: OpenCV(4.12.0) /io/opencv/modules/imgproc/src/imgwarp.cpp:3565: error: (-215:Assertion failed) src.checkVector(2, CV_32F) == 4 && dst.checkVector(2, CV_32F) == 4 in function 'getPerspectiveTransform'
 (Time: 0.0040s)
/workspace/sam3/seniT/chessboard_crops/crop_0265.png: Exception: OpenCV(4.12.0) /io/opencv/modules/imgproc/src/imgwarp.cpp:3565: error: (-215:Assertion failed) src.checkVector(2, CV_32F) == 4 && dst.checkVector(2, CV_32F) == 4 in function 'getPerspectiveTransform'
 (Time: 0.0040s)
/workspace/sam3/seniT/chessboard_crops/crop_0275.png: Exception: OpenCV(4.12.0) /io/opencv/modules/imgproc/src/imgwarp.cpp:3565: error: (-215:Assertion failed) src.checkVector(2, CV_32F) == 4 && dst.checkVector(2, CV_32F) == 4 in function 'getPerspectiveTransform'
 (Time: 0.0040s)
/workspace/sam3/seniT/chessboard_crops/crop_0380.png: Exception: OpenCV(4.12.0) /io/opencv/modules/imgproc/src/imgwarp.cpp:3565: error: (-215:Assertion failed) src.checkVector(2, CV_32F) == 4 && dst.checkVector(2, CV_32F) == 4 in function 'getPerspectiveTransform'
 (Time: 0.0093s)
/workspace/sam3/seniT/chessboard_crops/crop_0535.png: Exception: OpenCV(4.12.0) /io/opencv/modules/imgproc/src/imgwarp.cpp:3565: error: (-215:Assertion failed) src.checkVector(2, CV_32F) == 4 && dst.checkVector(2, CV_32F) == 4 in function 'getPerspectiveTransform'
 (Time: 0.0052s)
/workspace/sam3/seniT/chessboard_crops/crop_0545.png: Exception: OpenCV(4.12.0) /io/opencv/modules/imgproc/src/imgwarp.cpp:3565: error: (-215:Assertion failed) src.checkVector(2, CV_32F) == 4 && dst.checkVector(2, CV_32F) == 4 in function 'getPerspectiveTransform'
 (Time: 0.0060s)
/workspace/sam3/seniT/chessboard_crops/crop_0555.png: Exception: OpenCV(4.12.0) /io/opencv/modules/imgproc/src/imgwarp.cpp:3565: error: (-215:Assertion failed) src.checkVector(2, CV_32F) == 4 && dst.checkVector(2, CV_32F) == 4 in function 'getPerspectiveTransform'
 (Time: 0.0130s)
/workspace/sam3/seniT/chessboard_crops/crop_0600.png: Exception: OpenCV(4.12.0) /io/opencv/modules/imgproc/src/imgwarp.cpp:3565: error: (-215:Assertion failed) src.checkVector(2, CV_32F) == 4 && dst.checkVector(2, CV_32F) == 4 in function 'getPerspectiveTransform'
 (Time: 0.0045s)
/workspace/sam3/seniT/chessboard_crops/crop_0610.png: Exception: OpenCV(4.12.0) /io/opencv/modules/imgproc/src/imgwarp.cpp:3565: error: (-215:Assertion failed) src.checkVector(2, CV_32F) == 4 && dst.checkVector(2, CV_32F) == 4 in function 'getPerspectiveTransform'
 (Time: 0.0097s)
/workspace/sam3/seniT/chessboard_crops/crop_0620.png: Exception: OpenCV(4.12.0) /io/opencv/modules/imgproc/src/imgwarp.cpp:3565: error: (-215:Assertion failed) src.checkVector(2, CV_32F) == 4 && dst.checkVector(2, CV_32F) == 4 in function 'getPerspectiveTransform'
 (Time: 0.0049s)
/workspace/sam3/seniT/chessboard_crops/crop_0630.png: Exception: OpenCV(4.12.0) /io/opencv/modules/imgproc/src/imgwarp.cpp:3565: error: (-215:Assertion failed) src.checkVector(2, CV_32F) == 4 && dst.checkVector(2, CV_32F) == 4 in function 'getPerspectiveTransform'
 (Time: 0.0046s)
/workspace/sam3/seniT/chessboard_crops/crop_0640.png: Exception: OpenCV(4.12.0) /io/opencv/modules/imgproc/src/imgwarp.cpp:3565: error: (-215:Assertion failed) src.checkVector(2, CV_32F) == 4 && dst.checkVector(2, CV_32F) == 4 in function 'getPerspectiveTransform'
 (Time: 0.0055s)
/workspace/sam3/seniT/chessboard_crops/crop_0650.png: Exception: OpenCV(4.12.0) /io/opencv/modules/imgproc/src/imgwarp.cpp:3565: error: (-215:Assertion failed) src.checkVector(2, CV_32F) == 4 && dst.checkVector(2, CV_32F) == 4 in function 'getPerspectiveTransform'
 (Time: 0.0045s)
/workspace/sam3/seniT/chessboard_crops/crop_0660.png: Exception: OpenCV(4.12.0) /io/opencv/modules/imgproc/src/imgwarp.cpp:3565: error: (-215:Assertion failed) src.checkVector(2, CV_32F) == 4 && dst.checkVector(2, CV_32F) == 4 in function 'getPerspectiveTransform'
 (Time: 0.0036s)
/workspace/sam3/seniT/chessboard_crops/crop_0680.png: Exception: OpenCV(4.12.0) /io/opencv/modules/imgproc/src/imgwarp.cpp:3565: error: (-215:Assertion failed) src.checkVector(2, CV_32F) == 4 && dst.checkVector(2, CV_32F) == 4 in function 'getPerspectiveTransform'
 (Time: 0.0046s)
/workspace/sam3/seniT/chessboard_crops/crop_0690.png: Exception: OpenCV(4.12.0) /io/opencv/modules/imgproc/src/imgwarp.cpp:3565: error: (-215:Assertion failed) src.checkVector(2, CV_32F) == 4 && dst.checkVector(2, CV_32F) == 4 in function 'getPerspectiveTransform'
 (Time: 0.0054s)
/workspace/sam3/seniT/chessboard_crops/crop_0700.png: Exception: OpenCV(4.12.0) /io/opencv/modules/imgproc/src/imgwarp.cpp:3565: error: (-215:Assertion failed) src.checkVector(2, CV_32F) == 4 && dst.checkVector(2, CV_32F) == 4 in function 'getPerspectiveTransform'
 (Time: 0.0092s)
/workspace/sam3/seniT/chessboard_crops/crop_0710.png: Exception: OpenCV(4.12.0) /io/opencv/modules/imgproc/src/imgwarp.cpp:3565: error: (-215:Assertion failed) src.checkVector(2, CV_32F) == 4 && dst.checkVector(2, CV_32F) == 4 in function 'getPerspectiveTransform'
 (Time: 0.0056s)
/workspace/sam3/seniT/chessboard_crops/crop_0720.png: Exception: OpenCV(4.12.0) /io/opencv/modules/imgproc/src/imgwarp.cpp:3565: error: (-215:Assertion failed) src.checkVector(2, CV_32F) == 4 && dst.checkVector(2, CV_32F) == 4 in function 'getPerspectiveTransform'
 (Time: 0.0053s)
/workspace/sam3/seniT/chessboard_crops/crop_0730.png: Exception: OpenCV(4.12.0) /io/opencv/modules/imgproc/src/imgwarp.cpp:3565: error: (-215:Assertion failed) src.checkVector(2, CV_32F) == 4 && dst.checkVector(2, CV_32F) == 4 in function 'getPerspectiveTransform'
 (Time: 0.0120s)
/workspace/sam3/seniT/chessboard_crops/crop_0795.png: Exception: OpenCV(4.12.0) /io/opencv/modules/imgproc/src/imgwarp.cpp:3565: error: (-215:Assertion failed) src.checkVector(2, CV_32F) == 4 && dst.checkVector(2, CV_32F) == 4 in function 'getPerspectiveTransform'
 (Time: 0.0050s)
/workspace/sam3/seniT/chessboard_crops/crop_0805.png: RANSAC failed (Time: 0.0865s)
/workspace/sam3/seniT/chessboard_crops/crop_0820.png: Exception: OpenCV(4.12.0) /io/opencv/modules/imgproc/src/imgwarp.cpp:3565: error: (-215:Assertion failed) src.checkVector(2, CV_32F) == 4 && dst.checkVector(2, CV_32F) == 4 in function 'getPerspectiveTransform'
 (Time: 0.0062s)
/workspace/sam3/seniT/chessboard_crops/crop_0830.png: Exception: OpenCV(4.12.0) /io/opencv/modules/imgproc/src/imgwarp.cpp:3565: error: (-215:Assertion failed) src.checkVector(2, CV_32F) == 4 && dst.checkVector(2, CV_32F) == 4 in function 'getPerspectiveTransform'
 (Time: 0.0047s)
/workspace/sam3/seniT/chessboard_crops/crop_0835.png: RANSAC failed (Time: 0.1977s)
/workspace/sam3/seniT/chessboard_crops/crop_0850.png: Exception: OpenCV(4.12.0) /io/opencv/modules/imgproc/src/imgwarp.cpp:3565: error: (-215:Assertion failed) src.checkVector(2, CV_32F) == 4 && dst.checkVector(2, CV_32F) == 4 in function 'getPerspectiveTransform'
 (Time: 0.0194s)
/workspace/sam3/seniT/chessboard_crops/crop_0860.png: Exception: OpenCV(4.12.0) /io/opencv/modules/imgproc/src/imgwarp.cpp:3565: error: (-215:Assertion failed) src.checkVector(2, CV_32F) == 4 && dst.checkVector(2, CV_32F) == 4 in function 'getPerspectiveTransform'
 (Time: 0.0054s)
/workspace/sam3/seniT/chessboard_crops/crop_0870.png: Exception: OpenCV(4.12.0) /io/opencv/modules/imgproc/src/imgwarp.cpp:3565: error: (-215:Assertion failed) src.checkVector(2, CV_32F) == 4 && dst.checkVector(2, CV_32F) == 4 in function 'getPerspectiveTransform'
 (Time: 0.0145s)
/workspace/sam3/seniT/chessboard_crops/crop_0945.png: Exception: OpenCV(4.12.0) /io/opencv/modules/imgproc/src/imgwarp.cpp:3565: error: (-215:Assertion failed) src.checkVector(2, CV_32F) == 4 && dst.checkVector(2, CV_32F) == 4 in function 'getPerspectiveTransform'
 (Time: 0.0054s)
/workspace/sam3/seniT/chessboard_crops/crop_0955.png: Exception: OpenCV(4.12.0) /io/opencv/modules/imgproc/src/imgwarp.cpp:3565: error: (-215:Assertion failed) src.checkVector(2, CV_32F) == 4 && dst.checkVector(2, CV_32F) == 4 in function 'getPerspectiveTransform'
 (Time: 0.0076s)
/workspace/sam3/seniT/chessboard_crops/crop_0965.png: Exception: OpenCV(4.12.0) /io/opencv/modules/imgproc/src/imgwarp.cpp:3565: error: (-215:Assertion failed) src.checkVector(2, CV_32F) == 4 && dst.checkVector(2, CV_32F) == 4 in function 'getPerspectiveTransform'
 (Time: 0.0061s)
/workspace/sam3/seniT/chessboard_crops/crop_0995.png: RANSAC failed (Time: 0.1293s)
/workspace/sam3/seniT/chessboard_crops/crop_1020.png: Exception: OpenCV(4.12.0) /io/opencv/modules/imgproc/src/imgwarp.cpp:3565: error: (-215:Assertion failed) src.checkVector(2, CV_32F) == 4 && dst.checkVector(2, CV_32F) == 4 in function 'getPerspectiveTransform'
 (Time: 0.0057s)
/workspace/sam3/seniT/chessboard_crops/crop_1025.png: Exception: OpenCV(4.12.0) /io/opencv/modules/imgproc/src/imgwarp.cpp:3565: error: (-215:Assertion failed) src.checkVector(2, CV_32F) == 4 && dst.checkVector(2, CV_32F) == 4 in function 'getPerspectiveTransform'
 (Time: 0.0054s)
/workspace/sam3/seniT/chessboard_crops/crop_1030.png: Exception: OpenCV(4.12.0) /io/opencv/modules/imgproc/src/imgwarp.cpp:3565: error: (-215:Assertion failed) src.checkVector(2, CV_32F) == 4 && dst.checkVector(2, CV_32F) == 4 in function 'getPerspectiveTransform'
 (Time: 0.0047s)
/workspace/sam3/seniT/chessboard_crops/crop_1035.png: RANSAC failed (Time: 0.1967s)
/workspace/sam3/seniT/chessboard_crops/crop_1045.png: RANSAC failed (Time: 0.2261s)
/workspace/sam3/seniT/chessboard_crops/crop_1050.png: RANSAC failed (Time: 0.1319s)
/workspace/sam3/seniT/chessboard_crops/crop_1055.png: RANSAC failed (Time: 0.0810s)
/workspace/sam3/seniT/chessboard_crops/crop_1060.png: RANSAC failed (Time: 0.1006s)
/workspace/sam3/seniT/chessboard_crops/crop_1085.png: Exception: OpenCV(4.12.0) /io/opencv/modules/imgproc/src/imgwarp.cpp:3565: error: (-215:Assertion failed) src.checkVector(2, CV_32F) == 4 && dst.checkVector(2, CV_32F) == 4 in function 'getPerspectiveTransform'
 (Time: 0.0069s)
/workspace/sam3/seniT/chessboard_crops/crop_1095.png: Exception: OpenCV(4.12.0) /io/opencv/modules/imgproc/src/imgwarp.cpp:3565: error: (-215:Assertion failed) src.checkVector(2, CV_32F) == 4 && dst.checkVector(2, CV_32F) == 4 in function 'getPerspectiveTransform'
 (Time: 0.0048s)
/workspace/sam3/seniT/chessboard_crops/crop_1105.png: Exception: OpenCV(4.12.0) /io/opencv/modules/imgproc/src/imgwarp.cpp:3565: error: (-215:Assertion failed) src.checkVector(2, CV_32F) == 4 && dst.checkVector(2, CV_32F) == 4 in function 'getPerspectiveTransform'
 (Time: 0.0053s)
/workspace/sam3/seniT/chessboard_crops/crop_1115.png: Exception: OpenCV(4.12.0) /io/opencv/modules/imgproc/src/imgwarp.cpp:3565: error: (-215:Assertion failed) src.checkVector(2, CV_32F) == 4 && dst.checkVector(2, CV_32F) == 4 in function 'getPerspectiveTransform'
 (Time: 0.0057s)
/workspace/sam3/seniT/chessboard_crops/crop_1125.png: Exception: OpenCV(4.12.0) /io/opencv/modules/imgproc/src/imgwarp.cpp:3565: error: (-215:Assertion failed) src.checkVector(2, CV_32F) == 4 && dst.checkVector(2, CV_32F) == 4 in function 'getPerspectiveTransform'
 (Time: 0.0079s)
/workspace/sam3/seniT/chessboard_crops/crop_1230.png: Exception: OpenCV(4.12.0) /io/opencv/modules/imgproc/src/imgwarp.cpp:3565: error: (-215:Assertion failed) src.checkVector(2, CV_32F) == 4 && dst.checkVector(2, CV_32F) == 4 in function 'getPerspectiveTransform'
 (Time: 0.0055s)
/workspace/sam3/seniT/chessboard_crops/crop_1240.png: Exception: OpenCV(4.12.0) /io/opencv/modules/imgproc/src/imgwarp.cpp:3565: error: (-215:Assertion failed) src.checkVector(2, CV_32F) == 4 && dst.checkVector(2, CV_32F) == 4 in function 'getPerspectiveTransform'
 (Time: 0.0048s)
/workspace/sam3/seniT/chessboard_crops/crop_1250.png: Exception: OpenCV(4.12.0) /io/opencv/modules/imgproc/src/imgwarp.cpp:3565: error: (-215:Assertion failed) src.checkVector(2, CV_32F) == 4 && dst.checkVector(2, CV_32F) == 4 in function 'getPerspectiveTransform'
 (Time: 0.0052s)
/workspace/sam3/seniT/chessboard_crops/crop_1260.png: Exception: OpenCV(4.12.0) /io/opencv/modules/imgproc/src/imgwarp.cpp:3565: error: (-215:Assertion failed) src.checkVector(2, CV_32F) == 4 && dst.checkVector(2, CV_32F) == 4 in function 'getPerspectiveTransform'
 (Time: 0.0053s)
/workspace/sam3/seniT/chessboard_crops/crop_1270.png: Exception: OpenCV(4.12.0) /io/opencv/modules/imgproc/src/imgwarp.cpp:3565: error: (-215:Assertion failed) src.checkVector(2, CV_32F) == 4 && dst.checkVector(2, CV_32F) == 4 in function 'getPerspectiveTransform'
 (Time: 0.0053s)
/workspace/sam3/seniT/chessboard_crops/crop_1280.png: Exception: OpenCV(4.12.0) /io/opencv/modules/imgproc/src/imgwarp.cpp:3565: error: (-215:Assertion failed) src.checkVector(2, CV_32F) == 4 && dst.checkVector(2, CV_32F) == 4 in function 'getPerspectiveTransform'
 (Time: 0.0056s)
/workspace/sam3/seniT/chessboard_crops/crop_1290.png: Exception: OpenCV(4.12.0) /io/opencv/modules/imgproc/src/imgwarp.cpp:3565: error: (-215:Assertion failed) src.checkVector(2, CV_32F) == 4 && dst.checkVector(2, CV_32F) == 4 in function 'getPerspectiveTransform'
 (Time: 0.0052s)
/workspace/sam3/seniT/chessboard_crops/crop_1300.png: Exception: OpenCV(4.12.0) /io/opencv/modules/imgproc/src/imgwarp.cpp:3565: error: (-215:Assertion failed) src.checkVector(2, CV_32F) == 4 && dst.checkVector(2, CV_32F) == 4 in function 'getPerspectiveTransform'
 (Time: 0.0049s)
/workspace/sam3/seniT/chessboard_crops/crop_1370.png: Exception: OpenCV(4.12.0) /io/opencv/modules/imgproc/src/imgwarp.cpp:3565: error: (-215:Assertion failed) src.checkVector(2, CV_32F) == 4 && dst.checkVector(2, CV_32F) == 4 in function 'getPerspectiveTransform'
 (Time: 0.0161s)
/workspace/sam3/seniT/chessboard_crops/crop_1380.png: Exception: OpenCV(4.12.0) /io/opencv/modules/imgproc/src/imgwarp.cpp:3565: error: (-215:Assertion failed) src.checkVector(2, CV_32F) == 4 && dst.checkVector(2, CV_32F) == 4 in function 'getPerspectiveTransform'
 (Time: 0.0099s)
/workspace/sam3/seniT/chessboard_crops/crop_1390.png: Exception: OpenCV(4.12.0) /io/opencv/modules/imgproc/src/imgwarp.cpp:3565: error: (-215:Assertion failed) src.checkVector(2, CV_32F) == 4 && dst.checkVector(2, CV_32F) == 4 in function 'getPerspectiveTransform'
 (Time: 0.0079s)
/workspace/sam3/seniT/chessboard_crops/crop_1400.png: Exception: OpenCV(4.12.0) /io/opencv/modules/imgproc/src/imgwarp.cpp:3565: error: (-215:Assertion failed) src.checkVector(2, CV_32F) == 4 && dst.checkVector(2, CV_32F) == 4 in function 'getPerspectiveTransform'
 (Time: 0.0055s)
/workspace/sam3/seniT/chessboard_crops/crop_1410.png: Exception: OpenCV(4.12.0) /io/opencv/modules/imgproc/src/imgwarp.cpp:3565: error: (-215:Assertion failed) src.checkVector(2, CV_32F) == 4 && dst.checkVector(2, CV_32F) == 4 in function 'getPerspectiveTransform'
 (Time: 0.0049s)
/workspace/sam3/seniT/chessboard_crops/crop_1420.png: Exception: OpenCV(4.12.0) /io/opencv/modules/imgproc/src/imgwarp.cpp:3565: error: (-215:Assertion failed) src.checkVector(2, CV_32F) == 4 && dst.checkVector(2, CV_32F) == 4 in function 'getPerspectiveTransform'
 (Time: 0.0047s)
/workspace/sam3/seniT/chessboard_crops/crop_1430.png: Exception: OpenCV(4.12.0) /io/opencv/modules/imgproc/src/imgwarp.cpp:3565: error: (-215:Assertion failed) src.checkVector(2, CV_32F) == 4 && dst.checkVector(2, CV_32F) == 4 in function 'getPerspectiveTransform'
 (Time: 0.0052s)
/workspace/sam3/seniT/chessboard_crops/crop_1440.png: Exception: OpenCV(4.12.0) /io/opencv/modules/imgproc/src/imgwarp.cpp:3565: error: (-215:Assertion failed) src.checkVector(2, CV_32F) == 4 && dst.checkVector(2, CV_32F) == 4 in function 'getPerspectiveTransform'
 (Time: 0.0042s)
/workspace/sam3/seniT/chessboard_crops/crop_1445.png: RANSAC failed (Time: 0.1807s)
/workspace/sam3/seniT/chessboard_crops/crop_1460.png: Exception: OpenCV(4.12.0) /io/opencv/modules/imgproc/src/imgwarp.cpp:3565: error: (-215:Assertion failed) src.checkVector(2, CV_32F) == 4 && dst.checkVector(2, CV_32F) == 4 in function 'getPerspectiveTransform'
 (Time: 0.0043s)
/workspace/sam3/seniT/chessboard_crops/crop_1470.png: Exception: OpenCV(4.12.0) /io/opencv/modules/imgproc/src/imgwarp.cpp:3565: error: (-215:Assertion failed) src.checkVector(2, CV_32F) == 4 && dst.checkVector(2, CV_32F) == 4 in function 'getPerspectiveTransform'
 (Time: 0.0054s)
/workspace/sam3/seniT/chessboard_crops/crop_1480.png: Exception: OpenCV(4.12.0) /io/opencv/modules/imgproc/src/imgwarp.cpp:3565: error: (-215:Assertion failed) src.checkVector(2, CV_32F) == 4 && dst.checkVector(2, CV_32F) == 4 in function 'getPerspectiveTransform'
 (Time: 0.0050s)
/workspace/sam3/seniT/chessboard_crops/crop_1490.png: Exception: OpenCV(4.12.0) /io/opencv/modules/imgproc/src/imgwarp.cpp:3565: error: (-215:Assertion failed) src.checkVector(2, CV_32F) == 4 && dst.checkVector(2, CV_32F) == 4 in function 'getPerspectiveTransform'
 (Time: 0.0054s)
/workspace/sam3/seniT/chessboard_crops/crop_1500.png: Exception: OpenCV(4.12.0) /io/opencv/modules/imgproc/src/imgwarp.cpp:3565: error: (-215:Assertion failed) src.checkVector(2, CV_32F) == 4 && dst.checkVector(2, CV_32F) == 4 in function 'getPerspectiveTransform'
 (Time: 0.0049s)
/workspace/sam3/seniT/chessboard_crops/crop_1510.png: Exception: OpenCV(4.12.0) /io/opencv/modules/imgproc/src/imgwarp.cpp:3565: error: (-215:Assertion failed) src.checkVector(2, CV_32F) == 4 && dst.checkVector(2, CV_32F) == 4 in function 'getPerspectiveTransform'
 (Time: 0.0057s)
/workspace/sam3/seniT/chessboard_crops/crop_1520.png: Exception: OpenCV(4.12.0) /io/opencv/modules/imgproc/src/imgwarp.cpp:3565: error: (-215:Assertion failed) src.checkVector(2, CV_32F) == 4 && dst.checkVector(2, CV_32F) == 4 in function 'getPerspectiveTransform'
 (Time: 0.0047s)
/workspace/sam3/seniT/chessboard_crops/crop_1530.png: Exception: OpenCV(4.12.0) /io/opencv/modules/imgproc/src/imgwarp.cpp:3565: error: (-215:Assertion failed) src.checkVector(2, CV_32F) == 4 && dst.checkVector(2, CV_32F) == 4 in function 'getPerspectiveTransform'
 (Time: 0.0058s)
/workspace/sam3/seniT/chessboard_crops/crop_1540.png: Exception: OpenCV(4.12.0) /io/opencv/modules/imgproc/src/imgwarp.cpp:3565: error: (-215:Assertion failed) src.checkVector(2, CV_32F) == 4 && dst.checkVector(2, CV_32F) == 4 in function 'getPerspectiveTransform'
 (Time: 0.0051s)
/workspace/sam3/seniT/chessboard_crops/crop_1550.png: Exception: OpenCV(4.12.0) /io/opencv/modules/imgproc/src/imgwarp.cpp:3565: error: (-215:Assertion failed) src.checkVector(2, CV_32F) == 4 && dst.checkVector(2, CV_32F) == 4 in function 'getPerspectiveTransform'
 (Time: 0.0055s)
/workspace/sam3/seniT/chessboard_crops/crop_1595.png: Exception: OpenCV(4.12.0) /io/opencv/modules/imgproc/src/imgwarp.cpp:3565: error: (-215:Assertion failed) src.checkVector(2, CV_32F) == 4 && dst.checkVector(2, CV_32F) == 4 in function 'getPerspectiveTransform'
 (Time: 0.0042s)
/workspace/sam3/seniT/chessboard_crops/crop_1605.png: Exception: OpenCV(4.12.0) /io/opencv/modules/imgproc/src/imgwarp.cpp:3565: error: (-215:Assertion failed) src.checkVector(2, CV_32F) == 4 && dst.checkVector(2, CV_32F) == 4 in function 'getPerspectiveTransform'
 (Time: 0.0160s)
/workspace/sam3/seniT/chessboard_crops/crop_1615.png: Exception: OpenCV(4.12.0) /io/opencv/modules/imgproc/src/imgwarp.cpp:3565: error: (-215:Assertion failed) src.checkVector(2, CV_32F) == 4 && dst.checkVector(2, CV_32F) == 4 in function 'getPerspectiveTransform'
 (Time: 0.0109s)
/workspace/sam3/seniT/chessboard_crops/crop_1625.png: Exception: OpenCV(4.12.0) /io/opencv/modules/imgproc/src/imgwarp.cpp:3565: error: (-215:Assertion failed) src.checkVector(2, CV_32F) == 4 && dst.checkVector(2, CV_32F) == 4 in function 'getPerspectiveTransform'
 (Time: 0.0059s)
/workspace/sam3/seniT/chessboard_crops/crop_1635.png: Exception: OpenCV(4.12.0) /io/opencv/modules/imgproc/src/imgwarp.cpp:3565: error: (-215:Assertion failed) src.checkVector(2, CV_32F) == 4 && dst.checkVector(2, CV_32F) == 4 in function 'getPerspectiveTransform'
 (Time: 0.0146s)
/workspace/sam3/seniT/chessboard_crops/crop_1645.png: Exception: OpenCV(4.12.0) /io/opencv/modules/imgproc/src/imgwarp.cpp:3565: error: (-215:Assertion failed) src.checkVector(2, CV_32F) == 4 && dst.checkVector(2, CV_32F) == 4 in function 'getPerspectiveTransform'
 (Time: 0.0050s)
/workspace/sam3/seniT/chessboard_crops/crop_1655.png: Exception: OpenCV(4.12.0) /io/opencv/modules/imgproc/src/imgwarp.cpp:3565: error: (-215:Assertion failed) src.checkVector(2, CV_32F) == 4 && dst.checkVector(2, CV_32F) == 4 in function 'getPerspectiveTransform'
 (Time: 0.0083s)
/workspace/sam3/seniT/chessboard_crops/crop_1660.png: RANSAC failed (Time: 0.1062s)
/workspace/sam3/seniT/chessboard_crops/crop_1675.png: Exception: OpenCV(4.12.0) /io/opencv/modules/imgproc/src/imgwarp.cpp:3565: error: (-215:Assertion failed) src.checkVector(2, CV_32F) == 4 && dst.checkVector(2, CV_32F) == 4 in function 'getPerspectiveTransform'
 (Time: 0.0140s)
/workspace/sam3/seniT/chessboard_crops/crop_1685.png: Exception: OpenCV(4.12.0) /io/opencv/modules/imgproc/src/imgwarp.cpp:3565: error: (-215:Assertion failed) src.checkVector(2, CV_32F) == 4 && dst.checkVector(2, CV_32F) == 4 in function 'getPerspectiveTransform'
 (Time: 0.0055s)
/workspace/sam3/seniT/chessboard_crops/crop_1775.png: Exception: OpenCV(4.12.0) /io/opencv/modules/imgproc/src/imgwarp.cpp:3565: error: (-215:Assertion failed) src.checkVector(2, CV_32F) == 4 && dst.checkVector(2, CV_32F) == 4 in function 'getPerspectiveTransform'
 (Time: 0.0047s)
/workspace/sam3/seniT/chessboard_crops/crop_1890.png: Exception: index 1 is out of bounds for axis 0 with size 1 (Time: 0.0120s)
/workspace/sam3/seniT/chessboard_crops/crop_1895.png: RANSAC failed (Time: 0.3187s)
/workspace/sam3/seniT/chessboard_crops/crop_1900.png: RANSAC failed (Time: 0.3889s)
/workspace/sam3/seniT/chessboard_crops/crop_1905.png: Insufficient structured lines (A: 0, B: 0) (Time: 0.0059s)
/workspace/sam3/seniT/chessboard_crops/crop_2080.png: Exception: OpenCV(4.12.0) /io/opencv/modules/imgproc/src/imgwarp.cpp:3565: error: (-215:Assertion failed) src.checkVector(2, CV_32F) == 4 && dst.checkVector(2, CV_32F) == 4 in function 'getPerspectiveTransform'
 (Time: 0.0049s)
/workspace/sam3/seniT/chessboard_crops/crop_2090.png: Exception: OpenCV(4.12.0) /io/opencv/modules/imgproc/src/imgwarp.cpp:3565: error: (-215:Assertion failed) src.checkVector(2, CV_32F) == 4 && dst.checkVector(2, CV_32F) == 4 in function 'getPerspectiveTransform'
 (Time: 0.0051s)
/workspace/sam3/seniT/chessboard_crops/crop_2100.png: RANSAC failed (Time: 0.1673s)
/workspace/sam3/seniT/chessboard_crops/crop_2155.png: Exception: OpenCV(4.12.0) /io/opencv/modules/imgproc/src/imgwarp.cpp:3565: error: (-215:Assertion failed) src.checkVector(2, CV_32F) == 4 && dst.checkVector(2, CV_32F) == 4 in function 'getPerspectiveTransform'
 (Time: 0.0057s)
/workspace/sam3/seniT/chessboard_crops/crop_2165.png: Exception: OpenCV(4.12.0) /io/opencv/modules/imgproc/src/imgwarp.cpp:3565: error: (-215:Assertion failed) src.checkVector(2, CV_32F) == 4 && dst.checkVector(2, CV_32F) == 4 in function 'getPerspectiveTransform'
 (Time: 0.0163s)
/workspace/sam3/seniT/chessboard_crops/crop_2175.png: Exception: OpenCV(4.12.0) /io/opencv/modules/imgproc/src/imgwarp.cpp:3565: error: (-215:Assertion failed) src.checkVector(2, CV_32F) == 4 && dst.checkVector(2, CV_32F) == 4 in function 'getPerspectiveTransform'
 (Time: 0.0117s)
/workspace/sam3/seniT/chessboard_crops/crop_2185.png: Exception: OpenCV(4.12.0) /io/opencv/modules/imgproc/src/imgwarp.cpp:3565: error: (-215:Assertion failed) src.checkVector(2, CV_32F) == 4 && dst.checkVector(2, CV_32F) == 4 in function 'getPerspectiveTransform'
 (Time: 0.0066s)
/workspace/sam3/seniT/chessboard_crops/crop_2195.png: Exception: OpenCV(4.12.0) /io/opencv/modules/imgproc/src/imgwarp.cpp:3565: error: (-215:Assertion failed) src.checkVector(2, CV_32F) == 4 && dst.checkVector(2, CV_32F) == 4 in function 'getPerspectiveTransform'
 (Time: 0.0051s)
/workspace/sam3/seniT/chessboard_crops/crop_2335.png: Exception: OpenCV(4.12.0) /io/opencv/modules/imgproc/src/imgwarp.cpp:3565: error: (-215:Assertion failed) src.checkVector(2, CV_32F) == 4 && dst.checkVector(2, CV_32F) == 4 in function 'getPerspectiveTransform'
 (Time: 0.0069s)
/workspace/sam3/seniT/chessboard_crops/crop_2345.png: Exception: OpenCV(4.12.0) /io/opencv/modules/imgproc/src/imgwarp.cpp:3565: error: (-215:Assertion failed) src.checkVector(2, CV_32F) == 4 && dst.checkVector(2, CV_32F) == 4 in function 'getPerspectiveTransform'
 (Time: 0.0052s)
/workspace/sam3/seniT/chessboard_crops/crop_2355.png: Exception: OpenCV(4.12.0) /io/opencv/modules/imgproc/src/imgwarp.cpp:3565: error: (-215:Assertion failed) src.checkVector(2, CV_32F) == 4 && dst.checkVector(2, CV_32F) == 4 in function 'getPerspectiveTransform'
 (Time: 0.0047s)
/workspace/sam3/seniT/chessboard_crops/crop_2365.png: Exception: OpenCV(4.12.0) /io/opencv/modules/imgproc/src/imgwarp.cpp:3565: error: (-215:Assertion failed) src.checkVector(2, CV_32F) == 4 && dst.checkVector(2, CV_32F) == 4 in function 'getPerspectiveTransform'
 (Time: 0.0055s)
/workspace/sam3/seniT/chessboard_crops/crop_2375.png: Exception: OpenCV(4.12.0) /io/opencv/modules/imgproc/src/imgwarp.cpp:3565: error: (-215:Assertion failed) src.checkVector(2, CV_32F) == 4 && dst.checkVector(2, CV_32F) == 4 in function 'getPerspectiveTransform'
 (Time: 0.0110s)
/workspace/sam3/seniT/chessboard_crops/crop_2385.png: Exception: OpenCV(4.12.0) /io/opencv/modules/imgproc/src/imgwarp.cpp:3565: error: (-215:Assertion failed) src.checkVector(2, CV_32F) == 4 && dst.checkVector(2, CV_32F) == 4 in function 'getPerspectiveTransform'
 (Time: 0.0054s)
/workspace/sam3/seniT/chessboard_crops/crop_2395.png: Exception: OpenCV(4.12.0) /io/opencv/modules/imgproc/src/imgwarp.cpp:3565: error: (-215:Assertion failed) src.checkVector(2, CV_32F) == 4 && dst.checkVector(2, CV_32F) == 4 in function 'getPerspectiveTransform'
 (Time: 0.0050s)
/workspace/sam3/seniT/chessboard_crops/crop_2405.png: Exception: OpenCV(4.12.0) /io/opencv/modules/imgproc/src/imgwarp.cpp:3565: error: (-215:Assertion failed) src.checkVector(2, CV_32F) == 4 && dst.checkVector(2, CV_32F) == 4 in function 'getPerspectiveTransform'
 (Time: 0.0060s)
/workspace/sam3/seniT/chessboard_crops/crop_2415.png: Exception: OpenCV(4.12.0) /io/opencv/modules/imgproc/src/imgwarp.cpp:3565: error: (-215:Assertion failed) src.checkVector(2, CV_32F) == 4 && dst.checkVector(2, CV_32F) == 4 in function 'getPerspectiveTransform'
 (Time: 0.0044s)
/workspace/sam3/seniT/chessboard_crops/crop_2425.png: Exception: OpenCV(4.12.0) /io/opencv/modules/imgproc/src/imgwarp.cpp:3565: error: (-215:Assertion failed) src.checkVector(2, CV_32F) == 4 && dst.checkVector(2, CV_32F) == 4 in function 'getPerspectiveTransform'
 (Time: 0.0048s)
/workspace/sam3/seniT/chessboard_crops/crop_2435.png: Exception: OpenCV(4.12.0) /io/opencv/modules/imgproc/src/imgwarp.cpp:3565: error: (-215:Assertion failed) src.checkVector(2, CV_32F) == 4 && dst.checkVector(2, CV_32F) == 4 in function 'getPerspectiveTransform'
 (Time: 0.0048s)
/workspace/sam3/seniT/chessboard_crops/crop_2445.png: Exception: OpenCV(4.12.0) /io/opencv/modules/imgproc/src/imgwarp.cpp:3565: error: (-215:Assertion failed) src.checkVector(2, CV_32F) == 4 && dst.checkVector(2, CV_32F) == 4 in function 'getPerspectiveTransform'
 (Time: 0.0048s)
/workspace/sam3/seniT/chessboard_crops/crop_2455.png: Exception: OpenCV(4.12.0) /io/opencv/modules/imgproc/src/imgwarp.cpp:3565: error: (-215:Assertion failed) src.checkVector(2, CV_32F) == 4 && dst.checkVector(2, CV_32F) == 4 in function 'getPerspectiveTransform'
 (Time: 0.0094s)
/workspace/sam3/seniT/chessboard_crops/crop_2465.png: Exception: OpenCV(4.12.0) /io/opencv/modules/imgproc/src/imgwarp.cpp:3565: error: (-215:Assertion failed) src.checkVector(2, CV_32F) == 4 && dst.checkVector(2, CV_32F) == 4 in function 'getPerspectiveTransform'
 (Time: 0.0095s)
/workspace/sam3/seniT/chessboard_crops/crop_2475.png: Exception: OpenCV(4.12.0) /io/opencv/modules/imgproc/src/imgwarp.cpp:3565: error: (-215:Assertion failed) src.checkVector(2, CV_32F) == 4 && dst.checkVector(2, CV_32F) == 4 in function 'getPerspectiveTransform'
 (Time: 0.0047s)
/workspace/sam3/seniT/chessboard_crops/crop_2485.png: Exception: OpenCV(4.12.0) /io/opencv/modules/imgproc/src/imgwarp.cpp:3565: error: (-215:Assertion failed) src.checkVector(2, CV_32F) == 4 && dst.checkVector(2, CV_32F) == 4 in function 'getPerspectiveTransform'
 (Time: 0.0046s)
/workspace/sam3/seniT/chessboard_crops/crop_2495.png: Exception: OpenCV(4.12.0) /io/opencv/modules/imgproc/src/imgwarp.cpp:3565: error: (-215:Assertion failed) src.checkVector(2, CV_32F) == 4 && dst.checkVector(2, CV_32F) == 4 in function 'getPerspectiveTransform'
 (Time: 0.0050s)
/workspace/sam3/seniT/chessboard_crops/crop_2505.png: Exception: OpenCV(4.12.0) /io/opencv/modules/imgproc/src/imgwarp.cpp:3565: error: (-215:Assertion failed) src.checkVector(2, CV_32F) == 4 && dst.checkVector(2, CV_32F) == 4 in function 'getPerspectiveTransform'
 (Time: 0.0050s)
/workspace/sam3/seniT/chessboard_crops/crop_2515.png: Exception: OpenCV(4.12.0) /io/opencv/modules/imgproc/src/imgwarp.cpp:3565: error: (-215:Assertion failed) src.checkVector(2, CV_32F) == 4 && dst.checkVector(2, CV_32F) == 4 in function 'getPerspectiveTransform'
 (Time: 0.0087s)
/workspace/sam3/seniT/chessboard_crops/crop_2525.png: Exception: OpenCV(4.12.0) /io/opencv/modules/imgproc/src/imgwarp.cpp:3565: error: (-215:Assertion failed) src.checkVector(2, CV_32F) == 4 && dst.checkVector(2, CV_32F) == 4 in function 'getPerspectiveTransform'
 (Time: 0.0053s)
/workspace/sam3/seniT/chessboard_crops/crop_2535.png: Exception: OpenCV(4.12.0) /io/opencv/modules/imgproc/src/imgwarp.cpp:3565: error: (-215:Assertion failed) src.checkVector(2, CV_32F) == 4 && dst.checkVector(2, CV_32F) == 4 in function 'getPerspectiveTransform'
 (Time: 0.0058s)
