frame_0001.jpg: SKIP (Cut Off (8.4% > 5.0%))
frame_0002.jpg: SKIP (Cut Off (8.4% > 5.0%))
frame_0003.jpg: SKIP (Cut Off (8.4% > 5.0%))
frame_0004.jpg: SKIP (Cut Off (8.4% > 5.0%))
frame_0005.jpg: SKIP (Cut Off (7.8% > 5.0%))
frame_0006.jpg: SKIP (Cut Off (7.8% > 5.0%))
frame_0007.jpg: SKIP (Cut Off (7.8% > 5.0%))
frame_0008.jpg: SKIP (Cut Off (7.8% > 5.0%))
frame_0009.jpg: SKIP (Cut Off (6.2% > 5.0%))
frame_0010.jpg: SKIP (Cut Off (6.2% > 5.0%))
frame_0011.jpg: SKIP (Cut Off (6.2% > 5.0%))
frame_0012.jpg: SKIP (Cut Off (6.2% > 5.0%))
frame_0013.jpg: SKIP (Cut Off (5.3% > 5.0%))
frame_0014.jpg: SKIP (Cut Off (5.3% > 5.0%))
frame_0015.jpg: SKIP (Cut Off (5.3% > 5.0%))
frame_0016.jpg: SKIP (Cut Off (5.3% > 5.0%))
frame_0017.jpg: SKIP (Cut Off (6.6% > 5.0%))
frame_0018.jpg: SKIP (Cut Off (6.6% > 5.0%))
frame_0019.jpg: SKIP (Cut Off (6.6% > 5.0%))
frame_0020.jpg: SKIP (Cut Off (6.6% > 5.0%))
frame_0021.jpg: SKIP (Cut Off (7.0% > 5.0%))
frame_0022.jpg: SKIP (Cut Off (7.0% > 5.0%))
frame_0023.jpg: SKIP (Cut Off (7.0% > 5.0%))
frame_0024.jpg: SKIP (Cut Off (7.0% > 5.0%))
frame_0025.jpg: SKIP (Cut Off (5.6% > 5.0%))
frame_0026.jpg: SKIP (Cut Off (5.6% > 5.0%))
frame_0027.jpg: SKIP (Cut Off (5.6% > 5.0%))
frame_0028.jpg: SKIP (Cut Off (5.6% > 5.0%))
frame_0029.jpg: SKIP (Cut Off (5.5% > 5.0%))
frame_0030.jpg: SKIP (Cut Off (5.5% > 5.0%))
frame_0031.jpg: SKIP (Cut Off (5.5% > 5.0%))
frame_0032.jpg: SKIP (Cut Off (5.5% > 5.0%))
frame_0033.jpg: SKIP (Cut Off (5.3% > 5.0%))
frame_0034.jpg: SKIP (Cut Off (5.3% > 5.0%))
frame_0035.jpg: SKIP (Cut Off (5.3% > 5.0%))
frame_0036.jpg: SKIP (Cut Off (5.3% > 5.0%))
frame_0037.jpg: SKIP (Cut Off (5.2% > 5.0%))
frame_0038.jpg: SKIP (Cut Off (5.2% > 5.0%))
frame_0039.jpg: SKIP (Cut Off (5.2% > 5.0%))
frame_0040.jpg: SKIP (Cut Off (5.2% > 5.0%))
frame_0041.jpg: SKIP (Cut Off (6.0% > 5.0%))
frame_0042.jpg: SKIP (Cut Off (6.0% > 5.0%))
frame_0043.jpg: SKIP (Cut Off (6.0% > 5.0%))
frame_0044.jpg: SKIP (Cut Off (6.0% > 5.0%))
frame_0045.jpg: SKIP (Cut Off (6.0% > 5.0%))
frame_0046.jpg: SKIP (Cut Off (6.0% > 5.0%))
frame_0047.jpg: SKIP (Cut Off (6.0% > 5.0%))
frame_0048.jpg: SKIP (Cut Off (6.0% > 5.0%))
frame_0049.jpg: SKIP (Cut Off (6.0% > 5.0%))
frame_0050.jpg: SKIP (Cut Off (6.0% > 5.0%))
frame_0051.jpg: SKIP (Cut Off (6.0% > 5.0%))
frame_0052.jpg: SKIP (Cut Off (6.0% > 5.0%))
frame_0053.jpg: SKIP (Cut Off (6.6% > 5.0%))
frame_0054.jpg: SKIP (Cut Off (6.6% > 5.0%))
frame_0055.jpg: SKIP (Cut Off (6.6% > 5.0%))
frame_0056.jpg: SKIP (Cut Off (5.8% > 5.0%))
frame_0057.jpg: SKIP (Cut Off (5.8% > 5.0%))
frame_0058.jpg: SKIP (Cut Off (5.8% > 5.0%))
frame_0059.jpg: SKIP (Cut Off (5.8% > 5.0%))
frame_0060.jpg: SKIP (Cut Off (5.8% > 5.0%))
frame_0061.jpg: SKIP (Cut Off (5.8% > 5.0%))
frame_0062.jpg: SKIP (Cut Off (5.8% > 5.0%))
frame_0063.jpg: SKIP (Cut Off (5.8% > 5.0%))
frame_0064.jpg: SKIP (Cut Off (5.9% > 5.0%))
frame_0065.jpg: SKIP (Cut Off (5.9% > 5.0%))
frame_0066.jpg: SKIP (Cut Off (5.9% > 5.0%))
frame_0067.jpg: SKIP (Cut Off (5.9% > 5.0%))
frame_0068.jpg: SKIP (Cut Off (5.9% > 5.0%))
frame_0069.jpg: SKIP (Cut Off (5.9% > 5.0%))
frame_0070.jpg: SKIP (Cut Off (5.9% > 5.0%))
frame_0071.jpg: SKIP (Cut Off (5.9% > 5.0%))
frame_0072.jpg: SKIP (Cut Off (6.2% > 5.0%))
frame_0073.jpg: SKIP (Cut Off (6.2% > 5.0%))
frame_0074.jpg: SKIP (Cut Off (6.2% > 5.0%))
frame_0075.jpg: SKIP (Cut Off (6.2% > 5.0%))
frame_0076.jpg: SKIP (Cut Off (6.2% > 5.0%))
frame_0077.jpg: SKIP (Cut Off (6.2% > 5.0%))
frame_0078.jpg: SKIP (Cut Off (6.2% > 5.0%))
frame_0079.jpg: SKIP (Cut Off (6.2% > 5.0%))
frame_0080.jpg: SKIP (Cut Off (5.7% > 5.0%))
frame_0081.jpg: SKIP (Cut Off (5.7% > 5.0%))
frame_0082.jpg: SKIP (Cut Off (5.7% > 5.0%))
frame_0083.jpg: SKIP (Cut Off (5.7% > 5.0%))
frame_0084.jpg: SKIP (Cut Off (7.9% > 5.0%))
frame_0085.jpg: SKIP (Cut Off (7.9% > 5.0%))
frame_0086.jpg: SKIP (Cut Off (7.9% > 5.0%))
frame_0087.jpg: SKIP (Cut Off (7.9% > 5.0%))
frame_0088.jpg: SKIP (Cut Off (8.4% > 5.0%))
frame_0089.jpg: SKIP (Cut Off (8.4% > 5.0%))
frame_0090.jpg: SKIP (Cut Off (8.4% > 5.0%))
frame_0091.jpg: SKIP (Cut Off (8.4% > 5.0%))
frame_0092.jpg: SKIP (Cut Off (8.4% > 5.0%))
frame_0093.jpg: SKIP (Cut Off (8.4% > 5.0%))
frame_0094.jpg: SKIP (Cut Off (8.4% > 5.0%))
frame_0095.jpg: SKIP (Cut Off (8.4% > 5.0%))
frame_0096.jpg: SKIP (Cut Off (9.5% > 5.0%))
frame_0097.jpg: SKIP (Cut Off (9.5% > 5.0%))
frame_0098.jpg: SKIP (Cut Off (9.5% > 5.0%))
frame_0099.jpg: SKIP (Cut Off (9.5% > 5.0%))
frame_0100.jpg: SKIP (Cut Off (8.8% > 5.0%))
frame_0101.jpg: SKIP (Cut Off (8.8% > 5.0%))
frame_0102.jpg: SKIP (Cut Off (8.8% > 5.0%))
frame_0103.jpg: SKIP (Cut Off (8.8% > 5.0%))
frame_0104.jpg: SKIP (Cut Off (8.4% > 5.0%))
frame_0105.jpg: SKIP (Cut Off (8.4% > 5.0%))
frame_0106.jpg: SKIP (Cut Off (8.4% > 5.0%))
frame_0107.jpg: SKIP (Cut Off (8.4% > 5.0%))
frame_0108.jpg: SKIP (Cut Off (9.3% > 5.0%))
frame_0109.jpg: SKIP (Cut Off (9.3% > 5.0%))
frame_0110.jpg: SKIP (Cut Off (9.3% > 5.0%))
frame_0111.jpg: SKIP (Cut Off (9.3% > 5.0%))
frame_0112.jpg: SKIP (Cut Off (7.0% > 5.0%))
frame_0113.jpg: SKIP (Cut Off (7.0% > 5.0%))
frame_0114.jpg: SKIP (Cut Off (7.0% > 5.0%))
frame_0115.jpg: SKIP (Cut Off (7.0% > 5.0%))
frame_0116.jpg: SKIP (Cut Off (5.3% > 5.0%))
frame_0117.jpg: SKIP (Cut Off (5.3% > 5.0%))
frame_0118.jpg: SKIP (Cut Off (5.3% > 5.0%))
frame_0119.jpg: SKIP (Cut Off (5.3% > 5.0%))
frame_0120.jpg: SKIP (Cut Off (5.7% > 5.0%))
frame_0121.jpg: SKIP (Cut Off (5.7% > 5.0%))
frame_0122.jpg: SKIP (Cut Off (5.7% > 5.0%))
frame_0123.jpg: SKIP (Cut Off (5.7% > 5.0%))
frame_0124.jpg: SKIP (Cut Off (5.7% > 5.0%))
frame_0125.jpg: SKIP (Cut Off (5.7% > 5.0%))
frame_0126.jpg: SKIP (Cut Off (5.7% > 5.0%))
frame_0127.jpg: SKIP (Cut Off (5.7% > 5.0%))
frame_0128.jpg: SKIP (Cut Off (5.0% > 5.0%))
frame_0129.jpg: SKIP (Cut Off (5.0% > 5.0%))
frame_0130.jpg: SKIP (Cut Off (5.0% > 5.0%))
frame_0131.jpg: SKIP (Cut Off (5.0% > 5.0%))
frame_0133.jpg: SKIP (Timeout: safety_margin_pre_refine)
frame_0135.jpg: SKIP (Timeout: safety_margin_pre_refine)
frame_0137.jpg: SKIP (Timeout: safety_margin_pre_refine)
frame_0140.jpg: SKIP (Cut Off (7.2% > 5.0%))
frame_0141.jpg: SKIP (Cut Off (7.2% > 5.0%))
frame_0142.jpg: SKIP (Cut Off (7.2% > 5.0%))
frame_0143.jpg: SKIP (Cut Off (7.2% > 5.0%))
frame_0147.jpg: SKIP (Timeout: safety_margin_pre_refine)
frame_0148.jpg: SKIP (Cut Off (5.5% > 5.0%))
frame_0149.jpg: SKIP (Cut Off (5.5% > 5.0%))
frame_0150.jpg: SKIP (Cut Off (5.5% > 5.0%))
frame_0151.jpg: SKIP (Cut Off (5.5% > 5.0%))
frame_0152.jpg: SKIP (Cut Off (7.3% > 5.0%))
frame_0153.jpg: SKIP (Cut Off (7.3% > 5.0%))
frame_0154.jpg: SKIP (Cut Off (7.3% > 5.0%))
frame_0155.jpg: SKIP (Cut Off (7.3% > 5.0%))
frame_0156.jpg: SKIP (Cut Off (8.2% > 5.0%))
frame_0157.jpg: SKIP (Cut Off (8.2% > 5.0%))
frame_0158.jpg: SKIP (Cut Off (8.2% > 5.0%))
frame_0159.jpg: SKIP (Cut Off (8.2% > 5.0%))
frame_0160.jpg: FAILED (Not enough lines)
frame_0161.jpg: FAILED (Not enough lines)
frame_0162.jpg: FAILED (Not enough lines)
frame_0163.jpg: FAILED (Not enough lines)
frame_0164.jpg: FAILED (Not enough lines)
frame_0165.jpg: FAILED (Not enough lines)
frame_0166.jpg: FAILED (Not enough lines)
frame_0167.jpg: FAILED (Not enough lines)
frame_0168.jpg: FAILED (Not enough lines)
frame_0169.jpg: FAILED (Not enough lines)
frame_0170.jpg: FAILED (Not enough lines)
frame_0171.jpg: FAILED (Not enough lines)
frame_0172.jpg: FAILED (Not enough lines)
frame_0173.jpg: FAILED (Not enough lines)
frame_0174.jpg: FAILED (Not enough lines)
frame_0175.jpg: FAILED (Not enough lines)
frame_0176.jpg: FAILED (Not enough lines)
frame_0177.jpg: FAILED (Not enough lines)
frame_0178.jpg: FAILED (Not enough lines)
frame_0179.jpg: FAILED (Not enough lines)
frame_0180.jpg: FAILED (Not enough lines)
frame_0181.jpg: FAILED (Not enough lines)
frame_0182.jpg: FAILED (Not enough lines)
frame_0183.jpg: FAILED (Not enough lines)
frame_0184.jpg: FAILED (Not enough lines)
frame_0209.jpg: SKIP (Timeout: safety_margin_pre_refine)
frame_0220.jpg: SKIP (Timeout: ransac_inner)
frame_0221.jpg: SKIP (Timeout: safety_margin_pre_refine)
frame_0248.jpg: SKIP (Timeout: safety_margin_pre_refine)
frame_0260.jpg: SKIP (Timeout: safety_margin_pre_refine)
frame_0296.jpg: SKIP (Timeout: safety_margin_pre_refine)
frame_0312.jpg: SKIP (Timeout: safety_margin_pre_refine)
frame_0328.jpg: SKIP (Timeout: safety_margin_pre_refine)
frame_0336.jpg: SKIP (Timeout: safety_margin_pre_refine)
frame_0361.jpg: SKIP (Timeout: safety_margin_pre_refine)
frame_0380.jpg: SKIP (Timeout: ransac_inner)
frame_0381.jpg: SKIP (Timeout: ransac_inner)
frame_0382.jpg: SKIP (Timeout: ransac_inner)
frame_0383.jpg: SKIP (Timeout: ransac_inner)
frame_0395.jpg: SKIP (Timeout: safety_margin_pre_refine)
frame_0402.jpg: SKIP (Timeout: safety_margin_pre_refine)
frame_0404.jpg: SKIP (Timeout: safety_margin_pre_refine)
frame_0411.jpg: SKIP (Timeout: safety_margin_pre_refine)
frame_0420.jpg: SKIP (Timeout: ransac_inner)
frame_0421.jpg: SKIP (Timeout: ransac_inner)
frame_0449.jpg: SKIP (Timeout: safety_margin_pre_refine)
frame_0450.jpg: SKIP (Timeout: ransac_inner)
frame_0451.jpg: SKIP (Timeout: safety_margin_pre_refine)
frame_0452.jpg: SKIP (Timeout: safety_margin_pre_refine)
frame_0453.jpg: SKIP (Timeout: safety_margin_pre_refine)
frame_0460.jpg: SKIP (Timeout: safety_margin_pre_refine)
frame_0461.jpg: SKIP (Timeout: ransac_inner)
frame_0463.jpg: SKIP (Timeout: ransac_inner)
frame_0468.jpg: SKIP (Timeout: ransac_inner)
frame_0470.jpg: SKIP (Timeout: ransac_inner)
frame_0472.jpg: SKIP (Timeout: ransac_inner)
frame_0473.jpg: SKIP (Timeout: safety_margin_pre_refine)
frame_0474.jpg: SKIP (Timeout: ransac_inner)
frame_0475.jpg: SKIP (Timeout: safety_margin_pre_refine)
frame_0480.jpg: SKIP (Timeout: safety_margin_pre_refine)
frame_0483.jpg: SKIP (Timeout: safety_margin_pre_refine)
frame_0485.jpg: FAILED (Not enough lines)
frame_0486.jpg: FAILED (Not enough lines)
frame_0487.jpg: FAILED (Not enough lines)
frame_0488.jpg: FAILED (Not enough lines)
frame_0489.jpg: SKIP (Timeout: ransac_inner)
frame_0490.jpg: SKIP (Timeout: ransac_inner)
frame_0491.jpg: SKIP (Timeout: ransac_inner)
frame_0493.jpg: SKIP (Timeout: ransac_inner)
frame_0494.jpg: SKIP (Timeout: safety_margin_pre_refine)
frame_0496.jpg: SKIP (Timeout: safety_margin_pre_refine)
frame_0498.jpg: SKIP (Timeout: ransac_inner)
frame_0499.jpg: SKIP (Timeout: safety_margin_pre_refine)
frame_0501.jpg: SKIP (Timeout: safety_margin_pre_refine)
frame_0504.jpg: SKIP (Timeout: ransac_inner)
frame_0509.jpg: SKIP (Timeout: ransac_inner)
frame_0510.jpg: SKIP (Timeout: ransac_inner)
frame_0511.jpg: SKIP (Timeout: ransac_inner)
frame_0512.jpg: SKIP (Timeout: ransac_inner)
frame_0513.jpg: SKIP (Timeout: ransac_inner)
frame_0519.jpg: SKIP (Timeout: safety_margin_pre_refine)
frame_0522.jpg: SKIP (Timeout: safety_margin_pre_refine)
frame_0523.jpg: SKIP (Timeout: safety_margin_pre_refine)
frame_0524.jpg: SKIP (Timeout: safety_margin_pre_refine)
frame_0525.jpg: SKIP (Timeout: ransac_inner)
frame_0526.jpg: SKIP (Timeout: ransac_inner)
frame_0527.jpg: SKIP (Timeout: ransac_inner)
frame_0528.jpg: SKIP (Timeout: ransac_inner)
frame_0529.jpg: SKIP (Timeout: ransac_inner)
frame_0530.jpg: SKIP (Timeout: ransac_inner)
frame_0531.jpg: SKIP (Timeout: ransac_inner)
frame_0532.jpg: SKIP (Timeout: ransac_inner)
frame_0539.jpg: SKIP (Timeout: ransac_inner)
frame_0541.jpg: SKIP (Timeout: ransac_inner)
frame_0542.jpg: SKIP (Timeout: ransac_inner)
frame_0543.jpg: SKIP (Timeout: ransac_inner)
frame_0544.jpg: SKIP (Timeout: ransac_inner)
frame_0549.jpg: SKIP (Timeout: ransac_inner)
frame_0550.jpg: SKIP (Timeout: ransac_inner)
frame_0551.jpg: SKIP (Timeout: ransac_inner)
frame_0552.jpg: SKIP (Timeout: ransac_inner)
frame_0561.jpg: SKIP (Timeout: ransac_inner)
frame_0562.jpg: SKIP (Timeout: ransac_inner)
frame_0563.jpg: SKIP (Timeout: ransac_inner)
frame_0564.jpg: SKIP (Timeout: ransac_inner)
frame_0565.jpg: SKIP (Timeout: safety_margin_pre_refine)
frame_0569.jpg: SKIP (Timeout: ransac_inner)
frame_0570.jpg: SKIP (Timeout: ransac_inner)
frame_0571.jpg: SKIP (Timeout: ransac_inner)
frame_0572.jpg: SKIP (Timeout: ransac_inner)
frame_0577.jpg: SKIP (Timeout: safety_margin_pre_refine)
frame_0578.jpg: SKIP (Timeout: safety_margin_pre_refine)
frame_0584.jpg: SKIP (Timeout: ransac_inner)
frame_0585.jpg: SKIP (Timeout: ransac_inner)
frame_0588.jpg: FAILED (Not enough lines)
frame_0589.jpg: FAILED (Not enough lines)
frame_0590.jpg: FAILED (Not enough lines)
frame_0591.jpg: FAILED (Not enough lines)
frame_0592.jpg: FAILED (Not enough lines)
frame_0593.jpg: FAILED (Not enough lines)
frame_0594.jpg: FAILED (Not enough lines)
frame_0595.jpg: FAILED (Not enough lines)
frame_0596.jpg: FAILED (Not enough lines)
frame_0597.jpg: FAILED (Not enough lines)
frame_0598.jpg: FAILED (Not enough lines)
frame_0599.jpg: FAILED (Not enough lines)
frame_0600.jpg: FAILED (Not enough lines)
frame_0601.jpg: FAILED (Not enough lines)
frame_0602.jpg: FAILED (Not enough lines)
frame_0603.jpg: FAILED (Not enough lines)
frame_0604.jpg: FAILED (Not enough lines)
frame_0605.jpg: FAILED (Not enough lines)
frame_0606.jpg: FAILED (Not enough lines)
frame_0607.jpg: FAILED (Not enough lines)
frame_0608.jpg: FAILED (Not enough lines)
frame_0609.jpg: FAILED (Not enough lines)
frame_0610.jpg: FAILED (Not enough lines)
frame_0611.jpg: FAILED (Not enough lines)
frame_0612.jpg: FAILED (Not enough lines)
frame_0613.jpg: SKIP (Timeout: safety_margin_pre_refine)
frame_0615.jpg: SKIP (Timeout: ransac_inner)
frame_0617.jpg: FAILED (Not enough lines)
frame_0618.jpg: FAILED (Not enough lines)
frame_0619.jpg: FAILED (Not enough lines)
frame_0620.jpg: FAILED (Not enough lines)
frame_0625.jpg: SKIP (Timeout: ransac_inner)
frame_0626.jpg: SKIP (Timeout: ransac_inner)
frame_0627.jpg: SKIP (Timeout: safety_margin_pre_refine)
frame_0637.jpg: SKIP (Timeout: safety_margin_pre_refine)
frame_0639.jpg: SKIP (Timeout: safety_margin_pre_refine)
frame_0643.jpg: SKIP (Timeout: safety_margin_pre_refine)
frame_0658.jpg: SKIP (Timeout: safety_margin_pre_refine)
frame_0659.jpg: SKIP (Timeout: safety_margin_pre_refine)
frame_0660.jpg: SKIP (Timeout: safety_margin_pre_refine)
frame_0664.jpg: SKIP (Timeout: safety_margin_pre_refine)
frame_0667.jpg: SKIP (Timeout: safety_margin_pre_refine)
frame_0680.jpg: SKIP (Timeout: safety_margin_pre_refine)
frame_0698.jpg: SKIP (Timeout: safety_margin_pre_refine)
frame_0702.jpg: SKIP (Timeout: safety_margin_pre_refine)
frame_0704.jpg: SKIP (Timeout: safety_margin_pre_refine)
frame_0705.jpg: SKIP (Timeout: safety_margin_pre_refine)
frame_0707.jpg: SKIP (Timeout: ransac_inner)
frame_0713.jpg: SKIP (Cut Off (5.7% > 5.0%))
frame_0714.jpg: SKIP (Cut Off (5.7% > 5.0%))
frame_0715.jpg: SKIP (Cut Off (5.7% > 5.0%))
frame_0716.jpg: SKIP (Cut Off (5.7% > 5.0%))
frame_0717.jpg: SKIP (Cut Off (7.8% > 5.0%))
frame_0718.jpg: SKIP (Cut Off (7.8% > 5.0%))
frame_0719.jpg: SKIP (Cut Off (7.8% > 5.0%))
frame_0720.jpg: SKIP (Cut Off (7.8% > 5.0%))
frame_0721.jpg: SKIP (Cut Off (7.5% > 5.0%))
frame_0722.jpg: SKIP (Cut Off (7.5% > 5.0%))
frame_0723.jpg: SKIP (Cut Off (7.5% > 5.0%))
frame_0724.jpg: SKIP (Cut Off (7.5% > 5.0%))
frame_0725.jpg: SKIP (Cut Off (6.3% > 5.0%))
frame_0726.jpg: SKIP (Cut Off (6.3% > 5.0%))
frame_0727.jpg: SKIP (Cut Off (6.3% > 5.0%))
frame_0728.jpg: SKIP (Cut Off (6.3% > 5.0%))
frame_0729.jpg: SKIP (Cut Off (7.5% > 5.0%))
frame_0730.jpg: SKIP (Cut Off (7.5% > 5.0%))
frame_0731.jpg: SKIP (Cut Off (7.5% > 5.0%))
frame_0732.jpg: SKIP (Cut Off (7.5% > 5.0%))
frame_0733.jpg: SKIP (Cut Off (8.3% > 5.0%))
frame_0734.jpg: SKIP (Cut Off (8.3% > 5.0%))
frame_0735.jpg: SKIP (Cut Off (8.3% > 5.0%))
frame_0736.jpg: SKIP (Cut Off (8.3% > 5.0%))
frame_0737.jpg: SKIP (Cut Off (8.2% > 5.0%))
frame_0738.jpg: SKIP (Cut Off (8.2% > 5.0%))
frame_0739.jpg: SKIP (Cut Off (8.2% > 5.0%))
frame_0740.jpg: SKIP (Cut Off (8.2% > 5.0%))
frame_0741.jpg: SKIP (Cut Off (11.8% > 5.0%))
frame_0742.jpg: SKIP (Cut Off (11.8% > 5.0%))
frame_0743.jpg: SKIP (Cut Off (11.8% > 5.0%))
frame_0744.jpg: SKIP (Cut Off (11.8% > 5.0%))
frame_0745.jpg: SKIP (Cut Off (9.5% > 5.0%))
frame_0746.jpg: SKIP (Cut Off (9.5% > 5.0%))
frame_0747.jpg: SKIP (Cut Off (9.5% > 5.0%))
frame_0748.jpg: SKIP (Cut Off (9.5% > 5.0%))
frame_0749.jpg: SKIP (Cut Off (12.8% > 5.0%))
frame_0750.jpg: SKIP (Cut Off (12.8% > 5.0%))
frame_0751.jpg: SKIP (Cut Off (12.8% > 5.0%))
frame_0752.jpg: SKIP (Cut Off (12.8% > 5.0%))
frame_0753.jpg: SKIP (Cut Off (14.5% > 5.0%))
frame_0754.jpg: SKIP (Cut Off (14.5% > 5.0%))
frame_0755.jpg: SKIP (Cut Off (14.5% > 5.0%))
frame_0756.jpg: SKIP (Cut Off (14.5% > 5.0%))
frame_0757.jpg: SKIP (Cut Off (12.7% > 5.0%))
frame_0758.jpg: SKIP (Cut Off (12.7% > 5.0%))
frame_0759.jpg: SKIP (Cut Off (12.7% > 5.0%))
frame_0760.jpg: SKIP (Cut Off (12.7% > 5.0%))
frame_0761.jpg: SKIP (Cut Off (14.3% > 5.0%))
frame_0762.jpg: SKIP (Cut Off (14.3% > 5.0%))
frame_0763.jpg: SKIP (Cut Off (14.3% > 5.0%))
frame_0764.jpg: SKIP (Cut Off (14.3% > 5.0%))
frame_0765.jpg: SKIP (Cut Off (15.7% > 5.0%))
frame_0766.jpg: SKIP (Cut Off (15.7% > 5.0%))
frame_0767.jpg: SKIP (Cut Off (15.7% > 5.0%))
frame_0768.jpg: SKIP (Cut Off (15.7% > 5.0%))
frame_0769.jpg: SKIP (Cut Off (16.3% > 5.0%))
frame_0770.jpg: SKIP (Cut Off (16.3% > 5.0%))
frame_0771.jpg: SKIP (Cut Off (16.3% > 5.0%))
frame_0772.jpg: SKIP (Cut Off (16.3% > 5.0%))
frame_0773.jpg: SKIP (Cut Off (16.0% > 5.0%))
frame_0774.jpg: SKIP (Cut Off (16.0% > 5.0%))
frame_0775.jpg: SKIP (Cut Off (16.0% > 5.0%))
frame_0776.jpg: SKIP (Cut Off (16.0% > 5.0%))
frame_0777.jpg: SKIP (Cut Off (13.2% > 5.0%))
frame_0778.jpg: SKIP (Cut Off (13.2% > 5.0%))
frame_0779.jpg: SKIP (Cut Off (13.2% > 5.0%))
frame_0780.jpg: SKIP (Cut Off (13.2% > 5.0%))
frame_0781.jpg: SKIP (Cut Off (10.7% > 5.0%))
frame_0782.jpg: SKIP (Cut Off (10.7% > 5.0%))
frame_0783.jpg: SKIP (Cut Off (10.7% > 5.0%))
frame_0784.jpg: SKIP (Cut Off (10.7% > 5.0%))
frame_0785.jpg: SKIP (Cut Off (14.4% > 5.0%))
frame_0786.jpg: SKIP (Cut Off (14.4% > 5.0%))
frame_0787.jpg: SKIP (Cut Off (14.4% > 5.0%))
frame_0788.jpg: SKIP (Cut Off (14.4% > 5.0%))
frame_0789.jpg: SKIP (Cut Off (11.7% > 5.0%))
frame_0790.jpg: SKIP (Cut Off (11.7% > 5.0%))
frame_0791.jpg: SKIP (Cut Off (11.7% > 5.0%))
frame_0792.jpg: SKIP (Cut Off (11.7% > 5.0%))
frame_0793.jpg: SKIP (Cut Off (11.6% > 5.0%))
frame_0794.jpg: SKIP (Cut Off (11.6% > 5.0%))
frame_0795.jpg: SKIP (Cut Off (11.6% > 5.0%))
frame_0796.jpg: SKIP (Cut Off (11.6% > 5.0%))
frame_0797.jpg: SKIP (Cut Off (10.9% > 5.0%))
frame_0798.jpg: SKIP (Cut Off (10.9% > 5.0%))
frame_0799.jpg: SKIP (Cut Off (10.9% > 5.0%))
frame_0800.jpg: SKIP (Cut Off (10.9% > 5.0%))
frame_0801.jpg: SKIP (Cut Off (7.2% > 5.0%))
frame_0802.jpg: SKIP (Cut Off (7.2% > 5.0%))
frame_0803.jpg: SKIP (Cut Off (7.2% > 5.0%))
frame_0804.jpg: SKIP (Cut Off (7.2% > 5.0%))
frame_0805.jpg: SKIP (Cut Off (8.8% > 5.0%))
frame_0806.jpg: SKIP (Cut Off (8.8% > 5.0%))
frame_0807.jpg: SKIP (Cut Off (8.8% > 5.0%))
frame_0808.jpg: SKIP (Cut Off (8.8% > 5.0%))
frame_0809.jpg: SKIP (Cut Off (5.6% > 5.0%))
frame_0810.jpg: SKIP (Cut Off (5.6% > 5.0%))
frame_0811.jpg: SKIP (Cut Off (5.6% > 5.0%))
frame_0812.jpg: SKIP (Cut Off (5.6% > 5.0%))
frame_0813.jpg: SKIP (Cut Off (7.3% > 5.0%))
frame_0814.jpg: SKIP (Cut Off (7.3% > 5.0%))
frame_0815.jpg: SKIP (Cut Off (7.3% > 5.0%))
frame_0816.jpg: SKIP (Cut Off (7.3% > 5.0%))
frame_0817.jpg: FAILED (Not enough lines)
frame_0818.jpg: FAILED (Not enough lines)
frame_0819.jpg: FAILED (Not enough lines)
frame_0820.jpg: FAILED (Not enough lines)
frame_0821.jpg: FAILED (Not enough lines)
frame_0822.jpg: FAILED (Not enough lines)
frame_0823.jpg: FAILED (Not enough lines)
frame_0824.jpg: FAILED (Not enough lines)
frame_0825.jpg: FAILED (Not enough lines)
frame_0826.jpg: FAILED (Not enough lines)
frame_0827.jpg: FAILED (Not enough lines)
frame_0828.jpg: FAILED (Not enough lines)
frame_0829.jpg: FAILED (Not enough lines)
frame_0830.jpg: FAILED (Not enough lines)
frame_0831.jpg: FAILED (Not enough lines)
frame_0832.jpg: FAILED (Not enough lines)
frame_0833.jpg: SKIP (Timeout: ransac_inner)
frame_0834.jpg: SKIP (Timeout: ransac_inner)
frame_0835.jpg: SKIP (Timeout: ransac_inner)
frame_0836.jpg: SKIP (Timeout: ransac_inner)
frame_0841.jpg: SKIP (Timeout: safety_margin_pre_refine)
frame_0845.jpg: SKIP (Timeout: ransac_inner)
frame_0846.jpg: SKIP (Timeout: safety_margin_pre_refine)
frame_0858.jpg: SKIP (Timeout: ransac_inner)
frame_0861.jpg: SKIP (Timeout: ransac_inner)
frame_0863.jpg: SKIP (Timeout: ransac_inner)
frame_0864.jpg: SKIP (Timeout: ransac_inner)
frame_0865.jpg: SKIP (Timeout: safety_margin_pre_refine)
frame_0866.jpg: SKIP (Timeout: ransac_inner)
frame_0867.jpg: SKIP (Timeout: ransac_inner)
frame_0868.jpg: SKIP (Timeout: ransac_inner)
frame_0869.jpg: SKIP (Timeout: ransac_inner)
frame_0888.jpg: SKIP (Timeout: safety_margin_pre_refine)
frame_0889.jpg: SKIP (Timeout: safety_margin_pre_refine)
frame_0896.jpg: SKIP (Timeout: safety_margin_pre_refine)
frame_0916.jpg: SKIP (Encode Slow)
frame_0932.jpg: SKIP (Timeout: safety_margin_pre_refine)
frame_0944.jpg: SKIP (Timeout: safety_margin_pre_refine)
frame_0952.jpg: SKIP (Timeout: ransac_inner)
frame_0956.jpg: SKIP (Timeout: ransac_inner)
frame_0988.jpg: SKIP (Timeout: safety_margin_pre_refine)
frame_1000.jpg: SKIP (Timeout: safety_margin_pre_refine)
frame_10000.jpg: SKIP (Timeout: safety_margin_pre_refine)
frame_10001.jpg: SKIP (Timeout: ransac_inner)
frame_10002.jpg: SKIP (Timeout: ransac_inner)
frame_10003.jpg: SKIP (Timeout: ransac_inner)
frame_10004.jpg: SKIP (Timeout: ransac_inner)
frame_10005.jpg: SKIP (Timeout: ransac_inner)
frame_10006.jpg: SKIP (Timeout: ransac_inner)
frame_10007.jpg: SKIP (Timeout: ransac_inner)
frame_10008.jpg: SKIP (Timeout: ransac_inner)
frame_10009.jpg: SKIP (Timeout: ransac_inner)
frame_10010.jpg: SKIP (Timeout: ransac_inner)
frame_10011.jpg: SKIP (Timeout: safety_margin_pre_refine)
frame_10015.jpg: SKIP (Timeout: safety_margin_pre_refine)
frame_10017.jpg: SKIP (Timeout: ransac_inner)
frame_10018.jpg: SKIP (Timeout: safety_margin_pre_refine)
frame_10019.jpg: SKIP (Timeout: ransac_inner)
frame_1002.jpg: SKIP (Timeout: safety_margin_pre_refine)
frame_10020.jpg: SKIP (Timeout: safety_margin_pre_refine)
frame_10021.jpg: SKIP (Timeout: safety_margin_pre_refine)
frame_10022.jpg: SKIP (Timeout: ransac_inner)
frame_10023.jpg: SKIP (Timeout: ransac_inner)
frame_10025.jpg: SKIP (Timeout: safety_margin_pre_refine)
frame_10050.jpg: SKIP (Timeout: ransac_inner)
frame_10052.jpg: SKIP (Timeout: safety_margin_pre_refine)
frame_10057.jpg: SKIP (Timeout: ransac_inner)
frame_10061.jpg: SKIP (Timeout: safety_margin_pre_refine)
frame_10070.jpg: SKIP (Timeout: ransac_inner)
frame_10073.jpg: SKIP (Timeout: safety_margin_pre_refine)
frame_1009.jpg: SKIP (Timeout: safety_margin_pre_refine)
frame_10099.jpg: SKIP (Timeout: safety_margin_pre_refine)
frame_10111.jpg: SKIP (Timeout: safety_margin_pre_refine)
frame_10115.jpg: SKIP (Timeout: safety_margin_pre_refine)
frame_10129.jpg: SKIP (Timeout: safety_margin_pre_refine)
frame_1014.jpg: SKIP (Timeout: safety_margin_pre_refine)
frame_10149.jpg: SKIP (Timeout: safety_margin_pre_refine)
frame_10152.jpg: SKIP (Timeout: ransac_inner)
frame_1016.jpg: SKIP (Timeout: ransac_inner)
frame_10161.jpg: SKIP (Timeout: safety_margin_pre_refine)
frame_10164.jpg: SKIP (Timeout: ransac_inner)
frame_1017.jpg: SKIP (Timeout: ransac_inner)
frame_1018.jpg: SKIP (Timeout: ransac_inner)
frame_10180.jpg: SKIP (Timeout: safety_margin_pre_refine)
frame_10182.jpg: SKIP (Timeout: safety_margin_pre_refine)
frame_10185.jpg: SKIP (Timeout: ransac_inner)
frame_10186.jpg: SKIP (Timeout: safety_margin_pre_refine)
frame_10187.jpg: SKIP (Timeout: ransac_inner)
frame_10188.jpg: SKIP (Timeout: safety_margin_pre_refine)
frame_1019.jpg: SKIP (Timeout: ransac_inner)
frame_10193.jpg: SKIP (Timeout: ransac_inner)
frame_10201.jpg: SKIP (Timeout: safety_margin_pre_refine)
frame_10208.jpg: SKIP (Timeout: ransac_inner)
frame_10210.jpg: SKIP (Timeout: ransac_inner)
frame_10212.jpg: SKIP (Timeout: ransac_inner)
frame_10215.jpg: SKIP (Timeout: ransac_inner)
frame_10216.jpg: SKIP (Timeout: ransac_inner)
frame_10222.jpg: SKIP (Timeout: ransac_inner)
frame_10225.jpg: SKIP (Timeout: ransac_inner)
frame_10230.jpg: SKIP (Timeout: safety_margin_pre_refine)
frame_10231.jpg: SKIP (Timeout: safety_margin_pre_refine)
frame_10244.jpg: SKIP (Timeout: ransac_inner)
frame_10245.jpg: SKIP (Timeout: safety_margin_pre_refine)
frame_10248.jpg: SKIP (Timeout: safety_margin_pre_refine)
frame_10258.jpg: SKIP (Timeout: ransac_inner)
frame_10265.jpg: SKIP (Timeout: safety_margin_pre_refine)
frame_1027.jpg: SKIP (Timeout: safety_margin_pre_refine)
frame_10271.jpg: SKIP (Timeout: safety_margin_pre_refine)
frame_10272.jpg: SKIP (Timeout: safety_margin_pre_refine)
frame_10273.jpg: SKIP (Timeout: ransac_inner)
frame_10275.jpg: SKIP (Timeout: safety_margin_pre_refine)
frame_10279.jpg: SKIP (Timeout: safety_margin_pre_refine)
frame_10292.jpg: SKIP (Timeout: safety_margin_pre_refine)
frame_10293.jpg: SKIP (Timeout: ransac_inner)
frame_10297.jpg: SKIP (Timeout: safety_margin_pre_refine)
frame_10304.jpg: SKIP (Timeout: safety_margin_pre_refine)
frame_10311.jpg: SKIP (Timeout: ransac_inner)
frame_10318.jpg: SKIP (Timeout: safety_margin_pre_refine)
frame_10323.jpg: SKIP (Timeout: ransac_inner)
frame_10326.jpg: SKIP (Timeout: safety_margin_pre_refine)
frame_1033.jpg: SKIP (Timeout: safety_margin_pre_refine)
frame_10331.jpg: SKIP (Timeout: safety_margin_pre_refine)
frame_10335.jpg: SKIP (Timeout: safety_margin_pre_refine)
frame_10339.jpg: SKIP (Timeout: safety_margin_pre_refine)
frame_10340.jpg: SKIP (Timeout: safety_margin_pre_refine)
frame_10356.jpg: SKIP (Timeout: safety_margin_pre_refine)
frame_10363.jpg: SKIP (Timeout: safety_margin_pre_refine)
frame_10375.jpg: SKIP (Timeout: safety_margin_pre_refine)
frame_10379.jpg: SKIP (Timeout: safety_margin_pre_refine)
frame_10380.jpg: SKIP (Timeout: safety_margin_pre_refine)
frame_10390.jpg: SKIP (Timeout: safety_margin_pre_refine)
frame_10392.jpg: SKIP (Timeout: safety_margin_pre_refine)
frame_10402.jpg: SKIP (Timeout: ransac_inner)
frame_10403.jpg: SKIP (Timeout: ransac_inner)
frame_10404.jpg: SKIP (Timeout: ransac_inner)
frame_10405.jpg: SKIP (Timeout: ransac_inner)
frame_10407.jpg: SKIP (Timeout: safety_margin_pre_refine)
frame_10409.jpg: SKIP (Timeout: safety_margin_pre_refine)
frame_10411.jpg: SKIP (Timeout: safety_margin_pre_refine)
frame_10416.jpg: SKIP (Timeout: ransac_inner)
frame_10422.jpg: SKIP (Timeout: safety_margin_pre_refine)
frame_10424.jpg: SKIP (Timeout: safety_margin_pre_refine)
frame_10444.jpg: SKIP (Timeout: ransac_inner)
frame_10459.jpg: SKIP (Timeout: safety_margin_pre_refine)
frame_10461.jpg: SKIP (Timeout: safety_margin_pre_refine)
frame_10463.jpg: SKIP (Timeout: safety_margin_pre_refine)
frame_10465.jpg: SKIP (Timeout: safety_margin_pre_refine)
frame_10467.jpg: SKIP (Timeout: ransac_inner)
frame_10474.jpg: SKIP (Timeout: safety_margin_pre_refine)
frame_10477.jpg: SKIP (Timeout: safety_margin_pre_refine)
frame_10479.jpg: SKIP (Timeout: safety_margin_pre_refine)
frame_1048.jpg: SKIP (Timeout: ransac_inner)
frame_10492.jpg: SKIP (Timeout: safety_margin_pre_refine)
frame_1050.jpg: SKIP (Timeout: ransac_inner)
frame_10500.jpg: SKIP (Timeout: safety_margin_pre_refine)
frame_10513.jpg: SKIP (Timeout: safety_margin_pre_refine)
frame_10515.jpg: SKIP (Timeout: safety_margin_pre_refine)
frame_10519.jpg: SKIP (Timeout: safety_margin_pre_refine)
frame_1052.jpg: SKIP (Timeout: safety_margin_pre_refine)
frame_10520.jpg: SKIP (Timeout: safety_margin_pre_refine)
frame_10559.jpg: SKIP (Timeout: ransac_inner)
frame_10560.jpg: SKIP (Timeout: ransac_inner)
frame_10562.jpg: SKIP (Timeout: safety_margin_pre_refine)
frame_10573.jpg: SKIP (Timeout: safety_margin_pre_refine)
frame_10578.jpg: SKIP (Timeout: safety_margin_pre_refine)
frame_10579.jpg: SKIP (Timeout: safety_margin_pre_refine)
frame_1058.jpg: SKIP (Timeout: ransac_inner)
frame_10580.jpg: SKIP (Timeout: ransac_inner)
frame_10581.jpg: SKIP (Timeout: ransac_inner)
frame_10582.jpg: SKIP (Timeout: ransac_inner)
frame_10583.jpg: SKIP (Timeout: ransac_inner)
frame_10584.jpg: SKIP (Timeout: ransac_inner)
frame_10585.jpg: SKIP (Timeout: ransac_inner)
frame_10587.jpg: SKIP (Timeout: ransac_inner)
frame_10588.jpg: SKIP (Timeout: ransac_inner)
frame_10589.jpg: SKIP (Timeout: ransac_inner)
frame_10590.jpg: SKIP (Timeout: ransac_inner)
frame_10591.jpg: SKIP (Timeout: safety_margin_pre_refine)
frame_10592.jpg: SKIP (Timeout: ransac_inner)
frame_10593.jpg: SKIP (Timeout: safety_margin_pre_refine)
frame_10594.jpg: SKIP (Timeout: ransac_inner)
frame_10595.jpg: SKIP (Timeout: ransac_inner)
frame_10603.jpg: SKIP (Timeout: safety_margin_pre_refine)
frame_10606.jpg: SKIP (Timeout: ransac_inner)
frame_10612.jpg: SKIP (Timeout: safety_margin_pre_refine)
frame_10624.jpg: SKIP (Timeout: safety_margin_pre_refine)
frame_10625.jpg: SKIP (Timeout: ransac_inner)
frame_1063.jpg: SKIP (Timeout: ransac_inner)
frame_10630.jpg: SKIP (Timeout: safety_margin_pre_refine)
frame_10634.jpg: SKIP (Timeout: safety_margin_pre_refine)
frame_10636.jpg: SKIP (Timeout: safety_margin_pre_refine)
frame_1064.jpg: SKIP (Timeout: safety_margin_pre_refine)
frame_10647.jpg: SKIP (Timeout: safety_margin_pre_refine)
frame_10648.jpg: SKIP (Timeout: safety_margin_pre_refine)
frame_10649.jpg: SKIP (Timeout: safety_margin_pre_refine)
frame_10650.jpg: SKIP (Timeout: ransac_inner)
frame_10651.jpg: SKIP (Timeout: ransac_inner)
frame_10652.jpg: SKIP (Timeout: ransac_inner)
frame_10653.jpg: SKIP (Timeout: ransac_inner)
frame_10655.jpg: SKIP (Timeout: ransac_inner)
frame_10658.jpg: SKIP (Timeout: ransac_inner)
frame_10659.jpg: SKIP (Timeout: safety_margin_pre_refine)
frame_1066.jpg: SKIP (Timeout: safety_margin_pre_refine)
frame_10660.jpg: SKIP (Timeout: ransac_inner)
frame_10662.jpg: SKIP (Timeout: ransac_inner)
frame_10663.jpg: SKIP (Timeout: safety_margin_pre_refine)
frame_10665.jpg: SKIP (Timeout: ransac_inner)
frame_10666.jpg: SKIP (Timeout: ransac_inner)
frame_10670.jpg: SKIP (Timeout: ransac_inner)
frame_10671.jpg: SKIP (Timeout: safety_margin_pre_refine)
frame_10674.jpg: SKIP (Timeout: safety_margin_pre_refine)
frame_10675.jpg: SKIP (Timeout: ransac_inner)
frame_10677.jpg: SKIP (Timeout: ransac_inner)
frame_10678.jpg: SKIP (Timeout: ransac_inner)
frame_10679.jpg: SKIP (Timeout: ransac_inner)
frame_1068.jpg: SKIP (Timeout: safety_margin_pre_refine)
frame_10680.jpg: SKIP (Timeout: ransac_inner)
frame_10681.jpg: SKIP (Timeout: ransac_inner)
frame_10682.jpg: SKIP (Timeout: ransac_inner)
frame_10683.jpg: SKIP (Timeout: ransac_inner)
frame_10684.jpg: SKIP (Timeout: ransac_inner)
frame_10685.jpg: SKIP (Timeout: ransac_inner)
frame_10686.jpg: SKIP (Timeout: ransac_inner)
frame_10687.jpg: SKIP (Timeout: ransac_inner)
frame_10688.jpg: SKIP (Timeout: ransac_inner)
frame_10689.jpg: SKIP (Timeout: safety_margin_pre_refine)
frame_1069.jpg: SKIP (Timeout: ransac_inner)
frame_10690.jpg: SKIP (Timeout: ransac_inner)
frame_10691.jpg: SKIP (Timeout: ransac_inner)
frame_10692.jpg: SKIP (Timeout: ransac_inner)
frame_10693.jpg: SKIP (Timeout: ransac_inner)
frame_10694.jpg: SKIP (Timeout: ransac_inner)
frame_10695.jpg: SKIP (Timeout: ransac_inner)
frame_10696.jpg: SKIP (Timeout: ransac_inner)
frame_10697.jpg: SKIP (Timeout: ransac_inner)
frame_10698.jpg: SKIP (Timeout: ransac_inner)
frame_10699.jpg: SKIP (Timeout: ransac_inner)
frame_10700.jpg: SKIP (Timeout: ransac_inner)
frame_10701.jpg: SKIP (Timeout: ransac_inner)
frame_10702.jpg: SKIP (Timeout: ransac_inner)
frame_10703.jpg: SKIP (Timeout: ransac_inner)
frame_10704.jpg: SKIP (Timeout: ransac_inner)
frame_10705.jpg: SKIP (Timeout: ransac_inner)
frame_10706.jpg: SKIP (Timeout: ransac_inner)
frame_10707.jpg: SKIP (Timeout: ransac_inner)
frame_10708.jpg: SKIP (Timeout: ransac_inner)
frame_10709.jpg: SKIP (Timeout: ransac_inner)
frame_10710.jpg: SKIP (Timeout: ransac_inner)
frame_10711.jpg: SKIP (Timeout: ransac_inner)
frame_10712.jpg: SKIP (Timeout: ransac_inner)
frame_10713.jpg: SKIP (Timeout: ransac_inner)
frame_10722.jpg: SKIP (Timeout: ransac_inner)
frame_10723.jpg: SKIP (Timeout: ransac_inner)
frame_10724.jpg: SKIP (Timeout: ransac_inner)
frame_10725.jpg: SKIP (Timeout: ransac_inner)
frame_10726.jpg: SKIP (Timeout: ransac_inner)
frame_10727.jpg: SKIP (Timeout: ransac_inner)
frame_10728.jpg: SKIP (Timeout: ransac_inner)
frame_10729.jpg: SKIP (Timeout: ransac_inner)
frame_10730.jpg: SKIP (Timeout: ransac_inner)
frame_10731.jpg: SKIP (Timeout: ransac_inner)
frame_10732.jpg: SKIP (Timeout: ransac_inner)
frame_10733.jpg: SKIP (Timeout: ransac_inner)
frame_10734.jpg: SKIP (Timeout: ransac_inner)
frame_10735.jpg: SKIP (Timeout: ransac_inner)
frame_10736.jpg: SKIP (Timeout: ransac_inner)
frame_10737.jpg: SKIP (Timeout: ransac_inner)
frame_10738.jpg: SKIP (Timeout: ransac_inner)
frame_10739.jpg: SKIP (Timeout: ransac_inner)
frame_10740.jpg: SKIP (Timeout: ransac_inner)
frame_10741.jpg: SKIP (Timeout: ransac_inner)
frame_10742.jpg: SKIP (Timeout: ransac_inner)
frame_10743.jpg: SKIP (Timeout: ransac_inner)
frame_10744.jpg: SKIP (Timeout: ransac_inner)
frame_10746.jpg: SKIP (Timeout: ransac_inner)
frame_10747.jpg: SKIP (Timeout: ransac_inner)
frame_10748.jpg: SKIP (Timeout: ransac_inner)
frame_10749.jpg: SKIP (Timeout: ransac_inner)
frame_10750.jpg: SKIP (Timeout: ransac_inner)
frame_10751.jpg: SKIP (Timeout: ransac_inner)
frame_10752.jpg: SKIP (Timeout: ransac_inner)
frame_10753.jpg: SKIP (Timeout: ransac_inner)
frame_10754.jpg: SKIP (Timeout: ransac_inner)
frame_10755.jpg: SKIP (Timeout: ransac_inner)
frame_10756.jpg: SKIP (Timeout: ransac_inner)
frame_10757.jpg: SKIP (Timeout: ransac_inner)
frame_10758.jpg: SKIP (Timeout: ransac_inner)
frame_10759.jpg: SKIP (Timeout: ransac_inner)
frame_10760.jpg: SKIP (Timeout: ransac_inner)
frame_10761.jpg: SKIP (Timeout: ransac_inner)
frame_10762.jpg: SKIP (Timeout: ransac_inner)
frame_10763.jpg: SKIP (Timeout: ransac_inner)
frame_10764.jpg: SKIP (Timeout: ransac_inner)
frame_10765.jpg: SKIP (Timeout: ransac_inner)
frame_10766.jpg: SKIP (Timeout: ransac_inner)
frame_10767.jpg: SKIP (Timeout: ransac_inner)
frame_10768.jpg: SKIP (Timeout: ransac_inner)
frame_10769.jpg: SKIP (Timeout: ransac_inner)
frame_1077.jpg: SKIP (Timeout: safety_margin_pre_refine)
frame_10770.jpg: SKIP (Timeout: ransac_inner)
frame_10771.jpg: SKIP (Timeout: ransac_inner)
frame_10772.jpg: SKIP (Timeout: ransac_inner)
frame_10773.jpg: SKIP (Timeout: ransac_inner)
frame_10774.jpg: SKIP (Timeout: ransac_inner)
frame_10775.jpg: SKIP (Timeout: ransac_inner)
frame_10776.jpg: SKIP (Timeout: ransac_inner)
frame_10777.jpg: SKIP (Timeout: ransac_inner)
frame_10778.jpg: SKIP (Timeout: ransac_inner)
frame_10779.jpg: SKIP (Timeout: ransac_inner)
frame_1078.jpg: SKIP (Timeout: safety_margin_pre_refine)
frame_10780.jpg: SKIP (Timeout: ransac_inner)
frame_10781.jpg: SKIP (Timeout: ransac_inner)
frame_10782.jpg: SKIP (Timeout: ransac_inner)
frame_10783.jpg: SKIP (Timeout: ransac_inner)
frame_10784.jpg: SKIP (Timeout: ransac_inner)
frame_10785.jpg: SKIP (Timeout: ransac_inner)
frame_10786.jpg: SKIP (Timeout: ransac_inner)
frame_10787.jpg: SKIP (Timeout: ransac_inner)
frame_10788.jpg: SKIP (Timeout: ransac_inner)
frame_10789.jpg: SKIP (Timeout: ransac_inner)
frame_1079.jpg: SKIP (Timeout: safety_margin_pre_refine)
frame_10790.jpg: SKIP (Timeout: ransac_inner)
frame_10791.jpg: SKIP (Timeout: ransac_inner)
frame_10792.jpg: SKIP (Timeout: ransac_inner)
frame_10793.jpg: SKIP (Timeout: ransac_inner)
frame_10794.jpg: SKIP (Timeout: ransac_inner)
frame_10795.jpg: SKIP (Timeout: ransac_inner)
frame_10796.jpg: SKIP (Timeout: ransac_inner)
frame_10797.jpg: SKIP (Timeout: ransac_inner)
frame_10799.jpg: SKIP (Timeout: ransac_inner)
frame_10800.jpg: SKIP (Timeout: ransac_inner)
frame_10802.jpg: SKIP (Timeout: ransac_inner)
frame_10803.jpg: SKIP (Timeout: ransac_inner)
frame_10804.jpg: SKIP (Timeout: ransac_inner)
frame_10805.jpg: SKIP (Timeout: ransac_inner)
frame_10806.jpg: SKIP (Timeout: safety_margin_pre_refine)
frame_10807.jpg: SKIP (Timeout: ransac_inner)
frame_10808.jpg: SKIP (Timeout: ransac_inner)
frame_10809.jpg: SKIP (Timeout: safety_margin_pre_refine)
frame_1081.jpg: SKIP (Timeout: safety_margin_pre_refine)
frame_10810.jpg: SKIP (Timeout: ransac_inner)
frame_10811.jpg: SKIP (Timeout: safety_margin_pre_refine)
frame_10812.jpg: SKIP (Timeout: safety_margin_pre_refine)
frame_10815.jpg: SKIP (Timeout: ransac_inner)
frame_10816.jpg: SKIP (Timeout: ransac_inner)
frame_10817.jpg: SKIP (Timeout: ransac_inner)
frame_10818.jpg: SKIP (Timeout: ransac_inner)
frame_10819.jpg: SKIP (Timeout: ransac_inner)
frame_10820.jpg: SKIP (Timeout: ransac_inner)
frame_10821.jpg: SKIP (Timeout: ransac_inner)
frame_10822.jpg: SKIP (Timeout: safety_margin_pre_refine)
frame_10823.jpg: SKIP (Timeout: ransac_inner)
frame_10825.jpg: SKIP (Timeout: ransac_inner)
frame_10826.jpg: SKIP (Timeout: ransac_inner)
frame_10827.jpg: SKIP (Timeout: ransac_inner)
frame_10828.jpg: SKIP (Timeout: ransac_inner)
frame_10829.jpg: SKIP (Timeout: ransac_inner)
frame_10830.jpg: SKIP (Timeout: ransac_inner)
frame_10831.jpg: SKIP (Timeout: ransac_inner)
frame_10832.jpg: SKIP (Timeout: ransac_inner)
frame_10833.jpg: SKIP (Timeout: ransac_inner)
frame_10834.jpg: SKIP (Timeout: ransac_inner)
frame_10835.jpg: SKIP (Timeout: ransac_inner)
frame_10836.jpg: SKIP (Timeout: ransac_inner)
frame_10837.jpg: SKIP (Timeout: ransac_inner)
frame_10838.jpg: SKIP (Timeout: ransac_inner)
frame_10839.jpg: SKIP (Timeout: ransac_inner)
frame_10840.jpg: SKIP (Timeout: ransac_inner)
frame_10841.jpg: SKIP (Timeout: ransac_inner)
frame_10842.jpg: SKIP (Timeout: ransac_inner)
frame_10843.jpg: SKIP (Timeout: ransac_inner)
frame_10844.jpg: SKIP (Timeout: ransac_inner)
frame_10845.jpg: SKIP (Timeout: ransac_inner)
frame_10846.jpg: SKIP (Timeout: ransac_inner)
frame_10847.jpg: SKIP (Timeout: ransac_inner)
frame_10848.jpg: SKIP (Timeout: ransac_inner)
frame_10850.jpg: SKIP (Timeout: ransac_inner)
frame_10851.jpg: SKIP (Timeout: ransac_inner)
frame_10852.jpg: SKIP (Timeout: ransac_inner)
frame_10853.jpg: SKIP (Timeout: ransac_inner)
frame_10854.jpg: FAILED (Not enough lines)
frame_10855.jpg: FAILED (Not enough lines)
frame_10856.jpg: FAILED (Not enough lines)
frame_10857.jpg: FAILED (Not enough lines)
frame_10858.jpg: FAILED (Not enough lines)
frame_10859.jpg: FAILED (Not enough lines)
frame_10860.jpg: FAILED (Not enough lines)
frame_10861.jpg: FAILED (Not enough lines)
frame_10862.jpg: FAILED (Not enough lines)
frame_10863.jpg: FAILED (Not enough lines)
frame_10864.jpg: FAILED (Not enough lines)
frame_10865.jpg: FAILED (Not enough lines)
frame_10866.jpg: FAILED (Not enough lines)
frame_10867.jpg: FAILED (Not enough lines)
frame_10868.jpg: FAILED (Not enough lines)
frame_10869.jpg: FAILED (Not enough lines)
frame_10870.jpg: FAILED (Not enough lines)
frame_10871.jpg: FAILED (Not enough lines)
frame_10872.jpg: FAILED (Not enough lines)
frame_10873.jpg: FAILED (Not enough lines)
frame_10874.jpg: FAILED (Not enough lines)
frame_10875.jpg: FAILED (Not enough lines)
frame_10876.jpg: FAILED (Not enough lines)
frame_10877.jpg: FAILED (Not enough lines)
frame_10878.jpg: FAILED (Not enough lines)
frame_10879.jpg: SKIP (Timeout: ransac_inner)
frame_1088.jpg: SKIP (Timeout: safety_margin_pre_refine)
frame_10880.jpg: SKIP (Timeout: ransac_inner)
frame_10881.jpg: SKIP (Timeout: ransac_inner)
frame_10882.jpg: SKIP (Timeout: ransac_inner)
frame_10884.jpg: SKIP (Timeout: safety_margin_pre_refine)
frame_1090.jpg: SKIP (Timeout: safety_margin_pre_refine)
frame_10901.jpg: SKIP (Timeout: safety_margin_pre_refine)
frame_10904.jpg: SKIP (Timeout: safety_margin_pre_refine)
